
 Start         Length     Name                   Class
 0001:00401000 000E000CH .text                   CODE
 0002:004E2000 00000E64H .itext                  ICODE
 0003:004E3000 00002570H .data                   DATA
 0004:004E6000 000054E8H .bss                    BSS
 0005:00000000 0000003CH .tls                    TLS
 000A:00000000 00000000H .xdata                  PDATA


Detailed map of segments

 0001:00000000 00009388 C=CODE     S=.text    G=(none)   M=System   ACBP=A9
 0001:00009388 00000110 C=CODE     S=.text    G=(none)   M=SysInit  ACBP=A9
 0001:00009498 000003FC C=CODE     S=.text    G=(none)   M=Types    ACBP=A9
 0001:00009894 00001774 C=CODE     S=.text    G=(none)   M=Windows  ACBP=A9
 0001:0000B008 00000338 C=CODE     S=.text    G=(none)   M=SysConst ACBP=A9
 0001:0000B340 00000198 C=CODE     S=.text    G=(none)   M=RTLConsts ACBP=A9
 0001:0000B4D8 00009118 C=CODE     S=.text    G=(none)   M=Character ACBP=A9
 0001:000145F0 0000041C C=CODE     S=.text    G=(none)   M=ExcUtils ACBP=A9
 0001:00014A0C 0000C0B8 C=CODE     S=.text    G=(none)   M=SysUtils ACBP=A9
 0001:00020AC4 00000258 C=CODE     S=.text    G=(none)   M=Messages ACBP=A9
 0001:00020D1C 0000018C C=CODE     S=.text    G=(none)   M=ActiveX  ACBP=A9
 0001:00020EA8 00000800 C=CODE     S=.text    G=(none)   M=VarUtils ACBP=A9
 0001:000216A8 00007FC8 C=CODE     S=.text    G=(none)   M=Variants ACBP=A9
 0001:00029670 00001760 C=CODE     S=.text    G=(none)   M=TypInfo  ACBP=A9
 0001:0002ADD0 00018FE8 C=CODE     S=.text    G=(none)   M=Classes  ACBP=A9
 0001:00043DB8 00000028 C=CODE     S=.text    G=(none)   M=Math     ACBP=A9
 0001:00043DE0 00000038 C=CODE     S=.text    G=(none)   M=TimeSpan ACBP=A9
 0001:00043E18 00001274 C=CODE     S=.text    G=(none)   M=SyncObjs ACBP=A9
 0001:0004508C 00019B50 C=CODE     S=.text    G=(none)   M=ceflib   ACBP=A9
 0001:0005EBDC 00000134 C=CODE     S=.text    G=(none)   M=StrUtils ACBP=A9
 0001:0005ED10 0000056C C=CODE     S=.text    G=(none)   M=IOUtils  ACBP=A9
 0001:0005F27C 00000080 C=CODE     S=.text    G=(none)   M=IniFiles ACBP=A9
 0001:0005F2FC 000018B0 C=CODE     S=.text    G=(none)   M=Registry ACBP=A9
 0001:00060BAC 00000288 C=CODE     S=.text    G=(none)   M=Consts   ACBP=A9
 0001:00060E34 0000D530 C=CODE     S=.text    G=(none)   M=Graphics ACBP=A9
 0001:0006E364 00000E6C C=CODE     S=.text    G=(none)   M=Contnrs  ACBP=A9
 0001:0006F1D0 000001A4 C=CODE     S=.text    G=(none)   M=CommCtrl ACBP=A9
 0001:0006F374 00000D58 C=CODE     S=.text    G=(none)   M=UxTheme  ACBP=A9
 0001:000700CC 0000003C C=CODE     S=.text    G=(none)   M=MultiMon ACBP=A9
 0001:00070108 000028C8 C=CODE     S=.text    G=(none)   M=ActnList ACBP=A9
 0001:000729D0 00000064 C=CODE     S=.text    G=(none)   M=Dwmapi   ACBP=A9
 0001:00072A34 0001F070 C=CODE     S=.text    G=(none)   M=Controls ACBP=A9
 0001:00091AA4 00004DA8 C=CODE     S=.text    G=(none)   M=Themes   ACBP=A9
 0001:0009684C 00002E10 C=CODE     S=.text    G=(none)   M=ImgList  ACBP=A9
 0001:0009965C 000095E0 C=CODE     S=.text    G=(none)   M=Menus    ACBP=A9
 0001:000A2C3C 00002068 C=CODE     S=.text    G=(none)   M=HelpIntfs ACBP=A9
 0001:000A4CA4 00000388 C=CODE     S=.text    G=(none)   M=FlatSB   ACBP=A9
 0001:000A502C 00000014 C=CODE     S=.text    G=(none)   M=Printers ACBP=A9
 0001:000A5040 00000008 C=CODE     S=.text    G=(none)   M=ShellAPI ACBP=A9
 0001:000A5048 000001F8 C=CODE     S=.text    G=(none)   M=ShlObj   ACBP=A9
 0001:000A5240 000022D8 C=CODE     S=.text    G=(none)   M=StdCtrls ACBP=A9
 0001:000A7518 00000258 C=CODE     S=.text    G=(none)   M=CommDlg  ACBP=A9
 0001:000A7770 0000178C C=CODE     S=.text    G=(none)   M=GraphUtil ACBP=A9
 0001:000A8EFC 00002FE8 C=CODE     S=.text    G=(none)   M=ExtCtrls ACBP=A9
 0001:000ABEE4 00002BA8 C=CODE     S=.text    G=(none)   M=ComCtrls ACBP=A9
 0001:000AEA8C 00000048 C=CODE     S=.text    G=(none)   M=WideStrUtils ACBP=A9
 0001:000AEAD4 000068BC C=CODE     S=.text    G=(none)   M=Dialogs  ACBP=A9
 0001:000B5390 00000014 C=CODE     S=.text    G=(none)   M=Clipbrd  ACBP=A9
 0001:000B53A4 0000018C C=CODE     S=.text    G=(none)   M=StdActns ACBP=A9
 0001:000B5530 00014D9C C=CODE     S=.text    G=(none)   M=Forms    ACBP=A9
 0001:000CA2CC 00004A64 C=CODE     S=.text    G=(none)   M=cefgui   ACBP=A9
 0001:000CED30 00001728 C=CODE     S=.text    G=(none)   M=AppEvnts ACBP=A9
 0001:000D0458 00002B30 C=CODE     S=.text    G=(none)   M=cefvcl   ACBP=A9
 0001:000D2F88 00003784 C=CODE     S=.text    G=(none)   M=Buttons  ACBP=A9
 0001:000D670C 000002F4 C=CODE     S=.text    G=(none)   M=uCommon  ACBP=A9
 0001:000D6A00 00000100 C=CODE     S=.text    G=(none)   M=uConst   ACBP=A9
 0001:000D6B00 00000860 C=CODE     S=.text    G=(none)   M=uWDAppCef ACBP=A9
 0001:000D7360 00002A94 C=CODE     S=.text    G=(none)   M=fMain    ACBP=A9
 0001:000D9DF4 000009E8 C=CODE     S=.text    G=(none)   M=uScheme  ACBP=A9
 0001:000DA7DC 00005830 C=CODE     S=.text    G=(none)   M=WDApp    ACBP=A9
 0002:00000000 000000AC C=ICODE    S=.itext   G=(none)   M=System   ACBP=A9
 0002:000000AC 00000018 C=ICODE    S=.itext   G=(none)   M=Windows  ACBP=A9
 0002:000000C4 00000020 C=ICODE    S=.itext   G=(none)   M=ExcUtils ACBP=A9
 0002:000000E4 000000C4 C=ICODE    S=.itext   G=(none)   M=SysUtils ACBP=A9
 0002:000001A8 00000010 C=ICODE    S=.itext   G=(none)   M=VarUtils ACBP=A9
 0002:000001B8 000000AC C=ICODE    S=.itext   G=(none)   M=Variants ACBP=A9
 0002:00000264 00000008 C=ICODE    S=.itext   G=(none)   M=TypInfo  ACBP=A9
 0002:0000026C 000000AC C=ICODE    S=.itext   G=(none)   M=Classes  ACBP=A9
 0002:00000318 00000034 C=ICODE    S=.itext   G=(none)   M=TimeSpan ACBP=A9
 0002:0000034C 00000010 C=ICODE    S=.itext   G=(none)   M=SyncObjs ACBP=A9
 0002:0000035C 00000018 C=ICODE    S=.itext   G=(none)   M=ceflib   ACBP=A9
 0002:00000374 00000460 C=ICODE    S=.itext   G=(none)   M=IOUtils  ACBP=A9
 0002:000007D4 00000008 C=ICODE    S=.itext   G=(none)   M=IniFiles ACBP=A9
 0002:000007DC 00000008 C=ICODE    S=.itext   G=(none)   M=Registry ACBP=A9
 0002:000007E4 000000FC C=ICODE    S=.itext   G=(none)   M=Graphics ACBP=A9
 0002:000008E0 0000001C C=ICODE    S=.itext   G=(none)   M=UxTheme  ACBP=A9
 0002:000008FC 0000002C C=ICODE    S=.itext   G=(none)   M=ActnList ACBP=A9
 0002:00000928 00000088 C=ICODE    S=.itext   G=(none)   M=Controls ACBP=A9
 0002:000009B0 00000008 C=ICODE    S=.itext   G=(none)   M=Themes   ACBP=A9
 0002:000009B8 00000088 C=ICODE    S=.itext   G=(none)   M=Menus    ACBP=A9
 0002:00000A40 00000008 C=ICODE    S=.itext   G=(none)   M=HelpIntfs ACBP=A9
 0002:00000A48 00000010 C=ICODE    S=.itext   G=(none)   M=FlatSB   ACBP=A9
 0002:00000A58 00000008 C=ICODE    S=.itext   G=(none)   M=Printers ACBP=A9
 0002:00000A60 00000088 C=ICODE    S=.itext   G=(none)   M=GraphUtil ACBP=A9
 0002:00000AE8 00000054 C=ICODE    S=.itext   G=(none)   M=ExtCtrls ACBP=A9
 0002:00000B3C 0000003C C=ICODE    S=.itext   G=(none)   M=ComCtrls ACBP=A9
 0002:00000B78 00000040 C=ICODE    S=.itext   G=(none)   M=Dialogs  ACBP=A9
 0002:00000BB8 00000078 C=ICODE    S=.itext   G=(none)   M=Clipbrd  ACBP=A9
 0002:00000C30 0000005C C=ICODE    S=.itext   G=(none)   M=Forms    ACBP=A9
 0002:00000C8C 00000034 C=ICODE    S=.itext   G=(none)   M=AppEvnts ACBP=A9
 0002:00000CC0 00000028 C=ICODE    S=.itext   G=(none)   M=Buttons  ACBP=A9
 0002:00000CE8 00000008 C=ICODE    S=.itext   G=(none)   M=uConst   ACBP=A9
 0002:00000CF0 0000000C C=ICODE    S=.itext   G=(none)   M=uWDAppCef ACBP=A9
 0002:00000CFC 00000078 C=ICODE    S=.itext   G=(none)   M=fMain    ACBP=A9
 0002:00000D74 00000008 C=ICODE    S=.itext   G=(none)   M=uScheme  ACBP=A9
 0002:00000D7C 000000E8 C=ICODE    S=.itext   G=(none)   M=WDApp    ACBP=A9
 0003:00000000 000009F4 C=DATA     S=.data    G=DGROUP   M=System   ACBP=A9
 0003:000009F4 00000024 C=DATA     S=.data    G=DGROUP   M=SysInit  ACBP=A9
 0003:00000A18 0000000C C=DATA     S=.data    G=DGROUP   M=Windows  ACBP=A9
 0003:00000A24 00000100 C=DATA     S=.data    G=DGROUP   M=Character ACBP=A9
 0003:00000B24 00000118 C=DATA     S=.data    G=DGROUP   M=ExcUtils ACBP=A9
 0003:00000C3C 000001E4 C=DATA     S=.data    G=DGROUP   M=SysUtils ACBP=A9
 0003:00000E20 00000008 C=DATA     S=.data    G=DGROUP   M=VarUtils ACBP=A9
 0003:00000E28 00000140 C=DATA     S=.data    G=DGROUP   M=Variants ACBP=A9
 0003:00000F68 0000000C C=DATA     S=.data    G=DGROUP   M=TypInfo  ACBP=A9
 0003:00000F74 0000008C C=DATA     S=.data    G=DGROUP   M=Classes  ACBP=A9
 0003:00001000 0000006C C=DATA     S=.data    G=DGROUP   M=ceflib   ACBP=A9
 0003:0000106C 00000010 C=DATA     S=.data    G=DGROUP   M=IOUtils  ACBP=A9
 0003:0000107C 0000000C C=DATA     S=.data    G=DGROUP   M=IniFiles ACBP=A9
 0003:00001088 00000024 C=DATA     S=.data    G=DGROUP   M=Registry ACBP=A9
 0003:000010AC 000003C4 C=DATA     S=.data    G=DGROUP   M=Graphics ACBP=A9
 0003:00001470 000001B8 C=DATA     S=.data    G=DGROUP   M=Controls ACBP=A9
 0003:00001628 00000068 C=DATA     S=.data    G=DGROUP   M=Themes   ACBP=A9
 0003:00001690 00000044 C=DATA     S=.data    G=DGROUP   M=ImgList  ACBP=A9
 0003:000016D4 00000140 C=DATA     S=.data    G=DGROUP   M=Menus    ACBP=A9
 0003:00001814 00000004 C=DATA     S=.data    G=DGROUP   M=Printers ACBP=A9
 0003:00001818 00000020 C=DATA     S=.data    G=DGROUP   M=ShlObj   ACBP=A9
 0003:00001838 00000054 C=DATA     S=.data    G=DGROUP   M=StdCtrls ACBP=A9
 0003:0000188C 00000450 C=DATA     S=.data    G=DGROUP   M=GraphUtil ACBP=A9
 0003:00001CDC 00000020 C=DATA     S=.data    G=DGROUP   M=ExtCtrls ACBP=A9
 0003:00001CFC 00000020 C=DATA     S=.data    G=DGROUP   M=ComCtrls ACBP=A9
 0003:00001D1C 00000198 C=DATA     S=.data    G=DGROUP   M=Dialogs  ACBP=A9
 0003:00001EB4 00000140 C=DATA     S=.data    G=DGROUP   M=Forms    ACBP=A9
 0003:00001FF4 00000004 C=DATA     S=.data    G=DGROUP   M=AppEvnts ACBP=A9
 0003:00001FF8 0000000C C=DATA     S=.data    G=DGROUP   M=cefvcl   ACBP=A9
 0003:00002004 00000048 C=DATA     S=.data    G=DGROUP   M=Buttons  ACBP=A9
 0003:0000204C 0000000C C=DATA     S=.data    G=DGROUP   M=uConst   ACBP=A9
 0003:00002058 00000020 C=DATA     S=.data    G=DGROUP   M=fMain    ACBP=A9
 0004:00000000 00002C30 C=BSS      S=.bss     G=DGROUP   M=System   ACBP=A9
 0004:00002C30 0000000C C=BSS      S=.bss     G=DGROUP   M=SysInit  ACBP=A9
 0004:00002C3C 00000008 C=BSS      S=.bss     G=DGROUP   M=Windows  ACBP=A9
 0004:00002C44 0000001C C=BSS      S=.bss     G=DGROUP   M=Character ACBP=A9
 0004:00002C60 00000004 C=BSS      S=.bss     G=DGROUP   M=ExcUtils ACBP=A9
 0004:00002C64 00002250 C=BSS      S=.bss     G=DGROUP   M=SysUtils ACBP=A9
 0004:00004EB4 0000005C C=BSS      S=.bss     G=DGROUP   M=VarUtils ACBP=A9
 0004:00004F10 00000040 C=BSS      S=.bss     G=DGROUP   M=Variants ACBP=A9
 0004:00004F50 00000004 C=BSS      S=.bss     G=DGROUP   M=TypInfo  ACBP=A9
 0004:00004F54 00000038 C=BSS      S=.bss     G=DGROUP   M=Classes  ACBP=A9
 0004:00004F8C 00000014 C=BSS      S=.bss     G=DGROUP   M=TimeSpan ACBP=A9
 0004:00004FA0 00000018 C=BSS      S=.bss     G=DGROUP   M=SyncObjs ACBP=A9
 0004:00004FB8 00000214 C=BSS      S=.bss     G=DGROUP   M=ceflib   ACBP=A9
 0004:000051CC 00000024 C=BSS      S=.bss     G=DGROUP   M=IOUtils  ACBP=A9
 0004:000051F0 00000004 C=BSS      S=.bss     G=DGROUP   M=IniFiles ACBP=A9
 0004:000051F4 00000004 C=BSS      S=.bss     G=DGROUP   M=Registry ACBP=A9
 0004:000051F8 00000064 C=BSS      S=.bss     G=DGROUP   M=Graphics ACBP=A9
 0004:0000525C 00000008 C=BSS      S=.bss     G=DGROUP   M=CommCtrl ACBP=A9
 0004:00005264 000000CC C=BSS      S=.bss     G=DGROUP   M=UxTheme  ACBP=A9
 0004:00005330 00000004 C=BSS      S=.bss     G=DGROUP   M=ActnList ACBP=A9
 0004:00005334 0000008C C=BSS      S=.bss     G=DGROUP   M=Controls ACBP=A9
 0004:000053C0 0000000C C=BSS      S=.bss     G=DGROUP   M=Themes   ACBP=A9
 0004:000053CC 00000008 C=BSS      S=.bss     G=DGROUP   M=ImgList  ACBP=A9
 0004:000053D4 00000010 C=BSS      S=.bss     G=DGROUP   M=Menus    ACBP=A9
 0004:000053E4 00000008 C=BSS      S=.bss     G=DGROUP   M=HelpIntfs ACBP=A9
 0004:000053EC 00000034 C=BSS      S=.bss     G=DGROUP   M=FlatSB   ACBP=A9
 0004:00005420 00000004 C=BSS      S=.bss     G=DGROUP   M=Printers ACBP=A9
 0004:00005424 00000010 C=BSS      S=.bss     G=DGROUP   M=GraphUtil ACBP=A9
 0004:00005434 00000008 C=BSS      S=.bss     G=DGROUP   M=ExtCtrls ACBP=A9
 0004:0000543C 00000010 C=BSS      S=.bss     G=DGROUP   M=ComCtrls ACBP=A9
 0004:0000544C 0000000C C=BSS      S=.bss     G=DGROUP   M=Dialogs  ACBP=A9
 0004:00005458 0000000C C=BSS      S=.bss     G=DGROUP   M=Clipbrd  ACBP=A9
 0004:00005464 00000028 C=BSS      S=.bss     G=DGROUP   M=Forms    ACBP=A9
 0004:0000548C 00000004 C=BSS      S=.bss     G=DGROUP   M=AppEvnts ACBP=A9
 0004:00005490 00000030 C=BSS      S=.bss     G=DGROUP   M=Buttons  ACBP=A9
 0004:000054C0 00000004 C=BSS      S=.bss     G=DGROUP   M=uConst   ACBP=A9
 0004:000054C4 0000000C C=BSS      S=.bss     G=DGROUP   M=uWDAppCef ACBP=A9
 0004:000054D0 00000008 C=BSS      S=.bss     G=DGROUP   M=fMain    ACBP=A9
 0004:000054D8 00000008 C=BSS      S=.bss     G=DGROUP   M=uScheme  ACBP=A9
 0004:000054E0 00000008 C=BSS      S=.bss     G=DGROUP   M=WDApp    ACBP=A9
 0005:00000000 00000008 C=TLS      S=.tls     G=(none)   M=System   ACBP=A9
 0005:00000008 0000000C C=TLS      S=.tls     G=(none)   M=Classes  ACBP=A9
 0005:00000014 00000004 C=TLS      S=.tls     G=(none)   M=SyncObjs ACBP=A9
 0005:00000018 00000024 C=TLS      S=.tls     G=(none)   M=GraphUtil ACBP=A9


  Address             Publics by Name

 0001:00020E80       ActiveX.CoCreateInstance
 0001:00020E88       ActiveX.CoTaskMemAlloc
 0001:00020E90       ActiveX.CoTaskMemFree
 0001:00020E98       ActiveX.OleInitialize
 0001:00020EA0       ActiveX.OleUninitialize
 0004:00005330       ActnList..9
 0001:000714BC       ActnList..TAction
 0001:0007188C       ActnList..TActionLink
 0001:00070A94       ActnList..TActionList
 0001:00070410       ActnList..TActionListEnumerator
 0001:00070108       ActnList..TContainedAction
 0001:00070E88       ActnList..TCustomAction
 0001:00070680       ActnList..TCustomActionList
 0001:00070C60       ActnList..TShortCutList
 0002:000008FC       ActnList.ActnList
 0001:000729C8       ActnList.Finalization
 0001:00072948       ActnList.TAction.Create
 0001:00071FD4       ActnList.TActionLink.IsCaptionLinked
 0001:00071FE8       ActnList.TActionLink.IsCheckedLinked
 0001:00071FFC       ActnList.TActionLink.IsEnabledLinked
 0001:00072010       ActnList.TActionLink.IsGroupIndexLinked
 0001:00072024       ActnList.TActionLink.IsHelpContextLinked
 0001:00072038       ActnList.TActionLink.IsHelpLinked
 0001:0007204C       ActnList.TActionLink.IsHintLinked
 0001:00072060       ActnList.TActionLink.IsImageIndexLinked
 0001:00072074       ActnList.TActionLink.IsShortCutLinked
 0001:00072088       ActnList.TActionLink.IsVisibleLinked
 0001:0007209C       ActnList.TActionLink.SetAutoCheck
 0001:000720A0       ActnList.TActionLink.SetCaption
 0001:000720A4       ActnList.TActionLink.SetChecked
 0001:000720A8       ActnList.TActionLink.SetEnabled
 0001:000720AC       ActnList.TActionLink.SetGroupIndex
 0001:000720B0       ActnList.TActionLink.SetHelpContext
 0001:000720B4       ActnList.TActionLink.SetHelpKeyword
 0001:000720B8       ActnList.TActionLink.SetHelpType
 0001:000720BC       ActnList.TActionLink.SetHint
 0001:000720C0       ActnList.TActionLink.SetImageIndex
 0001:000720C4       ActnList.TActionLink.SetShortCut
 0001:000720C8       ActnList.TActionLink.SetVisible
 0001:00071BA8       ActnList.TActionListEnumerator.GetCurrent
 0001:00071994       ActnList.TContainedAction.Destroy
 0001:00071B00       ActnList.TContainedAction.Execute
 0001:000719C8       ActnList.TContainedAction.GetIndex
 0001:000719E4       ActnList.TContainedAction.GetParentComponent
 0001:000719F4       ActnList.TContainedAction.HasParent
 0001:000719E0       ActnList.TContainedAction.IsCategoryStored
 0001:00071A04       ActnList.TContainedAction.ReadState
 0001:00071AAC       ActnList.TContainedAction.SetActionList
 0001:00071A80       ActnList.TContainedAction.SetCategory
 0001:00071A38       ActnList.TContainedAction.SetIndex
 0001:00071AD4       ActnList.TContainedAction.SetParentComponent
 0001:00071B58       ActnList.TContainedAction.Update
 0001:00072178       ActnList.TCustomAction.AssignTo
 0001:000720CC       ActnList.TCustomAction.Create
 0001:00072120       ActnList.TCustomAction.Destroy
 0001:00072804       ActnList.TCustomAction.DoHint
 0001:0007282C       ActnList.TCustomAction.Execute
 0001:00072890       ActnList.TCustomAction.GetSecondaryShortCuts
 0001:00072910       ActnList.TCustomAction.HandleShortCut
 0001:000728EC       ActnList.TCustomAction.IsSecondaryShortCutsStored
 0001:00072284       ActnList.TCustomAction.SetAutoCheck
 0001:000722E4       ActnList.TCustomAction.SetCaption
 0001:00072344       ActnList.TCustomAction.SetChecked
 0001:0007244C       ActnList.TCustomAction.SetEnabled
 0001:000724C8       ActnList.TCustomAction.SetGroupIndex
 0001:000725E0       ActnList.TCustomAction.SetHelpContext
 0001:00072578       ActnList.TCustomAction.SetHelpKeyword
 0001:00072520       ActnList.TCustomAction.SetHelpType
 0001:00072638       ActnList.TCustomAction.SetHint
 0001:00072698       ActnList.TCustomAction.SetImageIndex
 0001:000727B8       ActnList.TCustomAction.SetName
 0001:000728B8       ActnList.TCustomAction.SetSecondaryShortCuts
 0001:000726F4       ActnList.TCustomAction.SetShortCut
 0001:00072758       ActnList.TCustomAction.SetVisible
 0001:00071D9C       ActnList.TCustomActionList.AddAction
 0001:00071DE4       ActnList.TCustomActionList.Change
 0001:00071BB4       ActnList.TCustomActionList.Create
 0001:00071C20       ActnList.TCustomActionList.Destroy
 0001:00071EF0       ActnList.TCustomActionList.ExecuteAction
 0001:00071CF0       ActnList.TCustomActionList.GetAction
 0001:00071D04       ActnList.TCustomActionList.GetActionCount
 0001:00071C78       ActnList.TCustomActionList.GetChildren
 0001:00071D40       ActnList.TCustomActionList.ImageListChange
 0001:00071E4C       ActnList.TCustomActionList.IsShortCut
 0001:00071D4C       ActnList.TCustomActionList.Notification
 0001:00071DBC       ActnList.TCustomActionList.RemoveAction
 0001:00071CC0       ActnList.TCustomActionList.SetChildOrder
 0001:00071D0C       ActnList.TCustomActionList.SetImages
 0001:00071F30       ActnList.TCustomActionList.SetState
 0001:00071F10       ActnList.TCustomActionList.UpdateAction
 0001:0007291C       ActnList.TShortCutList.Add
 0001:00072984       ActnList.TShortCutList.IndexOfShortCut
 0004:0000548C       AppEvnts..3
 0001:000CF034       AppEvnts..TApplicationEvents
 0001:000CED30       AppEvnts..TCustomApplicationEvents
 0001:000CF3CC       AppEvnts..TMultiCaster
 0002:00000C8C       AppEvnts.AppEvnts
 0001:000D0450       AppEvnts.Finalization
 0003:00001FF4       AppEvnts.MultiCaster
 0001:000CF6A0       AppEvnts.TCustomApplicationEvents.Create
 0001:000CF6EC       AppEvnts.TCustomApplicationEvents.DoActionExecute
 0001:000CF700       AppEvnts.TCustomApplicationEvents.DoActionUpdate
 0001:000CF714       AppEvnts.TCustomApplicationEvents.DoActivate
 0001:000CF728       AppEvnts.TCustomApplicationEvents.DoDeactivate
 0001:000CF73C       AppEvnts.TCustomApplicationEvents.DoException
 0001:000CF76C       AppEvnts.TCustomApplicationEvents.DoHelp
 0001:000CF78C       AppEvnts.TCustomApplicationEvents.DoHint
 0001:000CF804       AppEvnts.TCustomApplicationEvents.DoIdle
 0001:000CF818       AppEvnts.TCustomApplicationEvents.DoMessage
 0001:000CF82C       AppEvnts.TCustomApplicationEvents.DoMinimize
 0001:000CF8D4       AppEvnts.TCustomApplicationEvents.DoModalBegin
 0001:000CF8F0       AppEvnts.TCustomApplicationEvents.DoModalEnd
 0001:000CF848       AppEvnts.TCustomApplicationEvents.DoRestore
 0001:000CF8A8       AppEvnts.TCustomApplicationEvents.DoSettingChange
 0001:000CF864       AppEvnts.TCustomApplicationEvents.DoShortcut
 0001:000CF880       AppEvnts.TCustomApplicationEvents.DoShowHint
 0001:000CF90C       AppEvnts.TMultiCaster.AddAppEvent
 0001:000CF930       AppEvnts.TMultiCaster.BeginDispatch
 0001:000CF934       AppEvnts.TMultiCaster.Create
 0001:000CFAAC       AppEvnts.TMultiCaster.Destroy
 0001:000CFBE8       AppEvnts.TMultiCaster.DoActionExecute
 0001:000CFC64       AppEvnts.TMultiCaster.DoActionUpdate
 0001:000CFCE0       AppEvnts.TMultiCaster.DoActivate
 0001:000CFD54       AppEvnts.TMultiCaster.DoDeactivate
 0001:000CFDC8       AppEvnts.TMultiCaster.DoException
 0001:000CFE84       AppEvnts.TMultiCaster.DoHelp
 0001:000CFF24       AppEvnts.TMultiCaster.DoHint
 0001:000CFF98       AppEvnts.TMultiCaster.DoIdle
 0001:000D0014       AppEvnts.TMultiCaster.DoMessage
 0001:000D0090       AppEvnts.TMultiCaster.DoMinimize
 0001:000D0368       AppEvnts.TMultiCaster.DoModalBegin
 0001:000D03DC       AppEvnts.TMultiCaster.DoModalEnd
 0001:000D0104       AppEvnts.TMultiCaster.DoRestore
 0001:000D0274       AppEvnts.TMultiCaster.DoSettingChange
 0001:000D0178       AppEvnts.TMultiCaster.DoShortcut
 0001:000D01F4       AppEvnts.TMultiCaster.DoShowHint
 0001:000D02F8       AppEvnts.TMultiCaster.EndDispatch
 0001:000D034C       AppEvnts.TMultiCaster.GetAppEvents
 0001:000D0360       AppEvnts.TMultiCaster.GetCount
 0004:00005490       Buttons..5
 0001:000D3E8C       Buttons..TButtonGlyph
 0001:000D3CC0       Buttons..TGlyphCache
 0001:000D3A84       Buttons..TGlyphList
 0001:000D31FC       Buttons..TSpeedButton
 0001:000D304C       Buttons..TSpeedButtonActionLink
 0003:00002004       Buttons.BitBtnCaptions
 0004:00005494       Buttons.BitBtnGlyphs
 0003:00002034       Buttons.ButtonCount
 0002:00000CC0       Buttons.Buttons
 0001:000D6664       Buttons.DestroyLocals
 0001:000D4DB4       Buttons.DoDrawText
 0001:000D5794       Buttons.DoGlassPaint
 0003:00002038       Buttons.DownStyles
 0003:00002040       Buttons.FillStyles
 0001:000D66FC       Buttons.Finalization
 0003:00002030       Buttons.GlyphCache
 0003:00002048       Buttons.NewState
 0001:000D5008       Buttons.TButtonGlyph.CalcButtonLayout
 0001:000D4404       Buttons.TButtonGlyph.Create
 0001:000D460C       Buttons.TButtonGlyph.CreateButtonGlyph
 0001:000D449C       Buttons.TButtonGlyph.Destroy
 0001:000D5394       Buttons.TButtonGlyph.Draw
 0001:000D4BE0       Buttons.TButtonGlyph.DrawButtonGlyph
 0001:000D4F3C       Buttons.TButtonGlyph.DrawButtonText
 0001:000D453C       Buttons.TButtonGlyph.GlyphChanged
 0001:000D44F8       Buttons.TButtonGlyph.Invalidate
 0001:000D456C       Buttons.TButtonGlyph.SetGlyph
 0001:000D45E4       Buttons.TButtonGlyph.SetNumGlyphs
 0001:000D42FC       Buttons.TGlyphCache.Create
 0001:000D4340       Buttons.TGlyphCache.Destroy
 0001:000D43F8       Buttons.TGlyphCache.Empty
 0001:000D4370       Buttons.TGlyphCache.GetList
 0001:000D43D0       Buttons.TGlyphCache.ReturnList
 0001:000D42A0       Buttons.TGlyphList.AddMasked
 0001:000D4254       Buttons.TGlyphList.AllocateIndex
 0001:000D41D0       Buttons.TGlyphList.CreateSize
 0001:000D42CC       Buttons.TGlyphList.Delete
 0001:000D4224       Buttons.TGlyphList.Destroy
 0001:000D656C       Buttons.TSpeedButton.ActionChange
 0001:000D600C       Buttons.TSpeedButton.Click
 0001:000D6320       Buttons.TSpeedButton.CMButtonPressed
 0001:000D6394       Buttons.TSpeedButton.CMDialogChar
 0001:000D62EC       Buttons.TSpeedButton.CMEnabledChanged
 0001:000D642C       Buttons.TSpeedButton.CMFontChanged
 0001:000D6468       Buttons.TSpeedButton.CMMouseEnter
 0001:000D64E4       Buttons.TSpeedButton.CMMouseLeave
 0001:000D6444       Buttons.TSpeedButton.CMSysColorChange
 0001:000D6438       Buttons.TSpeedButton.CMTextChanged
 0001:000D654C       Buttons.TSpeedButton.CopyImage
 0001:000D569C       Buttons.TSpeedButton.Create
 0001:000D575C       Buttons.TSpeedButton.Destroy
 0001:000D6028       Buttons.TSpeedButton.GetActionLinkClass
 0001:000D6030       Buttons.TSpeedButton.GetGlyph
 0001:000D6058       Buttons.TSpeedButton.GetNumGlyphs
 0001:000D6014       Buttons.TSpeedButton.GetPalette
 0001:000D6094       Buttons.TSpeedButton.GlyphChanged
 0001:000D60A0       Buttons.TSpeedButton.HasCustomGlyph
 0001:000D60CC       Buttons.TSpeedButton.InternalCopyImage
 0001:000D5DDC       Buttons.TSpeedButton.Loaded
 0001:000D5E08       Buttons.TSpeedButton.MouseDown
 0001:000D5E64       Buttons.TSpeedButton.MouseMove
 0001:000D5F0C       Buttons.TSpeedButton.MouseUp
 0001:000D57EC       Buttons.TSpeedButton.Paint
 0001:000D62B4       Buttons.TSpeedButton.SetAllowAllUp
 0001:000D618C       Buttons.TSpeedButton.SetDown
 0001:000D61FC       Buttons.TSpeedButton.SetFlat
 0001:000D603C       Buttons.TSpeedButton.SetGlyph
 0001:000D6214       Buttons.TSpeedButton.SetGroupIndex
 0001:000D6228       Buttons.TSpeedButton.SetLayout
 0001:000D6240       Buttons.TSpeedButton.SetMargin
 0001:000D6064       Buttons.TSpeedButton.SetNumGlyphs
 0001:000D625C       Buttons.TSpeedButton.SetSpacing
 0001:000D6274       Buttons.TSpeedButton.SetTransparent
 0001:000D6154       Buttons.TSpeedButton.UpdateExclusive
 0001:000D5D78       Buttons.TSpeedButton.UpdateTracking
 0001:000D62C8       Buttons.TSpeedButton.WMLButtonDblClk
 0001:000D5408       Buttons.TSpeedButtonActionLink.AssignClient
 0001:000D542C       Buttons.TSpeedButtonActionLink.Create
 0001:000D5468       Buttons.TSpeedButtonActionLink.IsCheckedLinked
 0001:000D54A8       Buttons.TSpeedButtonActionLink.IsGlyphLinked
 0001:000D556C       Buttons.TSpeedButtonActionLink.IsGroupIndexLinked
 0001:000D559C       Buttons.TSpeedButtonActionLink.IsImageIndexLinked
 0001:000D55C0       Buttons.TSpeedButtonActionLink.SetChecked
 0001:000D55E0       Buttons.TSpeedButtonActionLink.SetGroupIndex
 0001:000D5600       Buttons.TSpeedButtonActionLink.SetImageIndex
 0001:000CCA38       cefgui..TChromiumFontOptions
 0001:000CC614       cefgui..TChromiumOptions
 0001:000CCDD4       cefgui..TCustomClientHandler
 0001:000CD0CC       cefgui..TCustomContextMenuHandler
 0001:000CD1A0       cefgui..TCustomDialogHandler
 0001:000CD330       cefgui..TCustomDisplayHandler
 0001:000CD408       cefgui..TCustomDownloadHandler
 0001:000CD918       cefgui..TCustomDragHandler
 0001:000CD004       cefgui..TCustomFocusHandler
 0001:000CD4D4       cefgui..TCustomGeolocationHandler
 0001:000CD5A4       cefgui..TCustomJsDialogHandler
 0001:000CD264       cefgui..TCustomKeyboardHandler
 0001:000CD678       cefgui..TCustomLifeSpanHandler
 0001:000CCF34       cefgui..TCustomLoadHandler
 0001:000CD834       cefgui..TCustomRenderHandler
 0001:000CD750       cefgui..TCustomRequestHandler
 0001:000CD9D8       cefgui.TChromiumFontOptions.Create
 0001:000CDA7C       cefgui.TCustomClientHandler.Create
 0001:000CDCAC       cefgui.TCustomClientHandler.Disconnect
 0001:000CDD50       cefgui.TCustomClientHandler.GetContextMenuHandler
 0001:000CDD70       cefgui.TCustomClientHandler.GetDialogHandler
 0001:000CDD90       cefgui.TCustomClientHandler.GetDisplayHandler
 0001:000CDDB0       cefgui.TCustomClientHandler.GetDownloadHandler
 0001:000CDDD0       cefgui.TCustomClientHandler.GetFocusHandler
 0001:000CDDF0       cefgui.TCustomClientHandler.GetGeolocationHandler
 0001:000CDE10       cefgui.TCustomClientHandler.GetJsdialogHandler
 0001:000CDE30       cefgui.TCustomClientHandler.GetKeyboardHandler
 0001:000CDE50       cefgui.TCustomClientHandler.GetLifeSpanHandler
 0001:000CDE70       cefgui.TCustomClientHandler.GetLoadHandler
 0001:000CDE90       cefgui.TCustomClientHandler.GetRenderHandler
 0001:000CDEB0       cefgui.TCustomClientHandler.GetRequestHandler
 0001:000CDED0       cefgui.TCustomClientHandler.OnProcessMessageReceived
 0001:000CE0F8       cefgui.TCustomContextMenuHandler.Create
 0001:000CE14C       cefgui.TCustomContextMenuHandler.OnBeforeContextMenu
 0001:000CE17C       cefgui.TCustomContextMenuHandler.OnContextMenuCommand
 0001:000CE1B8       cefgui.TCustomContextMenuHandler.OnContextMenuDismissed
 0001:000CEA00       cefgui.TCustomDialogHandler.Create
 0001:000CEA54       cefgui.TCustomDialogHandler.OnFileDialog
 0001:000CE2A0       cefgui.TCustomDisplayHandler.Create
 0001:000CE2F4       cefgui.TCustomDisplayHandler.OnAddressChange
 0001:000CE320       cefgui.TCustomDisplayHandler.OnConsoleMessage
 0001:000CE358       cefgui.TCustomDisplayHandler.OnLoadingStateChange
 0001:000CE388       cefgui.TCustomDisplayHandler.OnStatusMessage
 0001:000CE3B0       cefgui.TCustomDisplayHandler.OnTitleChange
 0001:000CE3D8       cefgui.TCustomDisplayHandler.OnTooltip
 0001:000CE404       cefgui.TCustomDownloadHandler.Create
 0001:000CE458       cefgui.TCustomDownloadHandler.OnBeforeDownload
 0001:000CE488       cefgui.TCustomDownloadHandler.OnDownloadUpdated
 0001:000CECA4       cefgui.TCustomDragHandler.Create
 0001:000CECF8       cefgui.TCustomDragHandler.OnDragEnter
 0001:000CE030       cefgui.TCustomFocusHandler.Create
 0001:000CE084       cefgui.TCustomFocusHandler.OnGotFocus
 0001:000CE0A4       cefgui.TCustomFocusHandler.OnSetFocus
 0001:000CE0D0       cefgui.TCustomFocusHandler.OnTakeFocus
 0001:000CE4B4       cefgui.TCustomGeolocationHandler.Create
 0001:000CE508       cefgui.TCustomGeolocationHandler.OnCancelGeolocationPermission
 0001:000CE534       cefgui.TCustomGeolocationHandler.OnRequestGeolocationPermission
 0001:000CE564       cefgui.TCustomJsDialogHandler.Create
 0001:000CE5B8       cefgui.TCustomJsDialogHandler.OnBeforeUnloadDialog
 0001:000CE5F0       cefgui.TCustomJsDialogHandler.OnDialogClosed
 0001:000CE610       cefgui.TCustomJsDialogHandler.OnJsdialog
 0001:000CE68C       cefgui.TCustomJsDialogHandler.OnResetDialogState
 0001:000CE1E0       cefgui.TCustomKeyboardHandler.Create
 0001:000CE234       cefgui.TCustomKeyboardHandler.OnKeyEvent
 0001:000CE268       cefgui.TCustomKeyboardHandler.OnPreKeyEvent
 0001:000CE6AC       cefgui.TCustomLifeSpanHandler.Create
 0001:000CE700       cefgui.TCustomLifeSpanHandler.DoClose
 0001:000CE728       cefgui.TCustomLifeSpanHandler.OnAfterCreated
 0001:000CE74C       cefgui.TCustomLifeSpanHandler.OnBeforeClose
 0001:000CE770       cefgui.TCustomLifeSpanHandler.OnBeforePopup
 0001:000CE7C0       cefgui.TCustomLifeSpanHandler.RunModal
 0001:000CDF04       cefgui.TCustomLoadHandler.Create
 0001:000CDF58       cefgui.TCustomLoadHandler.OnLoadEnd
 0001:000CDF84       cefgui.TCustomLoadHandler.OnLoadError
 0001:000CDFB8       cefgui.TCustomLoadHandler.OnLoadStart
 0001:000CDFE0       cefgui.TCustomLoadHandler.OnPluginCrashed
 0001:000CE008       cefgui.TCustomLoadHandler.OnRenderProcessTerminated
 0001:000CEA98       cefgui.TCustomRenderHandler.Create
 0001:000CEAEC       cefgui.TCustomRenderHandler.GetRootScreenRect
 0001:000CEB1C       cefgui.TCustomRenderHandler.GetScreenInfo
 0001:000CEB4C       cefgui.TCustomRenderHandler.GetScreenPoint
 0001:000CEB8C       cefgui.TCustomRenderHandler.GetViewRect
 0001:000CEBBC       cefgui.TCustomRenderHandler.OnCursorChange
 0001:000CEBE8       cefgui.TCustomRenderHandler.OnPaint
 0001:000CEC28       cefgui.TCustomRenderHandler.OnPopupShow
 0001:000CEC54       cefgui.TCustomRenderHandler.OnPopupSize
 0001:000CEC80       cefgui.TCustomRenderHandler.OnScrollOffsetChanged
 0001:000CE7E8       cefgui.TCustomRequestHandler.Create
 0001:000CE83C       cefgui.TCustomRequestHandler.GetAuthCredentials
 0001:000CE888       cefgui.TCustomRequestHandler.GetCookieManager
 0001:000CE8B8       cefgui.TCustomRequestHandler.GetResourceHandler
 0001:000CE8EC       cefgui.TCustomRequestHandler.OnBeforePluginLoad
 0001:000CE928       cefgui.TCustomRequestHandler.OnBeforeResourceLoad
 0001:000CE960       cefgui.TCustomRequestHandler.OnProtocolExecution
 0001:000CE990       cefgui.TCustomRequestHandler.OnQuotaRequest
 0001:000CE9CC       cefgui.TCustomRequestHandler.OnResourceRedirect
 0004:00004FB8       ceflib..79
 0001:0004ECEC       ceflib..ECefException
 0001:00049D14       ceflib..TCefAllowCertificateErrorCallbackRef
 0001:0004C228       ceflib..TCefAppOwn
 0001:0004CE74       ceflib..TCefAuthCallbackRef
 0001:00047364       ceflib..TCefBaseOwn
 0001:00047518       ceflib..TCefBaseRef
 0001:0004CB98       ceflib..TCefBeforeDownloadCallbackRef
 0001:0004DF00       ceflib..TCefBinaryValueRef
 0001:00047ADC       ceflib..TCefBrowserHostRef
 0001:0004E380       ceflib..TCefBrowserProcessHandlerOwn
 0001:00047D20       ceflib..TCefBrowserRef
 0001:0004AAE4       ceflib..TCefCallbackRef
 0001:00049598       ceflib..TCefClientOwn
 0001:0004D208       ceflib..TCefCommandLineRef
 0001:0004A6CC       ceflib..TCefContextMenuHandlerOwn
 0001:0004D744       ceflib..TCefContextMenuParamsRef
 0001:0004A828       ceflib..TCefDialogHandlerOwn
 0001:0004E1C8       ceflib..TCefDictionaryValueRef
 0001:0004A0DC       ceflib..TCefDisplayHandlerOwn
 0001:0004B65C       ceflib..TCefDomDocumentRef
 0001:0004BBD8       ceflib..TCefDomEventListenerOwn
 0001:0004BA88       ceflib..TCefDomEventRef
 0001:0004B8E8       ceflib..TCefDomNodeRef
 0001:0004B350       ceflib..TCefDomVisitorOwn
 0001:0004A988       ceflib..TCefDownloadHandlerOwn
 0001:0004CD04       ceflib..TCefDownloadItemCallbackRef
 0001:0004CA44       ceflib..TCefDownLoadItemRef
 0001:0004EAC0       ceflib..TCefDragDataRef
 0001:0004EC10       ceflib..TCefDragHandlerOwn
 0001:0004BEAC       ceflib..TCefFastDomEventListener
 0001:0004B428       ceflib..TCefFastDomVisitor
 0001:000477FC       ceflib..TCefFastRunFileDialogCallback
 0001:0004C808       ceflib..TCefFastStringVisitor
 0001:0004E6F0       ceflib..TCefFileDialogCallbackRef
 0001:0004A260       ceflib..TCefFocusHandlerOwn
 0001:00047FA4       ceflib..TCefFrameRef
 0001:0004D52C       ceflib..TCefGeolocationCallbackRef
 0001:0004971C       ceflib..TCefGeolocationHandlerOwn
 0001:0004CFC8       ceflib..TCefJsDialogCallbackRef
 0001:0004A54C       ceflib..TCefJsDialogHandlerOwn
 0001:0004A3C4       ceflib..TCefKeyboardHandlerOwn
 0001:000498B8       ceflib..TCefLifeSpanHandlerOwn
 0001:0004DD48       ceflib..TCefListValueRef
 0001:00049A5C       ceflib..TCefLoadHandlerOwn
 0001:0004DAE4       ceflib..TCefMenuModelRef
 0001:00048300       ceflib..TCefPostDataElementRef
 0001:00048128       ceflib..TCefPostDataRef
 0001:0004C518       ceflib..TCefProcessMessageRef
 0001:00049BBC       ceflib..TCefQuotaCallbackRef
 0001:0004E8E0       ceflib..TCefRenderHandlerOwn
 0001:0004E56C       ceflib..TCefRenderProcessHandlerOwn
 0001:00049F18       ceflib..TCefRequestHandlerOwn
 0001:0004852C       ceflib..TCefRequestRef
 0001:0004AC8C       ceflib..TCefResourceHandlerOwn
 0001:0004BD90       ceflib..TCefResponseRef
 0001:00047710       ceflib..TCefRunFileDialogCallbackOwn
 0001:0004AE58       ceflib..TCefSchemeHandlerFactoryOwn
 0001:0004D3D0       ceflib..TCefSchemeRegistrarRef
 0001:0004C6BC       ceflib..TCefStringVisitorOwn
 0001:0004B164       ceflib..TCefTaskRunnerRef
 0001:00048E60       ceflib..TCefv8ContextRef
 0001:0004C08C       ceflib..TCefV8ExceptionRef
 0001:0004AFF0       ceflib..TCefv8HandlerOwn
 0001:00049388       ceflib..TCefv8HandlerRef
 0001:00049078       ceflib..TCefV8StackFrameRef
 0001:000491E4       ceflib..TCefV8StackTraceRef
 0001:00048930       ceflib..TCefv8ValueRef
 0001:0004C390       ceflib..TCefWebPluginInfoRef
 0001:0004EDAC       ceflib..TInternalApp
 0001:00051E88       ceflib.CefAddCrossOriginWhitelistEntry
 0001:00051F34       ceflib.CefBrowserHostCreateSync
 0003:00001054       ceflib.CefBrowserProcessHandler
 0003:0000102C       ceflib.CefBrowserSubprocessPath
 0003:00001004       ceflib.CefCache
 0003:00001030       ceflib.CefCommandLineArgsDisabled
 0003:00001048       ceflib.CefContextSafetyImplementation
 0001:00051EE8       ceflib.CefCurrentlyOn
 0001:00051C04       ceflib.CefDoMessageLoopWork
 0001:00051F0C       ceflib.CefGetData
 0003:00001038       ceflib.CefGetDataResource
 0003:0000103C       ceflib.CefGetLocalizedString
 0003:0000104D       ceflib.CefIgnoreCertificateErrors
 0003:00001068       ceflib.CefIsMainProcess
 0003:0000101C       ceflib.CefJavaScriptFlags
 0002:0000035C       ceflib.ceflib
 0003:00001000       ceflib.CefLibrary
 0001:0004EFD4       ceflib.CefLoadLib
 0001:0004EF40       ceflib.CefLoadLibDefault
 0003:00001010       ceflib.CefLocale
 0003:00001024       ceflib.CefLocalesDirPath
 0003:00001014       ceflib.CefLogFile
 0003:00001018       ceflib.CefLogSeverity
 0003:0000105C       ceflib.CefOnBeforeCommandLineProcessing
 0003:00001060       ceflib.CefOnRegisterCustomSchemes
 0003:00001028       ceflib.CefPackLoadingDisabled
 0003:0000104C       ceflib.CefPersistSessionCookies
 0003:0000100C       ceflib.CefProductVersion
 0001:00051DC8       ceflib.CefRegisterSchemeHandlerFactory
 0003:00001040       ceflib.CefReleaseDCheck
 0003:00001034       ceflib.CefRemoteDebuggingPort
 0003:00001058       ceflib.CefRenderProcessHandler
 0003:00001050       ceflib.CefResourceBundleHandler
 0003:00001020       ceflib.CefResourcesDirPath
 0001:00051C18       ceflib.CefShutDown
 0003:00001029       ceflib.CefSingleProcess
 0001:00051C90       ceflib.CefString
 0001:00051C48       ceflib.CefString
 0001:00051CC4       ceflib.CefStringAlloc
 0001:00051D68       ceflib.CefStringClearAndGet
 0001:00051D90       ceflib.CefStringFreeAndGet
 0001:00051D1C       ceflib.CefStringSet
 0001:0005208C       ceflib.CefTimeToDateTime
 0001:0005200C       ceflib.CefTimeToSystemTime
 0003:00001044       ceflib.CefUncaughtExceptionStackSize
 0003:00001008       ceflib.CefUserAgent
 0004:000050B0       ceflib.cef_add_cross_origin_whitelist_entry
 0004:00005198       ceflib.cef_add_web_plugin_directory
 0004:00005194       ceflib.cef_add_web_plugin_path
 0001:00054844       ceflib.cef_app_get_browser_process_handler
 0001:000548C4       ceflib.cef_app_get_render_process_handler
 0001:000547C4       ceflib.cef_app_get_resource_bundle_handler
 0001:000546C8       ceflib.cef_app_on_before_command_line_processing
 0001:00054754       ceflib.cef_app_on_register_custom_schemes
 0001:000520C4       ceflib.cef_base_add_ref
 0001:00052150       ceflib.cef_base_add_ref_owned
 0001:00052124       ceflib.cef_base_get_refct
 0001:00052178       ceflib.cef_base_get_refct_owned
 0001:000520F4       ceflib.cef_base_release
 0001:00052164       ceflib.cef_base_release_owned
 0004:000051BC       ceflib.cef_begin_tracing
 0004:00005170       ceflib.cef_binary_value_create
 0004:00005044       ceflib.cef_browser_host_create_browser
 0004:00005048       ceflib.cef_browser_host_create_browser_sync
 0001:000549D4       ceflib.cef_browser_process_handler_on_before_child_process_launch
 0001:000549A8       ceflib.cef_browser_process_handler_on_context_initialized
 0001:00054A44       ceflib.cef_browser_process_handler_on_render_process_thread_created
 0004:00005158       ceflib.cef_build_revision
 0004:000050B8       ceflib.cef_clear_cross_origin_whitelist
 0004:000050AC       ceflib.cef_clear_scheme_handler_factories
 0001:0005218C       ceflib.cef_client_get_context_menu_handler
 0001:00052214       ceflib.cef_client_get_dialog_handler
 0001:0005229C       ceflib.cef_client_get_display_handler
 0001:00052324       ceflib.cef_client_get_download_handler
 0001:000523AC       ceflib.cef_client_get_drag_handler
 0001:00052434       ceflib.cef_client_get_focus_handler
 0001:000524BC       ceflib.cef_client_get_geolocation_handler
 0001:00052764       ceflib.cef_client_get_get_render_handler
 0001:00052544       ceflib.cef_client_get_jsdialog_handler
 0001:000525CC       ceflib.cef_client_get_keyboard_handler
 0001:00052654       ceflib.cef_client_get_life_span_handler
 0001:000526DC       ceflib.cef_client_get_load_handler
 0001:000527EC       ceflib.cef_client_get_request_handler
 0001:00052874       ceflib.cef_client_on_process_message_received
 0004:00005164       ceflib.cef_command_line_create
 0004:00005168       ceflib.cef_command_line_get_global
 0001:000540B0       ceflib.cef_context_menu_handler_on_before_context_menu
 0001:00054178       ceflib.cef_context_menu_handler_on_context_menu_command
 0001:0005423C       ceflib.cef_context_menu_handler_on_context_menu_dismissed
 0004:00005160       ceflib.cef_cookie_manager_create_manager
 0004:0000515C       ceflib.cef_cookie_manager_get_global_manager
 0004:000050CC       ceflib.cef_create_url
 0004:000050BC       ceflib.cef_currently_on
 0001:00055504       ceflib.cef_dialog_handler_on_file_dialog
 0004:00005174       ceflib.cef_dictionary_value_create
 0001:00053854       ceflib.cef_display_handler_on_address_change
 0001:00053ACC       ceflib.cef_display_handler_on_console_message
 0001:000537CC       ceflib.cef_display_handler_on_loading_state_change
 0001:00053A40       ceflib.cef_display_handler_on_status_message
 0001:00053900       ceflib.cef_display_handler_on_title_change
 0001:0005398C       ceflib.cef_display_handler_on_tooltip
 0001:0005465C       ceflib.cef_dom_event_listener_handle_event
 0001:000545F0       ceflib.cef_dom_visitor_visite
 0001:00054490       ceflib.cef_download_handler_on_before_download
 0001:0005454C       ceflib.cef_download_handler_on_download_updated
 0004:0000504C       ceflib.cef_do_message_loop_work
 0001:00055A54       ceflib.cef_drag_handler_on_drag_enter
 0004:000051C4       ceflib.cef_end_tracing_async
 0004:0000505C       ceflib.cef_execute_process
 0001:00053C78       ceflib.cef_focus_handler_on_got_focus
 0001:00053BF8       ceflib.cef_focus_handler_on_set_focus
 0001:00053B80       ceflib.cef_focus_handler_on_take_focus
 0004:000051A4       ceflib.cef_force_web_plugin_shutdown
 0001:000529C0       ceflib.cef_geolocation_handler_on_cancel_geolocation_permission
 0001:00052910       ceflib.cef_geolocation_handler_on_request_geolocation_permission
 0004:000051B0       ceflib.cef_get_geolocation
 0004:0000517C       ceflib.cef_get_path
 0004:000051C0       ceflib.cef_get_trace_buffer_percent_full_async
 0004:00005060       ceflib.cef_initialize
 0004:000051AC       ceflib.cef_is_web_plugin_unstable
 0001:00053F14       ceflib.cef_jsdialog_handler_on_before_unload_dialog
 0001:00054040       ceflib.cef_jsdialog_handler_on_dialog_closed
 0001:00053E08       ceflib.cef_jsdialog_handler_on_jsdialog
 0001:00053FD0       ceflib.cef_jsdialog_handler_on_reset_dialog_state
 0001:00053D84       ceflib.cef_keyboard_handler_on_key_event
 0001:00053CE8       ceflib.cef_keyboard_handler_on_pre_key_event
 0004:00005180       ceflib.cef_launch_process
 0001:00052D68       ceflib.cef_life_span_handler_do_close
 0001:00052C10       ceflib.cef_life_span_handler_on_after_created
 0001:00052C80       ceflib.cef_life_span_handler_on_before_close
 0001:00052A50       ceflib.cef_life_span_handler_on_before_popup
 0001:00052CF0       ceflib.cef_life_span_handler_run_modal
 0004:00005178       ceflib.cef_list_value_create
 0001:00052E74       ceflib.cef_load_handler_on_load_end
 0001:00052F0C       ceflib.cef_load_handler_on_load_error
 0001:00052DE0       ceflib.cef_load_handler_on_load_start
 0001:00053040       ceflib.cef_load_handler_on_plugin_crashed
 0001:00052FCC       ceflib.cef_load_handler_on_render_process_terminated
 0004:000051C8       ceflib.cef_now_from_system_trace_time
 0004:000050C8       ceflib.cef_parse_url
 0004:000050D4       ceflib.cef_post_data_create
 0004:000050D8       ceflib.cef_post_data_element_create
 0004:000050C4       ceflib.cef_post_delayed_task
 0004:000050C0       ceflib.cef_post_task
 0004:0000516C       ceflib.cef_process_message_create
 0004:00005054       ceflib.cef_quit_message_loop
 0004:00005190       ceflib.cef_refresh_web_plugins
 0004:000050A4       ceflib.cef_register_extension
 0004:000050A8       ceflib.cef_register_scheme_handler_factory
 0004:000051A8       ceflib.cef_register_web_plugin_crash
 0004:000050B4       ceflib.cef_remove_cross_origin_whitelist_entry
 0004:0000519C       ceflib.cef_remove_web_plugin_path
 0001:00055670       ceflib.cef_render_handler_get_root_screen_rect
 0001:00055770       ceflib.cef_render_handler_get_screen_point
 0001:000556F0       ceflib.cef_render_handler_get_view_rect
 0001:00055970       ceflib.cef_render_handler_on_cursor_change
 0001:000558E8       ceflib.cef_render_handler_on_paint
 0001:000557FC       ceflib.cef_render_handler_on_popup_show
 0001:00055874       ceflib.cef_render_handler_on_popup_size
 0001:000559E4       ceflib.cef_render_handler_on_scroll_offset_changed
 0001:00054C30       ceflib.cef_render_process_handler_on_before_navigation
 0001:00054B50       ceflib.cef_render_process_handler_on_browser_created
 0001:00054BC0       ceflib.cef_render_process_handler_on_browser_destroyed
 0001:00054CF8       ceflib.cef_render_process_handler_on_context_created
 0001:00054DA8       ceflib.cef_render_process_handler_on_context_released
 0001:00054F3C       ceflib.cef_render_process_handler_on_focused_node_changed
 0001:00054FEC       ceflib.cef_render_process_handler_on_process_message_received
 0001:00054AB4       ceflib.cef_render_process_handler_on_render_thread_created
 0001:00054E58       ceflib.cef_render_process_handler_on_uncaught_exception
 0001:00054B24       ceflib.cef_render_process_handler_on_web_kit_initialized
 0004:000050D0       ceflib.cef_request_create
 0001:00053340       ceflib.cef_request_handler_get_auth_credentials
 0001:000534FC       ceflib.cef_request_handler_get_cookie_manager
 0001:00053188       ceflib.cef_request_handler_get_resource_handler
 0001:00053664       ceflib.cef_request_handler_on_before_plugin_load
 0001:000530CC       ceflib.cef_request_handler_on_before_resource_load
 0001:00053734       ceflib.cef_request_handler_on_certificate_error
 0001:000535C0       ceflib.cef_request_handler_on_protocol_execution
 0001:00053440       ceflib.cef_request_handler_on_quota_request
 0001:00053270       ceflib.cef_request_handler_on_resource_redirect
 0001:000553C0       ceflib.cef_resource_handler_cancel
 0001:00055350       ceflib.cef_resource_handler_can_get_cookie
 0001:00055388       ceflib.cef_resource_handler_can_set_cookie
 0001:00055224       ceflib.cef_resource_handler_get_response_headers
 0001:00055188       ceflib.cef_resource_handler_process_request
 0001:000552C8       ceflib.cef_resource_handler_read_response
 0004:00005184       ceflib.cef_response_create
 0001:000553EC       ceflib.cef_run_file_dialog_callback_cont
 0004:00005050       ceflib.cef_run_message_loop
 0001:00055088       ceflib.cef_scheme_handler_factory_create
 0004:00005058       ceflib.cef_set_osmodal_loop
 0004:00005064       ceflib.cef_shutdown
 0004:000050E0       ceflib.cef_stream_reader_create_for_data
 0004:000050DC       ceflib.cef_stream_reader_create_for_file
 0004:000050E4       ceflib.cef_stream_reader_create_for_handler
 0004:000050E8       ceflib.cef_stream_writer_create_for_file
 0004:000050EC       ceflib.cef_stream_writer_create_for_handler
 0004:0000501C       ceflib.cef_string_ascii_to_utf16
 0004:00005018       ceflib.cef_string_ascii_to_wide
 0004:00004FD8       ceflib.cef_string_clear
 0004:00005020       ceflib.cef_string_from_ascii
 0004:0000500C       ceflib.cef_string_from_utf16
 0004:00005004       ceflib.cef_string_from_utf8
 0004:00005014       ceflib.cef_string_from_wide
 0004:00005088       ceflib.cef_string_list_alloc
 0004:00005094       ceflib.cef_string_list_append
 0004:00005098       ceflib.cef_string_list_clear
 0004:000050A0       ceflib.cef_string_list_copy
 0004:0000509C       ceflib.cef_string_list_free
 0004:0000508C       ceflib.cef_string_list_size
 0004:00005090       ceflib.cef_string_list_value
 0004:00005068       ceflib.cef_string_map_alloc
 0004:0000507C       ceflib.cef_string_map_append
 0004:00005080       ceflib.cef_string_map_clear
 0004:00005070       ceflib.cef_string_map_find
 0004:00005084       ceflib.cef_string_map_free
 0004:00005074       ceflib.cef_string_map_key
 0004:0000506C       ceflib.cef_string_map_size
 0004:00005078       ceflib.cef_string_map_value
 0004:00005134       ceflib.cef_string_multimap_alloc
 0004:0000514C       ceflib.cef_string_multimap_append
 0004:00005150       ceflib.cef_string_multimap_clear
 0004:00005140       ceflib.cef_string_multimap_enumerate
 0004:0000513C       ceflib.cef_string_multimap_find_count
 0004:00005154       ceflib.cef_string_multimap_free
 0004:00005144       ceflib.cef_string_multimap_key
 0004:00005138       ceflib.cef_string_multimap_size
 0004:00005148       ceflib.cef_string_multimap_value
 0004:00004FC8       ceflib.cef_string_set
 0004:00005008       ceflib.cef_string_to_utf16
 0004:00005000       ceflib.cef_string_to_utf8
 0004:00005010       ceflib.cef_string_to_wide
 0004:00005030       ceflib.cef_string_userfree_alloc
 0004:00005040       ceflib.cef_string_userfree_free
 0004:0000502C       ceflib.cef_string_userfree_utf16_alloc
 0004:0000503C       ceflib.cef_string_userfree_utf16_free
 0004:00005028       ceflib.cef_string_userfree_utf8_alloc
 0004:00005038       ceflib.cef_string_userfree_utf8_free
 0004:00005024       ceflib.cef_string_userfree_wide_alloc
 0004:00005034       ceflib.cef_string_userfree_wide_free
 0004:00004FD4       ceflib.cef_string_utf16_clear
 0004:00004FE4       ceflib.cef_string_utf16_cmp
 0001:0004EF1C       ceflib.cef_string_utf16_copy
 0004:00004FC4       ceflib.cef_string_utf16_set
 0004:00004FFC       ceflib.cef_string_utf16_to_utf8
 0004:00004FF4       ceflib.cef_string_utf16_to_wide
 0004:00004FD0       ceflib.cef_string_utf8_clear
 0004:00004FE0       ceflib.cef_string_utf8_cmp
 0004:00004FC0       ceflib.cef_string_utf8_set
 0004:00004FF8       ceflib.cef_string_utf8_to_utf16
 0004:00004FEC       ceflib.cef_string_utf8_to_wide
 0001:00054944       ceflib.cef_string_visitor_visit
 0004:00004FCC       ceflib.cef_string_wide_clear
 0004:00004FDC       ceflib.cef_string_wide_cmp
 0004:00004FBC       ceflib.cef_string_wide_set
 0004:00004FF0       ceflib.cef_string_wide_to_utf16
 0004:00004FE8       ceflib.cef_string_wide_to_utf8
 0004:000051B4       ceflib.cef_task_runner_get_for_current_thread
 0004:000051B8       ceflib.cef_task_runner_get_for_thread
 0004:000051A0       ceflib.cef_unregister_internal_web_plugin
 0004:00005188       ceflib.cef_urlrequest_create
 0004:000050F0       ceflib.cef_v8context_get_current_context
 0004:000050F4       ceflib.cef_v8context_get_entered_context
 0004:000050F8       ceflib.cef_v8context_in_context
 0004:00005128       ceflib.cef_v8stack_trace_get_current
 0004:00005120       ceflib.cef_v8value_create_array
 0004:00005104       ceflib.cef_v8value_create_bool
 0004:00005114       ceflib.cef_v8value_create_date
 0004:00005110       ceflib.cef_v8value_create_double
 0004:00005124       ceflib.cef_v8value_create_function
 0004:00005108       ceflib.cef_v8value_create_int
 0004:00005100       ceflib.cef_v8value_create_null
 0004:0000511C       ceflib.cef_v8value_create_object
 0004:00005118       ceflib.cef_v8value_create_string
 0004:0000510C       ceflib.cef_v8value_create_uint
 0004:000050FC       ceflib.cef_v8value_create_undefined
 0001:000542D0       ceflib.cef_v8_handler_execute
 0004:0000518C       ceflib.cef_visit_web_plugin_info
 0004:0000512C       ceflib.cef_xml_reader_create
 0004:00005130       ceflib.cef_zip_reader_create
 0001:0005EAF8       ceflib.Finalization
 0003:00001064       ceflib.LibHandle
 0001:0004EF14       ceflib.SystemTimeToTzSpecificLocalTime
 0001:0005E730       ceflib.TCefAllowCertificateErrorCallbackRef.Cont
 0001:0005E758       ceflib.TCefAllowCertificateErrorCallbackRef.UnWrap
 0001:0005A490       ceflib.TCefAppOwn.Create
 0001:0005B230       ceflib.TCefAuthCallbackRef.Cancel
 0001:0005B24C       ceflib.TCefAuthCallbackRef.Cont
 0001:0005B290       ceflib.TCefAuthCallbackRef.UnWrap
 0001:00055AF4       ceflib.TCefBaseOwn.CreateData
 0001:00055BCC       ceflib.TCefBaseOwn.Destroy
 0001:00055C10       ceflib.TCefBaseOwn.Wrap
 0001:00055C48       ceflib.TCefBaseRef.Create
 0001:00055D60       ceflib.TCefBaseRef.Destroy
 0001:00055DB0       ceflib.TCefBaseRef.Wrap
 0001:0005B134       ceflib.TCefBeforeDownloadCallbackRef.Cont
 0001:0005B16C       ceflib.TCefBeforeDownloadCallbackRef.UnWrap
 0001:0005CF10       ceflib.TCefBinaryValueRef.Copy
 0001:0005CF40       ceflib.TCefBinaryValueRef.GetData
 0001:0005CF78       ceflib.TCefBinaryValueRef.GetSize
 0001:0005CF9C       ceflib.TCefBinaryValueRef.IsOwned
 0001:0005CFC4       ceflib.TCefBinaryValueRef.IsValid
 0001:0005CFEC       ceflib.TCefBinaryValueRef.UnWrap
 0001:0005A7FC       ceflib.TCefBrowserHostRef.CloseBrowser
 0001:0005A608       ceflib.TCefBrowserHostRef.GetBrowser
 0001:0005A9C0       ceflib.TCefBrowserHostRef.GetDevToolsUrl
 0001:0005A9F4       ceflib.TCefBrowserHostRef.GetNsTextInputContext
 0001:0005A99C       ceflib.TCefBrowserHostRef.GetOpenerWindowHandle
 0001:0005A978       ceflib.TCefBrowserHostRef.GetWindowHandle
 0001:0005AA18       ceflib.TCefBrowserHostRef.GetZoomLevel
 0001:0005AA3C       ceflib.TCefBrowserHostRef.HandleKeyEventAfterTextInputClient
 0001:0005AA60       ceflib.TCefBrowserHostRef.HandleKeyEventBeforeTextInputClient
 0001:0005AA84       ceflib.TCefBrowserHostRef.Invalidate
 0001:0005AAB0       ceflib.TCefBrowserHostRef.IsMouseCursorChangeDisabled
 0001:0005AAD8       ceflib.TCefBrowserHostRef.IsWindowRenderingDisabled
 0001:0005AB00       ceflib.TCefBrowserHostRef.NotifyScreenInfoChanged
 0001:0005A638       ceflib.TCefBrowserHostRef.ParentWindowWillClose
 0001:0005A654       ceflib.TCefBrowserHostRef.RunFileDialog
 0001:0005A7B8       ceflib.TCefBrowserHostRef.RunFileDialogProc
 0001:0005A824       ceflib.TCefBrowserHostRef.SendCaptureLostEvent
 0001:0005A840       ceflib.TCefBrowserHostRef.SendFocusEvent
 0001:0005A868       ceflib.TCefBrowserHostRef.SendKeyEvent
 0001:0005A88C       ceflib.TCefBrowserHostRef.SendMouseClickEvent
 0001:0005A8C4       ceflib.TCefBrowserHostRef.SendMouseMoveEvent
 0001:0005A8F4       ceflib.TCefBrowserHostRef.SendMouseWheelEvent
 0001:0005A928       ceflib.TCefBrowserHostRef.SetFocus
 0001:0005A950       ceflib.TCefBrowserHostRef.SetMouseCursorChangeDisabled
 0001:0005AB1C       ceflib.TCefBrowserHostRef.SetZoomLevel
 0001:0005AB40       ceflib.TCefBrowserHostRef.StartDownload
 0001:0005AB70       ceflib.TCefBrowserHostRef.UnWrap
 0001:0005ABC4       ceflib.TCefBrowserHostRef.WasHidden
 0001:0005ABEC       ceflib.TCefBrowserHostRef.WasResized
 0001:0005D888       ceflib.TCefBrowserProcessHandlerOwn.Create
 0001:0005D8F8       ceflib.TCefBrowserProcessHandlerOwn.OnBeforeChildProcessLaunch
 0001:0005D908       ceflib.TCefBrowserProcessHandlerOwn.OnContextInitialized
 0001:0005D914       ceflib.TCefBrowserProcessHandlerOwn.OnRenderProcessThreadCreated
 0001:00055E18       ceflib.TCefBrowserRef.CanGoBack
 0001:00055E40       ceflib.TCefBrowserRef.CanGoForward
 0001:00055E68       ceflib.TCefBrowserRef.GetFocusedFrame
 0001:00055ED0       ceflib.TCefBrowserRef.GetFrame
 0001:00055E98       ceflib.TCefBrowserRef.GetFrameByident
 0001:00055F14       ceflib.TCefBrowserRef.GetFrameCount
 0001:00055F38       ceflib.TCefBrowserRef.GetFrameIdentifiers
 0001:00055F64       ceflib.TCefBrowserRef.GetFrameNames
 0001:00055DE8       ceflib.TCefBrowserRef.GetHost
 0001:00056310       ceflib.TCefBrowserRef.GetIdentifier
 0001:00056128       ceflib.TCefBrowserRef.GetMainFrame
 0001:00056158       ceflib.TCefBrowserRef.GoBack
 0001:00056174       ceflib.TCefBrowserRef.GoForward
 0001:000561B8       ceflib.TCefBrowserRef.HasDocument
 0001:00056190       ceflib.TCefBrowserRef.IsLoading
 0001:000561E0       ceflib.TCefBrowserRef.IsPopup
 0001:00056208       ceflib.TCefBrowserRef.IsSame
 0001:000562BC       ceflib.TCefBrowserRef.Reload
 0001:000562D8       ceflib.TCefBrowserRef.ReloadIgnoreCache
 0001:0005605C       ceflib.TCefBrowserRef.SendProcessMessage
 0001:000562F4       ceflib.TCefBrowserRef.StopLoad
 0001:00056334       ceflib.TCefBrowserRef.UnWrap
 0001:0005DC84       ceflib.TCefCallbackRef.Cancel
 0001:0005DCA0       ceflib.TCefCallbackRef.Cont
 0001:0005DCBC       ceflib.TCefCallbackRef.UnWrap
 0001:00059888       ceflib.TCefClientOwn.Create
 0001:00059968       ceflib.TCefClientOwn.GetContextMenuHandler
 0001:00059980       ceflib.TCefClientOwn.GetDialogHandler
 0001:00059998       ceflib.TCefClientOwn.GetDisplayHandler
 0001:000599B0       ceflib.TCefClientOwn.GetDownloadHandler
 0001:000599C8       ceflib.TCefClientOwn.GetDragHandler
 0001:000599E0       ceflib.TCefClientOwn.GetFocusHandler
 0001:000599F8       ceflib.TCefClientOwn.GetGeolocationHandler
 0001:00059A10       ceflib.TCefClientOwn.GetJsdialogHandler
 0001:00059A28       ceflib.TCefClientOwn.GetKeyboardHandler
 0001:00059A40       ceflib.TCefClientOwn.GetLifeSpanHandler
 0001:00059A58       ceflib.TCefClientOwn.GetLoadHandler
 0001:00059A70       ceflib.TCefClientOwn.GetRenderHandler
 0001:00059A88       ceflib.TCefClientOwn.GetRequestHandler
 0001:00059AA0       ceflib.TCefClientOwn.OnProcessMessageReceived
 0001:0005B370       ceflib.TCefCommandLineRef.AppendArgument
 0001:0005B3A0       ceflib.TCefCommandLineRef.AppendSwitch
 0001:0005B3D0       ceflib.TCefCommandLineRef.AppendSwitchWithValue
 0001:0005B414       ceflib.TCefCommandLineRef.Copy
 0001:0005B444       ceflib.TCefCommandLineRef.GetArguments
 0001:0005B52C       ceflib.TCefCommandLineRef.GetArgv
 0001:0005B614       ceflib.TCefCommandLineRef.GetCommandLineString
 0001:0005B63C       ceflib.TCefCommandLineRef.GetProgram
 0001:0005B664       ceflib.TCefCommandLineRef.GetSwitches
 0001:0005B74C       ceflib.TCefCommandLineRef.GetSwitchValue
 0001:0005B788       ceflib.TCefCommandLineRef.HasArguments
 0001:0005B7B0       ceflib.TCefCommandLineRef.HasSwitch
 0001:0005B7E8       ceflib.TCefCommandLineRef.HasSwitches
 0001:0005B810       ceflib.TCefCommandLineRef.InitFromArgv
 0001:0005B83C       ceflib.TCefCommandLineRef.InitFromString
 0001:0005B86C       ceflib.TCefCommandLineRef.IsReadOnly
 0001:0005B894       ceflib.TCefCommandLineRef.IsValid
 0001:0005B8BC       ceflib.TCefCommandLineRef.PrependWrapper
 0001:0005B8EC       ceflib.TCefCommandLineRef.Reset
 0001:0005B908       ceflib.TCefCommandLineRef.SetProgram
 0001:0005B938       ceflib.TCefCommandLineRef.UnWrap
 0001:0005A258       ceflib.TCefContextMenuHandlerOwn.Create
 0001:0005A2C8       ceflib.TCefContextMenuHandlerOwn.OnBeforeContextMenu
 0001:0005A2E0       ceflib.TCefContextMenuHandlerOwn.OnContextMenuCommand
 0001:0005A2FC       ceflib.TCefContextMenuHandlerOwn.OnContextMenuDismissed
 0001:0005BAA4       ceflib.TCefContextMenuParamsRef.GetEditStateFlags
 0001:0005BAC8       ceflib.TCefContextMenuParamsRef.GetFrameCharset
 0001:0005BAF0       ceflib.TCefContextMenuParamsRef.GetFrameUrl
 0001:0005BB18       ceflib.TCefContextMenuParamsRef.GetLinkUrl
 0001:0005BB40       ceflib.TCefContextMenuParamsRef.GetMediaStateFlags
 0001:0005BB68       ceflib.TCefContextMenuParamsRef.GetMediaType
 0001:0005BB8C       ceflib.TCefContextMenuParamsRef.GetPageUrl
 0001:0005BBB4       ceflib.TCefContextMenuParamsRef.GetSelectionText
 0001:0005BBDC       ceflib.TCefContextMenuParamsRef.GetSourceUrl
 0001:0005BC04       ceflib.TCefContextMenuParamsRef.GetTypeFlags
 0001:0005BC28       ceflib.TCefContextMenuParamsRef.GetUnfilteredLinkUrl
 0001:0005BC50       ceflib.TCefContextMenuParamsRef.GetXCoord
 0001:0005BC74       ceflib.TCefContextMenuParamsRef.GetYCoord
 0001:0005BC98       ceflib.TCefContextMenuParamsRef.IsEditable
 0001:0005BCC0       ceflib.TCefContextMenuParamsRef.IsImageBlocked
 0001:0005BCE8       ceflib.TCefContextMenuParamsRef.IsSpeechInputEnabled
 0001:0005BD10       ceflib.TCefContextMenuParamsRef.UnWrap
 0001:0005E540       ceflib.TCefDialogHandlerOwn.Create
 0001:0005E59C       ceflib.TCefDialogHandlerOwn.OnFileDialog
 0001:0005D040       ceflib.TCefDictionaryValueRef.Clear
 0001:0005D068       ceflib.TCefDictionaryValueRef.Copy
 0001:0005D0A0       ceflib.TCefDictionaryValueRef.GetBinary
 0001:0005D0E4       ceflib.TCefDictionaryValueRef.GetBool
 0001:0005D11C       ceflib.TCefDictionaryValueRef.GetDictionary
 0001:0005D160       ceflib.TCefDictionaryValueRef.GetDouble
 0001:0005D198       ceflib.TCefDictionaryValueRef.GetInt
 0001:0005D1D0       ceflib.TCefDictionaryValueRef.GetKeys
 0001:0005D2D0       ceflib.TCefDictionaryValueRef.GetList
 0001:0005D314       ceflib.TCefDictionaryValueRef.GetSize
 0001:0005D338       ceflib.TCefDictionaryValueRef.GetString
 0001:0005D374       ceflib.TCefDictionaryValueRef.GetType
 0001:0005D3AC       ceflib.TCefDictionaryValueRef.HasKey
 0001:0005D3E4       ceflib.TCefDictionaryValueRef.isOwned
 0001:0005D40C       ceflib.TCefDictionaryValueRef.IsReadOnly
 0001:0005D434       ceflib.TCefDictionaryValueRef.IsValid
 0001:0005D45C       ceflib.TCefDictionaryValueRef.Remove
 0001:0005D494       ceflib.TCefDictionaryValueRef.SetBinary
 0001:0005D55C       ceflib.TCefDictionaryValueRef.SetBool
 0001:0005D5A0       ceflib.TCefDictionaryValueRef.SetDictionary
 0001:0005D668       ceflib.TCefDictionaryValueRef.SetDouble
 0001:0005D6A8       ceflib.TCefDictionaryValueRef.SetInt
 0001:0005D6E8       ceflib.TCefDictionaryValueRef.SetList
 0001:0005D7B0       ceflib.TCefDictionaryValueRef.SetNull
 0001:0005D7E8       ceflib.TCefDictionaryValueRef.SetString
 0001:0005D834       ceflib.TCefDictionaryValueRef.UnWrap
 0001:00059EE0       ceflib.TCefDisplayHandlerOwn.Create
 0001:00059F88       ceflib.TCefDisplayHandlerOwn.OnAddressChange
 0001:00059FA0       ceflib.TCefDisplayHandlerOwn.OnConsoleMessage
 0001:00059F70       ceflib.TCefDisplayHandlerOwn.OnLoadingStateChange
 0001:00059FBC       ceflib.TCefDisplayHandlerOwn.OnStatusMessage
 0001:00059FD0       ceflib.TCefDisplayHandlerOwn.OnTitleChange
 0001:00059FE4       ceflib.TCefDisplayHandlerOwn.OnTooltip
 0001:00058A20       ceflib.TCefDomDocumentRef.GetBaseUrl
 0001:00058A48       ceflib.TCefDomDocumentRef.GetBody
 0001:00058A78       ceflib.TCefDomDocumentRef.GetCompleteUrl
 0001:00058AB4       ceflib.TCefDomDocumentRef.GetDocument
 0001:00058AE4       ceflib.TCefDomDocumentRef.GetElementById
 0001:00058B28       ceflib.TCefDomDocumentRef.GetFocusedNode
 0001:00058B58       ceflib.TCefDomDocumentRef.GetHead
 0001:00058B88       ceflib.TCefDomDocumentRef.GetSelectionAsMarkup
 0001:00058BB0       ceflib.TCefDomDocumentRef.GetSelectionAsText
 0001:00058BD8       ceflib.TCefDomDocumentRef.GetSelectionEndNode
 0001:00058C08       ceflib.TCefDomDocumentRef.GetSelectionEndOffset
 0001:00058C2C       ceflib.TCefDomDocumentRef.GetSelectionStartNode
 0001:00058C5C       ceflib.TCefDomDocumentRef.GetSelectionStartOffset
 0001:00058C80       ceflib.TCefDomDocumentRef.GetTitle
 0001:00058CA8       ceflib.TCefDomDocumentRef.GetType
 0001:00058CCC       ceflib.TCefDomDocumentRef.HasSelection
 0001:00058CF4       ceflib.TCefDomDocumentRef.UnWrap
 0001:000593F0       ceflib.TCefDomEventListenerOwn.Create
 0001:0005944C       ceflib.TCefDomEventListenerOwn.HandleEvent
 0001:0005945C       ceflib.TCefDomEventRef.CanBubble
 0001:00059484       ceflib.TCefDomEventRef.CanCancel
 0001:000594AC       ceflib.TCefDomEventRef.GetCategory
 0001:000594D0       ceflib.TCefDomEventRef.GetCurrentTarget
 0001:00059500       ceflib.TCefDomEventRef.GetDocument
 0001:00059530       ceflib.TCefDomEventRef.GetPhase
 0001:00059554       ceflib.TCefDomEventRef.GetTarget
 0001:00059584       ceflib.TCefDomEventRef.GetType
 0001:000595AC       ceflib.TCefDomEventRef.UnWrap
 0001:00058D48       ceflib.TCefDomNodeRef.AddEventListener
 0001:00058E10       ceflib.TCefDomNodeRef.AddEventListenerProc
 0001:00058EA0       ceflib.TCefDomNodeRef.GetAsMarkup
 0001:00058EC8       ceflib.TCefDomNodeRef.GetDocument
 0001:00058EF8       ceflib.TCefDomNodeRef.GetElementAttribute
 0001:00058F34       ceflib.TCefDomNodeRef.GetElementAttributes
 0001:00058F60       ceflib.TCefDomNodeRef.GetElementInnerText
 0001:00058F88       ceflib.TCefDomNodeRef.GetElementTagName
 0001:00058FB0       ceflib.TCefDomNodeRef.GetFirstChild
 0001:00058FE0       ceflib.TCefDomNodeRef.GetFormControlElementType
 0001:00059008       ceflib.TCefDomNodeRef.GetLastChild
 0001:00059038       ceflib.TCefDomNodeRef.GetName
 0001:00059060       ceflib.TCefDomNodeRef.GetNextSibling
 0001:00059090       ceflib.TCefDomNodeRef.GetParent
 0001:000590C0       ceflib.TCefDomNodeRef.GetPreviousSibling
 0001:000590F0       ceflib.TCefDomNodeRef.GetType
 0001:00059114       ceflib.TCefDomNodeRef.GetValue
 0001:0005913C       ceflib.TCefDomNodeRef.HasChildren
 0001:00059164       ceflib.TCefDomNodeRef.HasElementAttribute
 0001:0005919C       ceflib.TCefDomNodeRef.HasElementAttributes
 0001:000591C4       ceflib.TCefDomNodeRef.IsEditable
 0001:000591EC       ceflib.TCefDomNodeRef.IsElement
 0001:00059214       ceflib.TCefDomNodeRef.IsFormControlElement
 0001:0005923C       ceflib.TCefDomNodeRef.IsSame
 0001:000592F0       ceflib.TCefDomNodeRef.IsText
 0001:00059318       ceflib.TCefDomNodeRef.SetElementAttribute
 0001:00059364       ceflib.TCefDomNodeRef.SetValue
 0001:0005939C       ceflib.TCefDomNodeRef.UnWrap
 0001:00058940       ceflib.TCefDomVisitorOwn.Create
 0001:0005899C       ceflib.TCefDomVisitorOwn.visit
 0001:000585A4       ceflib.TCefDownloadHandlerOwn.Create
 0001:0005860C       ceflib.TCefDownloadHandlerOwn.OnBeforeDownload
 0001:00058624       ceflib.TCefDownloadHandlerOwn.OnDownloadUpdated
 0001:0005B1C0       ceflib.TCefDownloadItemCallbackRef.cancel
 0001:0005B1DC       ceflib.TCefDownloadItemCallbackRef.UnWrap
 0001:0005AE4C       ceflib.TCefDownLoadItemRef.GetContentDisposition
 0001:0005AE74       ceflib.TCefDownLoadItemRef.GetCurrentSpeed
 0001:0005AEA0       ceflib.TCefDownLoadItemRef.GetEndTime
 0001:0005AED0       ceflib.TCefDownLoadItemRef.GetFullPath
 0001:0005AEF8       ceflib.TCefDownLoadItemRef.GetId
 0001:0005AF1C       ceflib.TCefDownLoadItemRef.GetMimeType
 0001:0005AF44       ceflib.TCefDownLoadItemRef.GetPercentComplete
 0001:0005AF68       ceflib.TCefDownLoadItemRef.GetReceivedBytes
 0001:0005AF94       ceflib.TCefDownLoadItemRef.GetStartTime
 0001:0005AFC4       ceflib.TCefDownLoadItemRef.GetSuggestedFileName
 0001:0005AFEC       ceflib.TCefDownLoadItemRef.GetTotalBytes
 0001:0005B018       ceflib.TCefDownLoadItemRef.GetUrl
 0001:0005B040       ceflib.TCefDownLoadItemRef.IsCanceled
 0001:0005B068       ceflib.TCefDownLoadItemRef.IsComplete
 0001:0005B090       ceflib.TCefDownLoadItemRef.IsInProgress
 0001:0005B0B8       ceflib.TCefDownLoadItemRef.IsValid
 0001:0005B0E0       ceflib.TCefDownLoadItemRef.UnWrap
 0001:0005E7AC       ceflib.TCefDragDataRef.GetFileName
 0001:0005E7D4       ceflib.TCefDragDataRef.GetFileNames
 0001:0005E8C4       ceflib.TCefDragDataRef.GetFragmentBaseUrl
 0001:0005E8EC       ceflib.TCefDragDataRef.GetFragmentHtml
 0001:0005E914       ceflib.TCefDragDataRef.GetFragmentText
 0001:0005E93C       ceflib.TCefDragDataRef.GetLinkMetadata
 0001:0005E964       ceflib.TCefDragDataRef.GetLinkTitle
 0001:0005E98C       ceflib.TCefDragDataRef.GetLinkUrl
 0001:0005E9B4       ceflib.TCefDragDataRef.IsFile
 0001:0005E9DC       ceflib.TCefDragDataRef.IsFragment
 0001:0005EA04       ceflib.TCefDragDataRef.IsLink
 0001:0005EA2C       ceflib.TCefDragDataRef.UnWrap
 0001:0005EA80       ceflib.TCefDragHandlerOwn.Create
 0001:0005EADC       ceflib.TCefDragHandlerOwn.OnDragEnter
 0001:00059600       ceflib.TCefFastDomEventListener.Create
 0001:00059654       ceflib.TCefFastDomEventListener.HandleEvent
 0001:000589AC       ceflib.TCefFastDomVisitor.Create
 0001:00058A00       ceflib.TCefFastDomVisitor.visit
 0001:0005E07C       ceflib.TCefFastRunFileDialogCallback.Cont
 0001:0005E0A4       ceflib.TCefFastRunFileDialogCallback.Create
 0001:0005ADD8       ceflib.TCefFastStringVisitor.Create
 0001:0005AE2C       ceflib.TCefFastStringVisitor.Visit
 0001:0005E3F8       ceflib.TCefFileDialogCallbackRef.Cancel
 0001:0005E414       ceflib.TCefFileDialogCallbackRef.Cont
 0001:0005E4EC       ceflib.TCefFileDialogCallbackRef.UnWrap
 0001:0005A000       ceflib.TCefFocusHandlerOwn.Create
 0001:0005A08C       ceflib.TCefFocusHandlerOwn.OnGotFocus
 0001:0005A070       ceflib.TCefFocusHandlerOwn.OnSetFocus
 0001:0005A09C       ceflib.TCefFocusHandlerOwn.OnTakeFocus
 0001:000563B0       ceflib.TCefFrameRef.Copy
 0001:000563CC       ceflib.TCefFrameRef.Cut
 0001:000563E8       ceflib.TCefFrameRef.Del
 0001:00056404       ceflib.TCefFrameRef.ExecuteJavaScript
 0001:0005644C       ceflib.TCefFrameRef.GetBrowser
 0001:0005647C       ceflib.TCefFrameRef.GetIdentifier
 0001:000564A8       ceflib.TCefFrameRef.GetName
 0001:000564D0       ceflib.TCefFrameRef.GetParent
 0001:00056500       ceflib.TCefFrameRef.GetSource
 0001:000565AC       ceflib.TCefFrameRef.GetSourceProc
 0001:000565DC       ceflib.TCefFrameRef.GetText
 0001:00056688       ceflib.TCefFrameRef.GetTextProc
 0001:000566B8       ceflib.TCefFrameRef.GetUrl
 0001:000566E0       ceflib.TCefFrameRef.GetV8Context
 0001:00056710       ceflib.TCefFrameRef.IsFocused
 0001:00056738       ceflib.TCefFrameRef.IsMain
 0001:00056388       ceflib.TCefFrameRef.IsValid
 0001:00056760       ceflib.TCefFrameRef.LoadRequest
 0001:0005680C       ceflib.TCefFrameRef.LoadString
 0001:00056850       ceflib.TCefFrameRef.LoadUrl
 0001:00056880       ceflib.TCefFrameRef.Paste
 0001:0005689C       ceflib.TCefFrameRef.Redo
 0001:000568B8       ceflib.TCefFrameRef.SelectAll
 0001:000568D4       ceflib.TCefFrameRef.Undo
 0001:00056A38       ceflib.TCefFrameRef.UnWrap
 0001:000568F0       ceflib.TCefFrameRef.ViewSource
 0001:0005690C       ceflib.TCefFrameRef.VisitDom
 0001:000569B8       ceflib.TCefFrameRef.VisitDomProc
 0001:0005BA28       ceflib.TCefGeolocationCallbackRef.Cont
 0001:0005BA50       ceflib.TCefGeolocationCallbackRef.UnWrap
 0001:00059ABC       ceflib.TCefGeolocationHandlerOwn.Create
 0001:00059B3C       ceflib.TCefGeolocationHandlerOwn.OnCancelGeolocationPermission
 0001:00059B24       ceflib.TCefGeolocationHandlerOwn.OnRequestGeolocationPermission
 0001:0005B2E4       ceflib.TCefJsDialogCallbackRef.Cont
 0001:0005B31C       ceflib.TCefJsDialogCallbackRef.UnWrap
 0001:0005A150       ceflib.TCefJsDialogHandlerOwn.Create
 0001:0005A21C       ceflib.TCefJsDialogHandlerOwn.OnBeforeUnloadDialog
 0001:0005A238       ceflib.TCefJsDialogHandlerOwn.OnDialogClosed
 0001:0005A1CC       ceflib.TCefJsDialogHandlerOwn.OnJsdialog
 0001:0005A248       ceflib.TCefJsDialogHandlerOwn.OnResetDialogState
 0001:0005A0B0       ceflib.TCefKeyboardHandlerOwn.Create
 0001:0005A134       ceflib.TCefKeyboardHandlerOwn.OnKeyEvent
 0001:0005A118       ceflib.TCefKeyboardHandlerOwn.OnPreKeyEvent
 0001:00059B54       ceflib.TCefLifeSpanHandlerOwn.Create
 0001:00059C18       ceflib.TCefLifeSpanHandlerOwn.DoClose
 0001:00059BDC       ceflib.TCefLifeSpanHandlerOwn.OnAfterCreated
 0001:00059BEC       ceflib.TCefLifeSpanHandlerOwn.OnBeforeClose
 0001:00059BFC       ceflib.TCefLifeSpanHandlerOwn.OnBeforePopup
 0001:00059C30       ceflib.TCefLifeSpanHandlerOwn.RunModal
 0001:0005C894       ceflib.TCefListValueRef.Clear
 0001:0005C8BC       ceflib.TCefListValueRef.Copy
 0001:0005C8EC       ceflib.TCefListValueRef.GetBinary
 0001:0005C924       ceflib.TCefListValueRef.GetBool
 0001:0005C954       ceflib.TCefListValueRef.GetDictionary
 0001:0005C98C       ceflib.TCefListValueRef.GetDouble
 0001:0005C9B8       ceflib.TCefListValueRef.GetInt
 0001:0005C9E4       ceflib.TCefListValueRef.GetList
 0001:0005CA1C       ceflib.TCefListValueRef.GetSize
 0001:0005CA40       ceflib.TCefListValueRef.GetString
 0001:0005CA70       ceflib.TCefListValueRef.GetType
 0001:0005CA9C       ceflib.TCefListValueRef.IsOwned
 0001:0005CAC4       ceflib.TCefListValueRef.IsReadOnly
 0001:0005CAEC       ceflib.TCefListValueRef.IsValid
 0001:0005CB14       ceflib.TCefListValueRef.Remove
 0001:0005CB44       ceflib.TCefListValueRef.SetBinary
 0001:0005CC00       ceflib.TCefListValueRef.SetBool
 0001:0005CC38       ceflib.TCefListValueRef.SetDictionary
 0001:0005CCF4       ceflib.TCefListValueRef.SetDouble
 0001:0005CD2C       ceflib.TCefListValueRef.SetInt
 0001:0005CD60       ceflib.TCefListValueRef.SetList
 0001:0005CE1C       ceflib.TCefListValueRef.SetNull
 0001:0005CE4C       ceflib.TCefListValueRef.SetSize
 0001:0005CE7C       ceflib.TCefListValueRef.SetString
 0001:0005CEBC       ceflib.TCefListValueRef.UnWrap
 0001:00059C48       ceflib.TCefLoadHandlerOwn.Create
 0001:00059CCC       ceflib.TCefLoadHandlerOwn.OnLoadEnd
 0001:00059D0C       ceflib.TCefLoadHandlerOwn.OnLoadError
 0001:00059D24       ceflib.TCefLoadHandlerOwn.OnLoadStart
 0001:00059CF8       ceflib.TCefLoadHandlerOwn.OnPluginCrashed
 0001:00059CE4       ceflib.TCefLoadHandlerOwn.OnRenderProcessTerminated
 0001:0005BD64       ceflib.TCefMenuModelRef.AddCheckItem
 0001:0005BDA4       ceflib.TCefMenuModelRef.AddItem
 0001:0005BDE4       ceflib.TCefMenuModelRef.AddRadioItem
 0001:0005BE2C       ceflib.TCefMenuModelRef.AddSeparator
 0001:0005BE54       ceflib.TCefMenuModelRef.AddSubMenu
 0001:0005BE9C       ceflib.TCefMenuModelRef.Clear
 0001:0005BEC4       ceflib.TCefMenuModelRef.GetAccelerator
 0001:0005BF28       ceflib.TCefMenuModelRef.GetAcceleratorAt
 0001:0005BF8C       ceflib.TCefMenuModelRef.GetCommandIdAt
 0001:0005BFB8       ceflib.TCefMenuModelRef.GetCount
 0001:0005BFDC       ceflib.TCefMenuModelRef.GetGroupId
 0001:0005C008       ceflib.TCefMenuModelRef.GetGroupIdAt
 0001:0005C034       ceflib.TCefMenuModelRef.GetIndexOf
 0001:0005C060       ceflib.TCefMenuModelRef.GetLabel
 0001:0005C090       ceflib.TCefMenuModelRef.GetLabelAt
 0001:0005C0C0       ceflib.TCefMenuModelRef.GetSubMenu
 0001:0005C0F8       ceflib.TCefMenuModelRef.GetSubMenuAt
 0001:0005C134       ceflib.TCefMenuModelRef.GetType
 0001:0005C160       ceflib.TCefMenuModelRef.GetTypeAt
 0001:0005C18C       ceflib.TCefMenuModelRef.HasAccelerator
 0001:0005C1BC       ceflib.TCefMenuModelRef.HasAcceleratorAt
 0001:0005C1EC       ceflib.TCefMenuModelRef.InsertCheckItemAt
 0001:0005C234       ceflib.TCefMenuModelRef.InsertItemAt
 0001:0005C27C       ceflib.TCefMenuModelRef.InsertRadioItemAt
 0001:0005C2C8       ceflib.TCefMenuModelRef.InsertSeparatorAt
 0001:0005C2F8       ceflib.TCefMenuModelRef.InsertSubMenuAt
 0001:0005C344       ceflib.TCefMenuModelRef.IsChecked
 0001:0005C374       ceflib.TCefMenuModelRef.IsCheckedAt
 0001:0005C3A4       ceflib.TCefMenuModelRef.IsEnabled
 0001:0005C3D4       ceflib.TCefMenuModelRef.IsEnabledAt
 0001:0005C404       ceflib.TCefMenuModelRef.IsVisible
 0001:0005C434       ceflib.TCefMenuModelRef.isVisibleAt
 0001:0005C464       ceflib.TCefMenuModelRef.Remove
 0001:0005C494       ceflib.TCefMenuModelRef.RemoveAccelerator
 0001:0005C4C4       ceflib.TCefMenuModelRef.RemoveAcceleratorAt
 0001:0005C4F4       ceflib.TCefMenuModelRef.RemoveAt
 0001:0005C524       ceflib.TCefMenuModelRef.SetAccelerator
 0001:0005C570       ceflib.TCefMenuModelRef.SetAcceleratorAt
 0001:0005C5BC       ceflib.TCefMenuModelRef.setChecked
 0001:0005C5F8       ceflib.TCefMenuModelRef.setCheckedAt
 0001:0005C634       ceflib.TCefMenuModelRef.SetCommandIdAt
 0001:0005C668       ceflib.TCefMenuModelRef.SetEnabled
 0001:0005C6A4       ceflib.TCefMenuModelRef.SetEnabledAt
 0001:0005C6E0       ceflib.TCefMenuModelRef.SetGroupId
 0001:0005C714       ceflib.TCefMenuModelRef.SetGroupIdAt
 0001:0005C748       ceflib.TCefMenuModelRef.SetLabel
 0001:0005C788       ceflib.TCefMenuModelRef.SetLabelAt
 0001:0005C7C8       ceflib.TCefMenuModelRef.SetVisible
 0001:0005C804       ceflib.TCefMenuModelRef.SetVisibleAt
 0001:0005C840       ceflib.TCefMenuModelRef.UnWrap
 0001:00056DD4       ceflib.TCefPostDataElementRef.GetBytes
 0001:00056E08       ceflib.TCefPostDataElementRef.GetBytesCount
 0001:00056E2C       ceflib.TCefPostDataElementRef.GetFile
 0001:00056E54       ceflib.TCefPostDataElementRef.GetType
 0001:00056DAC       ceflib.TCefPostDataElementRef.IsReadOnly
 0001:00056E78       ceflib.TCefPostDataElementRef.SetToBytes
 0001:00056EA4       ceflib.TCefPostDataElementRef.SetToEmpty
 0001:00056EC0       ceflib.TCefPostDataElementRef.SetToFile
 0001:00056EF0       ceflib.TCefPostDataElementRef.UnWrap
 0001:00056AB4       ceflib.TCefPostDataRef.AddElement
 0001:00056B64       ceflib.TCefPostDataRef.GetCount
 0001:00056B88       ceflib.TCefPostDataRef.GetElements
 0001:00056A8C       ceflib.TCefPostDataRef.IsReadOnly
 0001:00056C8C       ceflib.TCefPostDataRef.RemoveElement
 0001:00056D3C       ceflib.TCefPostDataRef.RemoveElements
 0001:00056D58       ceflib.TCefPostDataRef.UnWrap
 0001:0005AC08       ceflib.TCefProcessMessageRef.Copy
 0001:0005AC38       ceflib.TCefProcessMessageRef.GetArgumentList
 0001:0005AC68       ceflib.TCefProcessMessageRef.GetName
 0001:0005AC90       ceflib.TCefProcessMessageRef.IsReadOnly
 0001:0005ACB8       ceflib.TCefProcessMessageRef.IsValid
 0001:0005ACE0       ceflib.TCefProcessMessageRef.New
 0001:0005AD18       ceflib.TCefProcessMessageRef.UnWrap
 0001:0005DD10       ceflib.TCefQuotaCallbackRef.Cancel
 0001:0005DD2C       ceflib.TCefQuotaCallbackRef.Cont
 0001:0005DD54       ceflib.TCefQuotaCallbackRef.UnWrap
 0001:0005E5B8       ceflib.TCefRenderHandlerOwn.Create
 0001:0005E65C       ceflib.TCefRenderHandlerOwn.GetRootScreenRect
 0001:0005E678       ceflib.TCefRenderHandlerOwn.GetScreenInfo
 0001:0005E694       ceflib.TCefRenderHandlerOwn.GetScreenPoint
 0001:0005E6B0       ceflib.TCefRenderHandlerOwn.GetViewRect
 0001:0005E6CC       ceflib.TCefRenderHandlerOwn.OnCursorChange
 0001:0005E6E0       ceflib.TCefRenderHandlerOwn.OnPaint
 0001:0005E6F8       ceflib.TCefRenderHandlerOwn.OnPopupShow
 0001:0005E70C       ceflib.TCefRenderHandlerOwn.OnPopupSize
 0001:0005E720       ceflib.TCefRenderHandlerOwn.OnScrollOffsetChanged
 0001:0005D924       ceflib.TCefRenderProcessHandlerOwn.Create
 0001:0005D9DC       ceflib.TCefRenderProcessHandlerOwn.OnBeforeNavigation
 0001:0005D9F8       ceflib.TCefRenderProcessHandlerOwn.OnBrowserCreated
 0001:0005DA08       ceflib.TCefRenderProcessHandlerOwn.OnBrowserDestroyed
 0001:0005DA18       ceflib.TCefRenderProcessHandlerOwn.OnContextCreated
 0001:0005DA30       ceflib.TCefRenderProcessHandlerOwn.OnContextReleased
 0001:0005DA48       ceflib.TCefRenderProcessHandlerOwn.OnFocusedNodeChanged
 0001:0005DA60       ceflib.TCefRenderProcessHandlerOwn.OnProcessMessageReceived
 0001:0005DA7C       ceflib.TCefRenderProcessHandlerOwn.OnRenderThreadCreated
 0001:0005DA8C       ceflib.TCefRenderProcessHandlerOwn.OnUncaughtException
 0001:0005DAA4       ceflib.TCefRenderProcessHandlerOwn.OnWebKitInitialized
 0001:00059D38       ceflib.TCefRequestHandlerOwn.Create
 0001:00059DE4       ceflib.TCefRequestHandlerOwn.GetAuthCredentials
 0001:00059E00       ceflib.TCefRequestHandlerOwn.GetCookieManager
 0001:00059E74       ceflib.TCefRequestHandlerOwn.GetResourceHandler
 0001:00059E20       ceflib.TCefRequestHandlerOwn.OnBeforePluginLoad
 0001:00059E3C       ceflib.TCefRequestHandlerOwn.OnBeforeResourceLoad
 0001:00059E58       ceflib.TCefRequestHandlerOwn.OnCertificateError
 0001:00059E94       ceflib.TCefRequestHandlerOwn.OnProtocolExecution
 0001:00059EAC       ceflib.TCefRequestHandlerOwn.OnQuotaRequest
 0001:00059EC8       ceflib.TCefRequestHandlerOwn.OnResourceRedirect
 0001:00056F6C       ceflib.TCefRequestRef.Assign
 0001:00057044       ceflib.TCefRequestRef.GetFirstPartyForCookies
 0001:0005706C       ceflib.TCefRequestRef.GetFlags
 0001:00057090       ceflib.TCefRequestRef.GetHeaderMap
 0001:000570BC       ceflib.TCefRequestRef.GetMethod
 0001:000570E4       ceflib.TCefRequestRef.GetPostData
 0001:00057114       ceflib.TCefRequestRef.GetUrl
 0001:00056F44       ceflib.TCefRequestRef.IsReadOnly
 0001:0005713C       ceflib.TCefRequestRef.SetFirstPartyForCookies
 0001:0005716C       ceflib.TCefRequestRef.SetFlags
 0001:00057194       ceflib.TCefRequestRef.SetHeaderMap
 0001:000571C0       ceflib.TCefRequestRef.SetMethod
 0001:000571F0       ceflib.TCefRequestRef.SetPostData
 0001:000572A0       ceflib.TCefRequestRef.SetUrl
 0001:000572D0       ceflib.TCefRequestRef.UnWrap
 0001:0005DAB0       ceflib.TCefResourceHandlerOwn.Cancel
 0001:0005DABC       ceflib.TCefResourceHandlerOwn.CanGetCookie
 0001:0005DAD4       ceflib.TCefResourceHandlerOwn.CanSetCookie
 0001:0005DAEC       ceflib.TCefResourceHandlerOwn.Create
[...]
   945 0001:000CE7C0   946 0001:000CE7CC   947 0001:000CE7E0   952 0001:000CE7E8
   953 0001:000CE803   954 0001:000CE80D   955 0001:000CE81B   960 0001:000CE83C
   961 0001:000CE84C   963 0001:000CE87B   967 0001:000CE888   968 0001:000CE898
   969 0001:000CE8B0   973 0001:000CE8B8   974 0001:000CE8C8   975 0001:000CE8E4
   979 0001:000CE8EC   980 0001:000CE8FC   981 0001:000CE91B   985 0001:000CE928
   986 0001:000CE938   987 0001:000CE953   991 0001:000CE960   992 0001:000CE970
   993 0001:000CE988   998 0001:000CE990   999 0001:000CE9A0  1000 0001:000CE9C1
  1004 0001:000CE9CC  1005 0001:000CE9DC  1006 0001:000CE9F8  1011 0001:000CEA00
  1012 0001:000CEA1B  1013 0001:000CEA25  1014 0001:000CEA33  1019 0001:000CEA54
  1020 0001:000CEA64  1022 0001:000CEA8B  1027 0001:000CEA98  1028 0001:000CEAB3
  1029 0001:000CEABD  1030 0001:000CEACB  1034 0001:000CEAEC  1035 0001:000CEAFC
  1036 0001:000CEB13  1040 0001:000CEB1C  1041 0001:000CEB2C  1042 0001:000CEB43
  1046 0001:000CEB4C  1047 0001:000CEB5C  1048 0001:000CEB7F  1052 0001:000CEB8C
  1053 0001:000CEB9C  1054 0001:000CEBB3  1058 0001:000CEBBC  1059 0001:000CEBCC
  1060 0001:000CEBE0  1065 0001:000CEBE8  1066 0001:000CEBF8  1067 0001:000CEC20
  1071 0001:000CEC28  1072 0001:000CEC38  1073 0001:000CEC4C  1077 0001:000CEC54
  1078 0001:000CEC64  1079 0001:000CEC78  1083 0001:000CEC80  1084 0001:000CEC8C
  1085 0001:000CEC9D  1090 0001:000CECA4  1091 0001:000CECBF  1092 0001:000CECC9
  1093 0001:000CECD7  1097 0001:000CECF8  1098 0001:000CED08  1099 0001:000CED23
  1101 0001:000CED34

Line numbers for cefvcl(cefvcl.pas) segment .text

   654 0001:000D16D0   655 0001:000D16D3   656 0001:000D16DC   658 0001:000D16E5
   659 0001:000D16EC   660 0001:000D16FA   662 0001:000D170C   665 0001:000D171B
   669 0001:000D1720   670 0001:000D173B   672 0001:000D174C   673 0001:000D1755
   674 0001:000D176A   676 0001:000D1774   679 0001:000D1798   681 0001:000D17A9
   682 0001:000D17B3   683 0001:000D17BC   685 0001:000D17C9   686 0001:000D17D7
   691 0001:000D17EC   692 0001:000D1807   693 0001:000D1814   695 0001:000D1826
   696 0001:000D182F   698 0001:000D1860   699 0001:000D1875   701 0001:000D188A
   702 0001:000D1897   703 0001:000D18A4   704 0001:000D18AF   705 0001:000D18BC
   713 0001:000D1900   714 0001:000D1922   716 0001:000D192F   717 0001:000D193E
   718 0001:000D194C   719 0001:000D1953   720 0001:000D195E   721 0001:000D1967
   722 0001:000D1970   723 0001:000D197F   725 0001:000D198E   726 0001:000D19A0
   727 0001:000D19AA   731 0001:000D19B8   732 0001:000D19EC   735 0001:000D1A03
   738 0001:000D1A28   739 0001:000D1A34   740 0001:000D1A3F   741 0001:000D1A47
   744 0001:000D1A4C   745 0001:000D1A73   747 0001:000D1A7F   748 0001:000D1A8D
   750 0001:000D1AA6   751 0001:000D1AB2   752 0001:000D1AD0   753 0001:000D1ADD
   754 0001:000D1AEA   755 0001:000D1AF8   756 0001:000D1B06   757 0001:000D1B14
   760 0001:000D1B5C   761 0001:000D1B68   762 0001:000D1B87   763 0001:000D1BB0
   764 0001:000D1BD9   765 0001:000D1C02   766 0001:000D1C2B   767 0001:000D1C54
   768 0001:000D1C7D   769 0001:000D1C8F   770 0001:000D1CA1   771 0001:000D1CB3
   772 0001:000D1CC5   773 0001:000D1CD7   774 0001:000D1CFD   776 0001:000D1D23
   777 0001:000D1D35   778 0001:000D1D47   779 0001:000D1D5C   780 0001:000D1D71
   781 0001:000D1D86   782 0001:000D1D9B   783 0001:000D1DB0   784 0001:000D1DC5
   785 0001:000D1DDA   786 0001:000D1DEF   787 0001:000D1E04   788 0001:000D1E19
   789 0001:000D1E2E   790 0001:000D1E43   791 0001:000D1E58   792 0001:000D1E6D
   793 0001:000D1E82   794 0001:000D1E97   795 0001:000D1EAC   796 0001:000D1EC1
   797 0001:000D1ED6   802 0001:000D1F94   803 0001:000D1FB3   804 0001:000D1FBB
   806 0001:000D1FC7   807 0001:000D1FD8   808 0001:000D1FDE   810 0001:000D1FE9
   813 0001:000D200C   814 0001:000D2013   815 0001:000D201B   816 0001:000D202C
   838 0001:000D2030   839 0001:000D2052   840 0001:000D205A   842 0001:000D2067
   843 0001:000D2078   845 0001:000D209A   846 0001:000D20A5   847 0001:000D20AF
   848 0001:000D20BD   852 0001:000D2104   856 0001:000D2115   859 0001:000D214C
   860 0001:000D216E   863 0001:000D2196   864 0001:000D21BF   865 0001:000D21E9
   868 0001:000D21F6   869 0001:000D220B   871 0001:000D2218   872 0001:000D2228
   873 0001:000D2234   875 0001:000D2241   877 0001:000D224D   879 0001:000D2258
   882 0001:000D2284   883 0001:000D2291   884 0001:000D2295   885 0001:000D22A2
   886 0001:000D22BB   890 0001:000D22C4   891 0001:000D22D4   892 0001:000D22E1
   893 0001:000D22FE   896 0001:000D2308   897 0001:000D2315   898 0001:000D2322
   899 0001:000D2337   902 0001:000D233C   903 0001:000D2349   904 0001:000D2356
   905 0001:000D236B   910 0001:000D2370   911 0001:000D2380   912 0001:000D238D
   913 0001:000D23AE   918 0001:000D23B8   919 0001:000D23C8   920 0001:000D23D5
   921 0001:000D23F6   925 0001:000D2400   926 0001:000D2410   927 0001:000D2414
   928 0001:000D2421   929 0001:000D2446   936 0001:000D2450   937 0001:000D2460
   938 0001:000D2464   939 0001:000D2471   941 0001:000D24AA   945 0001:000D24B4
   946 0001:000D24C4   947 0001:000D24C8   948 0001:000D24D5   949 0001:000D24F6
   954 0001:000D2500   955 0001:000D2510   956 0001:000D2514   957 0001:000D2521
   958 0001:000D2546   962 0001:000D2550   963 0001:000D2560   964 0001:000D256D
   965 0001:000D258A   969 0001:000D2594   970 0001:000D25A4   971 0001:000D25A8
   972 0001:000D25B5   973 0001:000D25DA   978 0001:000D25E4   979 0001:000D25F4
   980 0001:000D25F8   981 0001:000D2605   982 0001:000D262F   986 0001:000D263C
   987 0001:000D264C   988 0001:000D2659   989 0001:000D2672   993 0001:000D2678
   995 0001:000D2687   998 0001:000D268C   999 0001:000D2699  1000 0001:000D26A6
  1001 0001:000D26BB  1006 0001:000D26C0  1007 0001:000D26D0  1008 0001:000D26DD
  1009 0001:000D26FA  1013 0001:000D2704  1014 0001:000D2714  1015 0001:000D2718
  1016 0001:000D2725  1017 0001:000D2746  1022 0001:000D2750  1023 0001:000D2760
  1024 0001:000D2764  1025 0001:000D2771  1027 0001:000D279E  1032 0001:000D27A8
  1033 0001:000D27B8  1034 0001:000D27BC  1035 0001:000D27C9  1037 0001:000D27FE
  1041 0001:000D2808  1042 0001:000D2818  1043 0001:000D2825  1044 0001:000D2849
  1045 0001:000D2851  1049 0001:000D2858  1050 0001:000D2868  1051 0001:000D2875
  1052 0001:000D289D  1053 0001:000D28A5  1057 0001:000D28AC  1058 0001:000D28BB
  1059 0001:000D28BF  1063 0001:000D28C8  1064 0001:000D28D7  1065 0001:000D28DB
  1069 0001:000D28E4  1070 0001:000D28F3  1071 0001:000D28F7  1075 0001:000D2900
  1076 0001:000D290F  1077 0001:000D2913  1080 0001:000D291C  1081 0001:000D2929
  1082 0001:000D2936  1083 0001:000D294B  1089 0001:000D2950  1090 0001:000D2976
  1091 0001:000D297A  1092 0001:000D2987  1094 0001:000D29BC  1098 0001:000D29E4
  1099 0001:000D29F4  1100 0001:000D29F8  1101 0001:000D2A05  1102 0001:000D2A26
  1106 0001:000D2A30  1107 0001:000D2A40  1108 0001:000D2A4D  1109 0001:000D2A6A
  1114 0001:000D2A74  1115 0001:000D2A84  1116 0001:000D2A91  1117 0001:000D2AB6
  1121 0001:000D2AC0  1122 0001:000D2AD0  1123 0001:000D2ADD  1124 0001:000D2AFE
  1128 0001:000D2B08  1129 0001:000D2B18  1130 0001:000D2B25  1131 0001:000D2B3E
  1136 0001:000D2B44  1138 0001:000D2B53  1142 0001:000D2B5C  1143 0001:000D2B6C
  1144 0001:000D2B79  1145 0001:000D2B92  1149 0001:000D2B98  1151 0001:000D2BA7
  1155 0001:000D2BAC  1157 0001:000D2BBB  1162 0001:000D2BC0  1163 0001:000D2BD0
  1164 0001:000D2BD4  1165 0001:000D2BE1  1166 0001:000D2C06  1170 0001:000D2C10
  1171 0001:000D2C20  1172 0001:000D2C24  1173 0001:000D2C31  1174 0001:000D2C52
  1178 0001:000D2C5C  1179 0001:000D2C6C  1180 0001:000D2C79  1181 0001:000D2C96
  1186 0001:000D2CA0  1187 0001:000D2CB0  1188 0001:000D2CB4  1189 0001:000D2CC1
  1190 0001:000D2CE8  1194 0001:000D2CF4  1195 0001:000D2D04  1196 0001:000D2D11
  1197 0001:000D2D2A  1202 0001:000D2D30  1203 0001:000D2D40  1204 0001:000D2D4D
  1205 0001:000D2D6E  1208 0001:000D2D78  1209 0001:000D2D85  1210 0001:000D2D92
  1211 0001:000D2DA7  1215 0001:000D2DAC  1216 0001:000D2DBC  1217 0001:000D2DC9
  1218 0001:000D2DEA  1221 0001:000D2DF4  1223 0001:000D2E00  1227 0001:000D2E04
  1228 0001:000D2E14  1229 0001:000D2E18  1230 0001:000D2E25  1231 0001:000D2E42
  1235 0001:000D2E4C  1236 0001:000D2E5C  1237 0001:000D2E69  1238 0001:000D2E82
  1242 0001:000D2E88  1243 0001:000D2E98  1244 0001:000D2EA5  1245 0001:000D2EBE
  1249 0001:000D2EC4  1250 0001:000D2ED4  1251 0001:000D2EE1  1252 0001:000D2EFA
  1256 0001:000D2F00  1257 0001:000D2F10  1258 0001:000D2F14  1259 0001:000D2F21
  1260 0001:000D2F3E  1263 0001:000D2F48  1264 0001:000D2F55  1265 0001:000D2F59
  1266 0001:000D2F66  1267 0001:000D2F7F  1799 0001:000D2F87

Line numbers for uCommon(uCommon.pas) segment .text

    18 0001:000D670C    19 0001:000D6754    20 0001:000D675B    22 0001:000D676F
    24 0001:000D6784    25 0001:000D678A    27 0001:000D678C    20 0001:000D678F
    28 0001:000D6794    35 0001:000D67D0    36 0001:000D67DF    37 0001:000D67FB
    38 0001:000D6804    39 0001:000D6830    40 0001:000D6846    41 0001:000D6861
    43 0001:000D687E    45 0001:000D6884    49 0001:000D68CB    51 0001:000D68EC
    52 0001:000D68FA    59 0001:000D69A1    61 0001:000D69AB    63 0001:000D6A07

Line numbers for uConst(uConst.pas) segment .text

    18 0001:000D6A34    19 0001:000D6A56    20 0001:000D6A76

Line numbers for uConst(uConst.pas) segment .itext

    22 0002:00000CE8

Line numbers for uWDAppCef(uWDAppCef.pas) segment .text

    80 0001:000D6D5C    81 0001:000D6D80    82 0001:000D6D9E    87 0001:000D6DCC
    88 0001:000D6E0D    89 0001:000D6E16    90 0001:000D6E27    92 0001:000D6E45
    90 0001:000D6E52    94 0001:000D6E5D   102 0001:000D6E94   103 0001:000D6ED7
   104 0001:000D6EE7   105 0001:000D6EF2   107 0001:000D6EFC   109 0001:000D6F13
   111 0001:000D6F25   113 0001:000D6F56   115 0001:000D6F68   117 0001:000D6F95
   119 0001:000D6FA7   121 0001:000D6FD1   124 0001:000D6FF5   126 0001:000D7022
   130 0001:000D7032   107 0001:000D7035   132 0001:000D703E   133 0001:000D704C
   183 0001:000D70B4   184 0001:000D70CC   185 0001:000D70D6   190 0001:000D70F8
   192 0001:000D7107   197 0001:000D7110   199 0001:000D711F   210 0001:000D7128
   211 0001:000D7150   212 0001:000D717C   213 0001:000D7197   214 0001:000D71C4
   215 0001:000D71F0   218 0001:000D720A   219 0001:000D7217   220 0001:000D7225
   221 0001:000D7230   222 0001:000D723F   224 0001:000D7259   225 0001:000D7279
   222 0001:000D727C   226 0001:000D7281   228 0001:000D729D   233 0001:000D72E0
   235 0001:000D72EF   240 0001:000D72F8   242 0001:000D72FF   246 0001:000D7304
   248 0001:000D730B   251 0001:000D7310   252 0001:000D731C   255 0001:000D7320
   258 0001:000D732C   263 0001:000D7330   264 0001:000D7345   265 0001:000D735C

Line numbers for uWDAppCef(uWDAppCef.pas) segment .itext

   260 0002:00000CF0   262 0002:00000CFA

Line numbers for fMain(fMain.pas) segment .text

   171 0001:000D7DAC   172 0001:000D7DCD   173 0001:000D7DDC   174 0001:000D7DEA
   175 0001:000D7DF7   176 0001:000D7E08   177 0001:000D7E22   179 0001:000D7E36
   182 0001:000D7E46   184 0001:000D7E54   185 0001:000D7E78   187 0001:000D7E9D
   190 0001:000D7F84   191 0001:000D7FA7   192 0001:000D7FC4   193 0001:000D7FDE
   194 0001:000D7FF8   196 0001:000D8007   198 0001:000D8013   199 0001:000D8048
   202 0001:000D8052   205 0001:000D807C   206 0001:000D8088   207 0001:000D809B
   210 0001:000D80F4   211 0001:000D8114   212 0001:000D8142   215 0001:000D8184
   216 0001:000D81A4   217 0001:000D81B6   219 0001:000D81E1   224 0001:000D827C
   225 0001:000D8298   226 0001:000D82A3   227 0001:000D82CA   228 0001:000D82F1
   229 0001:000D830B   230 0001:000D8331   234 0001:000D85AC   233 0001:000D85C4
   234 0001:000D8607   235 0001:000D8630   240 0001:000D865C   241 0001:000D8678
   242 0001:000D8683   243 0001:000D86AA   244 0001:000D86D1   245 0001:000D86EB
   246 0001:000D8711   250 0001:000D8980   249 0001:000D8998   250 0001:000D89DB
   251 0001:000D8A04   254 0001:000D8A30   255 0001:000D8A52   256 0001:000D8A64
   257 0001:000D8A99   260 0001:000D8AC4   261 0001:000D8AD0   262 0001:000D8AE3
   265 0001:000D8B88   266 0001:000D8BA7   267 0001:000D8BB9   268 0001:000D8BE7
   271 0001:000D8C08   272 0001:000D8C14   273 0001:000D8C2F   276 0001:000D8C34
   277 0001:000D8C40   278 0001:000D8C52   279 0001:000D8C66   282 0001:000D8C6C
   283 0001:000D8C78   284 0001:000D8C8A   285 0001:000D8CB0   286 0001:000D8CC0
   289 0001:000D8CC4   290 0001:000D8CD0   291 0001:000D8CE2   292 0001:000D8CF6
   295 0001:000D8CFC   296 0001:000D8D08   297 0001:000D8D1A   298 0001:000D8D40
   299 0001:000D8D50   302 0001:000D8D54   303 0001:000D8D60   304 0001:000D8D72
   305 0001:000D8D7E   306 0001:000D8D94   307 0001:000D8DA8   310 0001:000D8DAC
   311 0001:000D8DB8   312 0001:000D8DC4   313 0001:000D8DD3   314 0001:000D8DE0
   315 0001:000D8DFB   318 0001:000D8E20   319 0001:000D8E2F   320 0001:000D8E69
   327 0001:000D8E70   328 0001:000D8E96   332 0001:000D8EB0   334 0001:000D8EC3
   335 0001:000D8ECC   336 0001:000D8ED2   338 0001:000D8ED8   341 0001:000D8EE1
   344 0001:000D8EE8   346 0001:000D8EF3   355 0001:000D8F45   361 0001:000D8F54
   368 0001:000D8F88   369 0001:000D8FAE   370 0001:000D8FC0   371 0001:000D8FD2
   372 0001:000D8FE4   375 0001:000D8FF8   377 0001:000D9025   379 0001:000D9034
   380 0001:000D903E   381 0001:000D904E   382 0001:000D905E   385 0001:000D906A
   386 0001:000D907B   387 0001:000D908B   388 0001:000D909B   389 0001:000D90A5
   391 0001:000D90C2   394 0001:000D90CE   398 0001:000D90DA   402 0001:000D90E0
   406 0001:000D90E6   410 0001:000D90EC   414 0001:000D90F7   418 0001:000D9130
   419 0001:000D913F   420 0001:000D9162   429 0001:000D9168   430 0001:000D9178
   432 0001:000D91B4   433 0001:000D91BF   434 0001:000D91CD   435 0001:000D91D4
   436 0001:000D91DB   437 0001:000D91E2   438 0001:000D91E9   439 0001:000D91F0
   440 0001:000D91F7   442 0001:000D91FE   443 0001:000D920D   444 0001:000D921B
   445 0001:000D922D   462 0001:000D9242   467 0001:000D9248   469 0001:000D9257
   475 0001:000D9266   477 0001:000D926E   482 0001:000D9274   483 0001:000D929A
   484 0001:000D92C7   491 0001:000D92F0   497 0001:000D92FF   502 0001:000D9308
   503 0001:000D932B   504 0001:000D9337   505 0001:000D9367   506 0001:000D9377
   510 0001:000D93AC   511 0001:000D93BB   512 0001:000D93CD   513 0001:000D93D7
   517 0001:000D93E0   518 0001:000D93EF   520 0001:000D9401   522 0001:000D940B
   527 0001:000D9414   528 0001:000D9423   530 0001:000D942B   532 0001:000D9434
   533 0001:000D943C   536 0001:000D9442   541 0001:000D9448   542 0001:000D9457
   556 0001:000D945A   560 0001:000D9460   561 0001:000D946F   562 0001:000D9480
   566 0001:000D9488   567 0001:000D9497   568 0001:000D94A8   569 0001:000D94B3
   572 0001:000D94BC   573 0001:000D94E2   575 0001:000D94EB   577 0001:000D94FD
   578 0001:000D9532   581 0001:000D9537   584 0001:000D9564   585 0001:000D9570
   586 0001:000D9578   589 0001:000D957C   591 0001:000D959F   593 0001:000D95A9
   594 0001:000D95BC   596 0001:000D95D1   595 0001:000D95DD   599 0001:000D960F
   601 0001:000D9630   602 0001:000D9636   609 0001:000D967C   610 0001:000D9688
   611 0001:000D9693   613 0001:000D96A3   614 0001:000D96BB   615 0001:000D96D5
   616 0001:000D96ED   617 0001:000D9707   618 0001:000D9713   619 0001:000D9722
   620 0001:000D972E   621 0001:000D973A   622 0001:000D9746   623 0001:000D9752
   624 0001:000D975E   625 0001:000D976A   626 0001:000D9770   627 0001:000D977C
   628 0001:000D9782   629 0001:000D978E   630 0001:000D9794   631 0001:000D97A0
   632 0001:000D97A6   634 0001:000D97B0   637 0001:000D97B4   638 0001:000D97C0
   639 0001:000D97CB   643 0001:000D97D0   644 0001:000D97DC   646 0001:000D97E5
   647 0001:000D97F7   648 0001:000D9809   649 0001:000D9811   650 0001:000D9819
   651 0001:000D9821   652 0001:000D9829   653 0001:000D983B   655 0001:000D984D
   656 0001:000D9855   657 0001:000D9860   662 0001:000D9864   663 0001:000D9870
   664 0001:000D987E   670 0001:000D9884   671 0001:000D98A9   672 0001:000D98B3
   676 0001:000D98BD   678 0001:000D98DB   679 0001:000D98F9   680 0001:000D9917
   685 0001:000D9984   686 0001:000D9994   687 0001:000D99AF   695 0001:000D99B8
   696 0001:000D99D0   697 0001:000D99DA   715 0001:000D99FC   727 0001:000D9A25
   731 0001:000D9A30   733 0001:000D9A42   735 0001:000D9A69   738 0001:000D9A79
   742 0001:000D9A83   744 0001:000D9AA5   765 0001:000D9AE4   766 0001:000D9AEA
   767 0001:000D9AEF   768 0001:000D9AF4   769 0001:000D9AF9   772 0001:000D9B1D
   773 0001:000D9B4E   777 0001:000D9B84   780 0001:000D9B88   783 0001:000D9BC1
   784 0001:000D9BCC   785 0001:000D9BF5   786 0001:000D9BF9   787 0001:000D9C04
   788 0001:000D9C0F   791 0001:000D9C54   792 0001:000D9C59   793 0001:000D9C6E
   798 0001:000D9C77   801 0001:000D9CA5   803 0001:000D9CB2   806 0001:000D9CC9
   808 0001:000D9CDE   810 0001:000D9CE8   814 0001:000D9CEE   815 0001:000D9D03
   819 0001:000D9D09   820 0001:000D9D1E   824 0001:000D9D24   825 0001:000D9D4A
   829 0001:000D9D50   830 0001:000D9D57   836 0001:000D9D5B   837 0001:000D9D61
   838 0001:000D9D76

Line numbers for fMain(fMain.pas) segment .itext

   841 0002:00000CFC   843 0002:00000D08   845 0002:00000D15   847 0002:00000D24
   849 0002:00000D33   851 0002:00000D52   852 0002:00000D71

Line numbers for uScheme(uScheme.pas) segment .text

   104 0001:000D9EC8   105 0001:000D9ED4   106 0001:000D9EDF   107 0001:000D9EE4
   110 0001:000D9EE9   111 0001:000D9EFB   112 0001:000D9F0D   113 0001:000D9F14
   115 0001:000D9F16   116 0001:000D9F1F   117 0001:000D9F26   118 0001:000D9F28
   120 0001:000D9F31   121 0001:000D9F38   123 0001:000D9F3E   124 0001:000D9F40
   127 0001:000D9F52   128 0001:000D9F5B   129 0001:000D9F63   134 0001:000D9F6C
   135 0001:000D9F77   138 0001:000D9F79   108 0001:000D9F7D   141 0001:000D9F82
   142 0001:000D9F8A   148 0001:000D9F90   149 0001:000D9FAB   150 0001:000D9FC4
   151 0001:000D9FCC   154 0001:000D9FF0   155 0001:000DA001   156 0001:000DA00A
   157 0001:000DA02A   158 0001:000DA038   162 0001:000DA04C   163 0001:000DA066
   164 0001:000DA074   165 0001:000DA082   166 0001:000DA090   167 0001:000DA0A2
   194 0001:000DA0A8   196 0001:000DA0C5   200 0001:000DA0D5   201 0001:000DA10B
   205 0001:000DA130   206 0001:000DA156   207 0001:000DA182   209 0001:000DA1A0
   211 0001:000DA1AF   213 0001:000DA1BE   215 0001:000DA1CD   217 0001:000DA1DC
   219 0001:000DA1EB   221 0001:000DA1FA   223 0001:000DA207   226 0001:000DA334
   227 0001:000DA386   228 0001:000DA38A   230 0001:000DA393   232 0001:000DA3B3
   233 0001:000DA3E3   234 0001:000DA3F6   235 0001:000DA3FC   237 0001:000DA40B
   239 0001:000DA422   240 0001:000DA433   242 0001:000DA443   244 0001:000DA45A
   245 0001:000DA464   247 0001:000DA474   249 0001:000DA498   250 0001:000DA4AA
   253 0001:000DA4BD   254 0001:000DA4C7   256 0001:000DA4D7   258 0001:000DA4E9
   260 0001:000DA516   261 0001:000DA526   264 0001:000DA535   265 0001:000DA540
   266 0001:000DA548   270 0001:000DA764   271 0001:000DA774   272 0001:000DA78A
   273 0001:000DA78E   274 0001:000DA796

Line numbers for uScheme(uScheme.pas) segment .itext

   276 0002:00000D74

Line numbers for WDApp(WDApp.dpr) segment .text

    13 0001:000DA7DC    14 0001:000DA7E3    15 0001:000DA7FA    19 0001:000DFFF4

Line numbers for WDApp(WDApp.dpr) segment .itext

    17 0002:00000D7C    18 0002:00000DC2    19 0002:00000DD2    20 0002:00000DE9
    22 0002:00000DF9    25 0002:00000E02    27 0002:00000E18    28 0002:00000E24
    29 0002:00000E3C    30 0002:00000E48

Bound resource files

d:\program files (x86)\embarcadero\rad studio\8.0\lib\Win32\release\Controls.res
d:\program files (x86)\embarcadero\rad studio\8.0\lib\Win32\release\Buttons.res
d:\program files (x86)\embarcadero\rad studio\8.0\lib\Win32\release\WindowsXP.res
fMain.dfm
WDApp.res
WDApp.drf


Program entry point at 0002:00000D7C
