
 Start         Length     Name                   Class
 0001:00401000 000ED404H .text                   CODE
 0002:004EF000 00000E78H .itext                  ICODE
 0003:004F0000 000025F4H .data                   DATA
 0004:004F3000 000054ECH .bss                    BSS
 0005:00000000 0000003CH .tls                    TLS
 000A:00000000 00000000H .xdata                  PDATA


Detailed map of segments

 0001:00000000 000094FC C=CODE     S=.text    G=(none)   M=System   ACBP=A9
 0001:000094FC 00000110 C=CODE     S=.text    G=(none)   M=SysInit  ACBP=A9
 0001:0000960C 000003FC C=CODE     S=.text    G=(none)   M=Types    ACBP=A9
 0001:00009A08 00001BDC C=CODE     S=.text    G=(none)   M=Windows  ACBP=A9
 0001:0000B5E4 00000360 C=CODE     S=.text    G=(none)   M=SysConst ACBP=A9
 0001:0000B944 000001C8 C=CODE     S=.text    G=(none)   M=RTLConsts ACBP=A9
 0001:0000BB0C 00009118 C=CODE     S=.text    G=(none)   M=Character ACBP=A9
 0001:00014C24 0000041C C=CODE     S=.text    G=(none)   M=ExcUtils ACBP=A9
 0001:00015040 0000E138 C=CODE     S=.text    G=(none)   M=SysUtils ACBP=A9
 0001:00023178 00000258 C=CODE     S=.text    G=(none)   M=Messages ACBP=A9
 0001:000233D0 0000018C C=CODE     S=.text    G=(none)   M=ActiveX  ACBP=A9
 0001:0002355C 00000800 C=CODE     S=.text    G=(none)   M=VarUtils ACBP=A9
 0001:00023D5C 00008298 C=CODE     S=.text    G=(none)   M=Variants ACBP=A9
 0001:0002BFF4 00001760 C=CODE     S=.text    G=(none)   M=TypInfo  ACBP=A9
 0001:0002D754 0001B034 C=CODE     S=.text    G=(none)   M=Classes  ACBP=A9
 0001:00048788 00000028 C=CODE     S=.text    G=(none)   M=Math     ACBP=A9
 0001:000487B0 000002B0 C=CODE     S=.text    G=(none)   M=TimeSpan ACBP=A9
 0001:00048A60 0000152C C=CODE     S=.text    G=(none)   M=SyncObjs ACBP=A9
 0001:00049F8C 0001A6E8 C=CODE     S=.text    G=(none)   M=ceflib   ACBP=A9
 0001:00064674 00000134 C=CODE     S=.text    G=(none)   M=StrUtils ACBP=A9
 0001:000647A8 0000056C C=CODE     S=.text    G=(none)   M=IOUtils  ACBP=A9
 0001:00064D14 00000080 C=CODE     S=.text    G=(none)   M=IniFiles ACBP=A9
 0001:00064D94 00002F24 C=CODE     S=.text    G=(none)   M=Registry ACBP=A9
 0001:00067CB8 000002C0 C=CODE     S=.text    G=(none)   M=Consts   ACBP=A9
 0001:00067F78 0000D8AC C=CODE     S=.text    G=(none)   M=Graphics ACBP=A9
 0001:00075824 00001058 C=CODE     S=.text    G=(none)   M=Contnrs  ACBP=A9
 0001:0007687C 000001D4 C=CODE     S=.text    G=(none)   M=CommCtrl ACBP=A9
 0001:00076A50 00000D58 C=CODE     S=.text    G=(none)   M=UxTheme  ACBP=A9
 0001:000777A8 00000044 C=CODE     S=.text    G=(none)   M=MultiMon ACBP=A9
 0001:000777EC 00002938 C=CODE     S=.text    G=(none)   M=ActnList ACBP=A9
 0001:0007A124 00000064 C=CODE     S=.text    G=(none)   M=Dwmapi   ACBP=A9
 0001:0007A188 0001F71C C=CODE     S=.text    G=(none)   M=Controls ACBP=A9
 0001:000998A4 00005850 C=CODE     S=.text    G=(none)   M=Themes   ACBP=A9
 0001:0009F0F4 0000398C C=CODE     S=.text    G=(none)   M=ImgList  ACBP=A9
 0001:000A2A80 00009B94 C=CODE     S=.text    G=(none)   M=Menus    ACBP=A9
 0001:000AC614 00002068 C=CODE     S=.text    G=(none)   M=HelpIntfs ACBP=A9
 0001:000AE67C 00000388 C=CODE     S=.text    G=(none)   M=FlatSB   ACBP=A9
 0001:000AEA04 00000028 C=CODE     S=.text    G=(none)   M=WinSpool ACBP=A9
 0001:000AEA2C 00001DEC C=CODE     S=.text    G=(none)   M=Printers ACBP=A9
 0001:000B0818 00000008 C=CODE     S=.text    G=(none)   M=ShellAPI ACBP=A9
 0001:000B0820 000001F8 C=CODE     S=.text    G=(none)   M=ShlObj   ACBP=A9
 0001:000B0A18 000023A0 C=CODE     S=.text    G=(none)   M=StdCtrls ACBP=A9
 0001:000B2DB8 00000258 C=CODE     S=.text    G=(none)   M=CommDlg  ACBP=A9
 0001:000B3010 0000178C C=CODE     S=.text    G=(none)   M=GraphUtil ACBP=A9
 0001:000B479C 00002FE8 C=CODE     S=.text    G=(none)   M=ExtCtrls ACBP=A9
 0001:000B7784 00002BF8 C=CODE     S=.text    G=(none)   M=ComCtrls ACBP=A9
 0001:000BA37C 00000048 C=CODE     S=.text    G=(none)   M=WideStrUtils ACBP=A9
 0001:000BA3C4 000068D0 C=CODE     S=.text    G=(none)   M=Dialogs  ACBP=A9
 0001:000C0C94 00000014 C=CODE     S=.text    G=(none)   M=Clipbrd  ACBP=A9
 0001:000C0CA8 0000018C C=CODE     S=.text    G=(none)   M=StdActns ACBP=A9
 0001:000C0E34 00015574 C=CODE     S=.text    G=(none)   M=Forms    ACBP=A9
 0001:000D63A8 00004A64 C=CODE     S=.text    G=(none)   M=cefgui   ACBP=A9
 0001:000DAE0C 000017B8 C=CODE     S=.text    G=(none)   M=AppEvnts ACBP=A9
 0001:000DC5C4 00002B28 C=CODE     S=.text    G=(none)   M=cefvcl   ACBP=A9
 0001:000DF0EC 00003784 C=CODE     S=.text    G=(none)   M=Buttons  ACBP=A9
 0001:000E2870 000002F4 C=CODE     S=.text    G=(none)   M=uCommon  ACBP=A9
 0001:000E2B64 00000100 C=CODE     S=.text    G=(none)   M=uConst   ACBP=A9
 0001:000E2C64 00000860 C=CODE     S=.text    G=(none)   M=uWDAppCef ACBP=A9
 0001:000E34C4 00000F84 C=CODE     S=.text    G=(none)   M=uHashes  ACBP=A9
 0001:000E4448 00002D64 C=CODE     S=.text    G=(none)   M=fMain    ACBP=A9
 0001:000E71AC 000009E8 C=CODE     S=.text    G=(none)   M=uScheme  ACBP=A9
 0001:000E7B94 00005870 C=CODE     S=.text    G=(none)   M=WDApp    ACBP=A9
 0002:00000000 000000AC C=ICODE    S=.itext   G=(none)   M=System   ACBP=A9
 0002:000000AC 00000018 C=ICODE    S=.itext   G=(none)   M=Windows  ACBP=A9
 0002:000000C4 00000020 C=ICODE    S=.itext   G=(none)   M=ExcUtils ACBP=A9
 0002:000000E4 000000C4 C=ICODE    S=.itext   G=(none)   M=SysUtils ACBP=A9
 0002:000001A8 00000010 C=ICODE    S=.itext   G=(none)   M=VarUtils ACBP=A9
 0002:000001B8 000000AC C=ICODE    S=.itext   G=(none)   M=Variants ACBP=A9
 0002:00000264 00000008 C=ICODE    S=.itext   G=(none)   M=TypInfo  ACBP=A9
 0002:0000026C 000000AC C=ICODE    S=.itext   G=(none)   M=Classes  ACBP=A9
 0002:00000318 00000034 C=ICODE    S=.itext   G=(none)   M=TimeSpan ACBP=A9
 0002:0000034C 00000010 C=ICODE    S=.itext   G=(none)   M=SyncObjs ACBP=A9
 0002:0000035C 00000018 C=ICODE    S=.itext   G=(none)   M=ceflib   ACBP=A9
 0002:00000374 00000460 C=ICODE    S=.itext   G=(none)   M=IOUtils  ACBP=A9
 0002:000007D4 00000008 C=ICODE    S=.itext   G=(none)   M=IniFiles ACBP=A9
 0002:000007DC 00000008 C=ICODE    S=.itext   G=(none)   M=Registry ACBP=A9
 0002:000007E4 000000FC C=ICODE    S=.itext   G=(none)   M=Graphics ACBP=A9
 0002:000008E0 0000001C C=ICODE    S=.itext   G=(none)   M=UxTheme  ACBP=A9
 0002:000008FC 0000002C C=ICODE    S=.itext   G=(none)   M=ActnList ACBP=A9
 0002:00000928 00000088 C=ICODE    S=.itext   G=(none)   M=Controls ACBP=A9
 0002:000009B0 00000008 C=ICODE    S=.itext   G=(none)   M=Themes   ACBP=A9
 0002:000009B8 00000088 C=ICODE    S=.itext   G=(none)   M=Menus    ACBP=A9
 0002:00000A40 00000008 C=ICODE    S=.itext   G=(none)   M=HelpIntfs ACBP=A9
 0002:00000A48 00000010 C=ICODE    S=.itext   G=(none)   M=FlatSB   ACBP=A9
 0002:00000A58 00000008 C=ICODE    S=.itext   G=(none)   M=Printers ACBP=A9
 0002:00000A60 00000088 C=ICODE    S=.itext   G=(none)   M=GraphUtil ACBP=A9
 0002:00000AE8 00000054 C=ICODE    S=.itext   G=(none)   M=ExtCtrls ACBP=A9
 0002:00000B3C 0000003C C=ICODE    S=.itext   G=(none)   M=ComCtrls ACBP=A9
 0002:00000B78 00000040 C=ICODE    S=.itext   G=(none)   M=Dialogs  ACBP=A9
 0002:00000BB8 00000078 C=ICODE    S=.itext   G=(none)   M=Clipbrd  ACBP=A9
 0002:00000C30 0000005C C=ICODE    S=.itext   G=(none)   M=Forms    ACBP=A9
 0002:00000C8C 00000034 C=ICODE    S=.itext   G=(none)   M=AppEvnts ACBP=A9
 0002:00000CC0 00000028 C=ICODE    S=.itext   G=(none)   M=Buttons  ACBP=A9
 0002:00000CE8 00000008 C=ICODE    S=.itext   G=(none)   M=uConst   ACBP=A9
 0002:00000CF0 0000000C C=ICODE    S=.itext   G=(none)   M=uWDAppCef ACBP=A9
 0002:00000CFC 0000008C C=ICODE    S=.itext   G=(none)   M=fMain    ACBP=A9
 0002:00000D88 00000008 C=ICODE    S=.itext   G=(none)   M=uScheme  ACBP=A9
 0002:00000D90 000000E8 C=ICODE    S=.itext   G=(none)   M=WDApp    ACBP=A9
 0003:00000000 000009F4 C=DATA     S=.data    G=DGROUP   M=System   ACBP=A9
 0003:000009F4 00000024 C=DATA     S=.data    G=DGROUP   M=SysInit  ACBP=A9
 0003:00000A18 0000000C C=DATA     S=.data    G=DGROUP   M=Windows  ACBP=A9
 0003:00000A24 00000100 C=DATA     S=.data    G=DGROUP   M=Character ACBP=A9
 0003:00000B24 00000118 C=DATA     S=.data    G=DGROUP   M=ExcUtils ACBP=A9
 0003:00000C3C 000001E4 C=DATA     S=.data    G=DGROUP   M=SysUtils ACBP=A9
 0003:00000E20 00000008 C=DATA     S=.data    G=DGROUP   M=VarUtils ACBP=A9
 0003:00000E28 00000144 C=DATA     S=.data    G=DGROUP   M=Variants ACBP=A9
 0003:00000F6C 0000000C C=DATA     S=.data    G=DGROUP   M=TypInfo  ACBP=A9
 0003:00000F78 000000A8 C=DATA     S=.data    G=DGROUP   M=Classes  ACBP=A9
 0003:00001020 0000006C C=DATA     S=.data    G=DGROUP   M=ceflib   ACBP=A9
 0003:0000108C 00000010 C=DATA     S=.data    G=DGROUP   M=IOUtils  ACBP=A9
 0003:0000109C 0000000C C=DATA     S=.data    G=DGROUP   M=IniFiles ACBP=A9
 0003:000010A8 00000024 C=DATA     S=.data    G=DGROUP   M=Registry ACBP=A9
 0003:000010CC 000003C4 C=DATA     S=.data    G=DGROUP   M=Graphics ACBP=A9
 0003:00001490 000001B8 C=DATA     S=.data    G=DGROUP   M=Controls ACBP=A9
 0003:00001648 00000068 C=DATA     S=.data    G=DGROUP   M=Themes   ACBP=A9
 0003:000016B0 00000050 C=DATA     S=.data    G=DGROUP   M=ImgList  ACBP=A9
 0003:00001700 00000140 C=DATA     S=.data    G=DGROUP   M=Menus    ACBP=A9
 0003:00001840 0000000C C=DATA     S=.data    G=DGROUP   M=Printers ACBP=A9
 0003:0000184C 00000020 C=DATA     S=.data    G=DGROUP   M=ShlObj   ACBP=A9
 0003:0000186C 00000054 C=DATA     S=.data    G=DGROUP   M=StdCtrls ACBP=A9
 0003:000018C0 00000450 C=DATA     S=.data    G=DGROUP   M=GraphUtil ACBP=A9
 0003:00001D10 00000020 C=DATA     S=.data    G=DGROUP   M=ExtCtrls ACBP=A9
 0003:00001D30 00000020 C=DATA     S=.data    G=DGROUP   M=ComCtrls ACBP=A9
 0003:00001D50 00000198 C=DATA     S=.data    G=DGROUP   M=Dialogs  ACBP=A9
 0003:00001EE8 00000144 C=DATA     S=.data    G=DGROUP   M=Forms    ACBP=A9
 0003:0000202C 00000004 C=DATA     S=.data    G=DGROUP   M=AppEvnts ACBP=A9
 0003:00002030 0000000C C=DATA     S=.data    G=DGROUP   M=cefvcl   ACBP=A9
 0003:0000203C 00000048 C=DATA     S=.data    G=DGROUP   M=Buttons  ACBP=A9
 0003:00002084 0000000C C=DATA     S=.data    G=DGROUP   M=uConst   ACBP=A9
 0003:00002090 00000020 C=DATA     S=.data    G=DGROUP   M=fMain    ACBP=A9
 0004:00000000 00002C30 C=BSS      S=.bss     G=DGROUP   M=System   ACBP=A9
 0004:00002C30 0000000C C=BSS      S=.bss     G=DGROUP   M=SysInit  ACBP=A9
 0004:00002C3C 00000008 C=BSS      S=.bss     G=DGROUP   M=Windows  ACBP=A9
 0004:00002C44 0000001C C=BSS      S=.bss     G=DGROUP   M=Character ACBP=A9
 0004:00002C60 00000004 C=BSS      S=.bss     G=DGROUP   M=ExcUtils ACBP=A9
 0004:00002C64 00002250 C=BSS      S=.bss     G=DGROUP   M=SysUtils ACBP=A9
 0004:00004EB4 0000005C C=BSS      S=.bss     G=DGROUP   M=VarUtils ACBP=A9
 0004:00004F10 00000040 C=BSS      S=.bss     G=DGROUP   M=Variants ACBP=A9
 0004:00004F50 00000004 C=BSS      S=.bss     G=DGROUP   M=TypInfo  ACBP=A9
 0004:00004F54 00000038 C=BSS      S=.bss     G=DGROUP   M=Classes  ACBP=A9
 0004:00004F8C 00000014 C=BSS      S=.bss     G=DGROUP   M=TimeSpan ACBP=A9
 0004:00004FA0 00000018 C=BSS      S=.bss     G=DGROUP   M=SyncObjs ACBP=A9
 0004:00004FB8 00000214 C=BSS      S=.bss     G=DGROUP   M=ceflib   ACBP=A9
 0004:000051CC 00000024 C=BSS      S=.bss     G=DGROUP   M=IOUtils  ACBP=A9
 0004:000051F0 00000004 C=BSS      S=.bss     G=DGROUP   M=IniFiles ACBP=A9
 0004:000051F4 00000004 C=BSS      S=.bss     G=DGROUP   M=Registry ACBP=A9
 0004:000051F8 00000064 C=BSS      S=.bss     G=DGROUP   M=Graphics ACBP=A9
 0004:0000525C 00000008 C=BSS      S=.bss     G=DGROUP   M=CommCtrl ACBP=A9
 0004:00005264 000000CC C=BSS      S=.bss     G=DGROUP   M=UxTheme  ACBP=A9
 0004:00005330 00000004 C=BSS      S=.bss     G=DGROUP   M=ActnList ACBP=A9
 0004:00005334 0000008C C=BSS      S=.bss     G=DGROUP   M=Controls ACBP=A9
 0004:000053C0 0000000C C=BSS      S=.bss     G=DGROUP   M=Themes   ACBP=A9
 0004:000053CC 00000008 C=BSS      S=.bss     G=DGROUP   M=ImgList  ACBP=A9
 0004:000053D4 00000010 C=BSS      S=.bss     G=DGROUP   M=Menus    ACBP=A9
 0004:000053E4 00000008 C=BSS      S=.bss     G=DGROUP   M=HelpIntfs ACBP=A9
 0004:000053EC 00000034 C=BSS      S=.bss     G=DGROUP   M=FlatSB   ACBP=A9
 0004:00005420 00000004 C=BSS      S=.bss     G=DGROUP   M=Printers ACBP=A9
 0004:00005424 00000010 C=BSS      S=.bss     G=DGROUP   M=GraphUtil ACBP=A9
 0004:00005434 00000008 C=BSS      S=.bss     G=DGROUP   M=ExtCtrls ACBP=A9
 0004:0000543C 00000010 C=BSS      S=.bss     G=DGROUP   M=ComCtrls ACBP=A9
 0004:0000544C 0000000C C=BSS      S=.bss     G=DGROUP   M=Dialogs  ACBP=A9
 0004:00005458 0000000C C=BSS      S=.bss     G=DGROUP   M=Clipbrd  ACBP=A9
 0004:00005464 00000028 C=BSS      S=.bss     G=DGROUP   M=Forms    ACBP=A9
 0004:0000548C 00000004 C=BSS      S=.bss     G=DGROUP   M=AppEvnts ACBP=A9
 0004:00005490 00000030 C=BSS      S=.bss     G=DGROUP   M=Buttons  ACBP=A9
 0004:000054C0 00000004 C=BSS      S=.bss     G=DGROUP   M=uConst   ACBP=A9
 0004:000054C4 0000000C C=BSS      S=.bss     G=DGROUP   M=uWDAppCef ACBP=A9
 0004:000054D0 0000000C C=BSS      S=.bss     G=DGROUP   M=fMain    ACBP=A9
 0004:000054DC 00000008 C=BSS      S=.bss     G=DGROUP   M=uScheme  ACBP=A9
 0004:000054E4 00000008 C=BSS      S=.bss     G=DGROUP   M=WDApp    ACBP=A9
 0005:00000000 00000008 C=TLS      S=.tls     G=(none)   M=System   ACBP=A9
 0005:00000008 0000000C C=TLS      S=.tls     G=(none)   M=Classes  ACBP=A9
 0005:00000014 00000004 C=TLS      S=.tls     G=(none)   M=SyncObjs ACBP=A9
 0005:00000018 00000024 C=TLS      S=.tls     G=(none)   M=GraphUtil ACBP=A9


  Address             Publics by Name

 0001:00023534       ActiveX.CoCreateInstance
 0001:0002353C       ActiveX.CoTaskMemAlloc
 0001:00023544       ActiveX.CoTaskMemFree
 0001:0002354C       ActiveX.OleInitialize
 0001:00023554       ActiveX.OleUninitialize
 0004:00005330       ActnList..9
 0001:00078BA0       ActnList..TAction
 0001:00078F70       ActnList..TActionLink
 0001:00078178       ActnList..TActionList
 0001:00077AF4       ActnList..TActionListEnumerator
 0001:000777EC       ActnList..TContainedAction
 0001:0007856C       ActnList..TCustomAction
 0001:00077D64       ActnList..TCustomActionList
 0001:00078344       ActnList..TShortCutList
 0002:000008FC       ActnList.ActnList
 0001:0007A11C       ActnList.Finalization
 0001:0007A09C       ActnList.TAction.Create
 0001:00079728       ActnList.TActionLink.IsCaptionLinked
 0001:0007973C       ActnList.TActionLink.IsCheckedLinked
 0001:00079750       ActnList.TActionLink.IsEnabledLinked
 0001:00079764       ActnList.TActionLink.IsGroupIndexLinked
 0001:00079778       ActnList.TActionLink.IsHelpContextLinked
 0001:0007978C       ActnList.TActionLink.IsHelpLinked
 0001:000797A0       ActnList.TActionLink.IsHintLinked
 0001:000797B4       ActnList.TActionLink.IsImageIndexLinked
 0001:000797C8       ActnList.TActionLink.IsShortCutLinked
 0001:000797DC       ActnList.TActionLink.IsVisibleLinked
 0001:000797F0       ActnList.TActionLink.SetAutoCheck
 0001:000797F4       ActnList.TActionLink.SetCaption
 0001:000797F8       ActnList.TActionLink.SetChecked
 0001:000797FC       ActnList.TActionLink.SetEnabled
 0001:00079800       ActnList.TActionLink.SetGroupIndex
 0001:00079804       ActnList.TActionLink.SetHelpContext
 0001:00079808       ActnList.TActionLink.SetHelpKeyword
 0001:0007980C       ActnList.TActionLink.SetHelpType
 0001:00079810       ActnList.TActionLink.SetHint
 0001:00079814       ActnList.TActionLink.SetImageIndex
 0001:00079818       ActnList.TActionLink.SetShortCut
 0001:0007981C       ActnList.TActionLink.SetVisible
 0001:0007928C       ActnList.TActionListEnumerator.Create
 0001:000792D0       ActnList.TActionListEnumerator.GetCurrent
 0001:000792DC       ActnList.TActionListEnumerator.MoveNext
 0001:00079078       ActnList.TContainedAction.Destroy
 0001:000791E4       ActnList.TContainedAction.Execute
 0001:000790AC       ActnList.TContainedAction.GetIndex
 0001:000790C8       ActnList.TContainedAction.GetParentComponent
 0001:000790D8       ActnList.TContainedAction.HasParent
 0001:000790C4       ActnList.TContainedAction.IsCategoryStored
 0001:000790E8       ActnList.TContainedAction.ReadState
 0001:00079190       ActnList.TContainedAction.SetActionList
 0001:00079164       ActnList.TContainedAction.SetCategory
 0001:0007911C       ActnList.TContainedAction.SetIndex
 0001:000791B8       ActnList.TContainedAction.SetParentComponent
 0001:0007923C       ActnList.TContainedAction.Update
 0001:000798CC       ActnList.TCustomAction.AssignTo
 0001:00079820       ActnList.TCustomAction.Create
 0001:00079874       ActnList.TCustomAction.Destroy
 0001:00079F58       ActnList.TCustomAction.DoHint
 0001:00079F80       ActnList.TCustomAction.Execute
 0001:00079FE4       ActnList.TCustomAction.GetSecondaryShortCuts
 0001:0007A064       ActnList.TCustomAction.HandleShortCut
 0001:0007A040       ActnList.TCustomAction.IsSecondaryShortCutsStored
 0001:000799D8       ActnList.TCustomAction.SetAutoCheck
 0001:00079A38       ActnList.TCustomAction.SetCaption
 0001:00079A98       ActnList.TCustomAction.SetChecked
 0001:00079BA0       ActnList.TCustomAction.SetEnabled
 0001:00079C1C       ActnList.TCustomAction.SetGroupIndex
 0001:00079D34       ActnList.TCustomAction.SetHelpContext
 0001:00079CCC       ActnList.TCustomAction.SetHelpKeyword
 0001:00079C74       ActnList.TCustomAction.SetHelpType
 0001:00079D8C       ActnList.TCustomAction.SetHint
 0001:00079DEC       ActnList.TCustomAction.SetImageIndex
 0001:00079F0C       ActnList.TCustomAction.SetName
 0001:0007A00C       ActnList.TCustomAction.SetSecondaryShortCuts
 0001:00079E48       ActnList.TCustomAction.SetShortCut
 0001:00079EAC       ActnList.TCustomAction.SetVisible
 0001:000794F0       ActnList.TCustomActionList.AddAction
 0001:00079538       ActnList.TCustomActionList.Change
 0001:000792F8       ActnList.TCustomActionList.Create
 0001:00079364       ActnList.TCustomActionList.Destroy
 0001:00079644       ActnList.TCustomActionList.ExecuteAction
 0001:00079434       ActnList.TCustomActionList.GetAction
 0001:00079448       ActnList.TCustomActionList.GetActionCount
 0001:000793BC       ActnList.TCustomActionList.GetChildren
 0001:00079450       ActnList.TCustomActionList.GetEnumerator
 0001:00079494       ActnList.TCustomActionList.ImageListChange
 0001:000795A0       ActnList.TCustomActionList.IsShortCut
 0001:000794A0       ActnList.TCustomActionList.Notification
 0001:00079510       ActnList.TCustomActionList.RemoveAction
 0001:00079404       ActnList.TCustomActionList.SetChildOrder
 0001:00079460       ActnList.TCustomActionList.SetImages
 0001:00079684       ActnList.TCustomActionList.SetState
 0001:00079664       ActnList.TCustomActionList.UpdateAction
 0001:0007A070       ActnList.TShortCutList.Add
 0001:0007A0D8       ActnList.TShortCutList.IndexOfShortCut
 0004:0000548C       AppEvnts..3
 0001:000DB110       AppEvnts..TApplicationEvents
 0001:000DAE0C       AppEvnts..TCustomApplicationEvents
 0001:000DB4A8       AppEvnts..TMultiCaster
 0002:00000C8C       AppEvnts.AppEvnts
 0001:000DC5BC       AppEvnts.Finalization
 0003:0000202C       AppEvnts.MultiCaster
 0001:000DB77C       AppEvnts.TCustomApplicationEvents.Activate
 0001:000DB794       AppEvnts.TCustomApplicationEvents.CancelDispatch
 0001:000DB7A8       AppEvnts.TCustomApplicationEvents.Create
 0001:000DB7F4       AppEvnts.TCustomApplicationEvents.DoActionExecute
 0001:000DB808       AppEvnts.TCustomApplicationEvents.DoActionUpdate
 0001:000DB81C       AppEvnts.TCustomApplicationEvents.DoActivate
 0001:000DB830       AppEvnts.TCustomApplicationEvents.DoDeactivate
 0001:000DB844       AppEvnts.TCustomApplicationEvents.DoException
 0001:000DB874       AppEvnts.TCustomApplicationEvents.DoHelp
 0001:000DB894       AppEvnts.TCustomApplicationEvents.DoHint
 0001:000DB90C       AppEvnts.TCustomApplicationEvents.DoIdle
 0001:000DB920       AppEvnts.TCustomApplicationEvents.DoMessage
 0001:000DB934       AppEvnts.TCustomApplicationEvents.DoMinimize
 0001:000DB9DC       AppEvnts.TCustomApplicationEvents.DoModalBegin
 0001:000DB9F8       AppEvnts.TCustomApplicationEvents.DoModalEnd
 0001:000DB950       AppEvnts.TCustomApplicationEvents.DoRestore
 0001:000DB9B0       AppEvnts.TCustomApplicationEvents.DoSettingChange
 0001:000DB96C       AppEvnts.TCustomApplicationEvents.DoShortcut
 0001:000DB988       AppEvnts.TCustomApplicationEvents.DoShowHint
 0001:000DBA14       AppEvnts.TMultiCaster.Activate
 0001:000DBA5C       AppEvnts.TMultiCaster.AddAppEvent
 0001:000DBA80       AppEvnts.TMultiCaster.BeginDispatch
 0001:000DBA84       AppEvnts.TMultiCaster.CancelDispatch
 0001:000DBA8C       AppEvnts.TMultiCaster.CheckDispatching
 0001:000DBAA0       AppEvnts.TMultiCaster.Create
 0001:000DBC18       AppEvnts.TMultiCaster.Destroy
 0001:000DBD54       AppEvnts.TMultiCaster.DoActionExecute
 0001:000DBDD0       AppEvnts.TMultiCaster.DoActionUpdate
 0001:000DBE4C       AppEvnts.TMultiCaster.DoActivate
 0001:000DBEC0       AppEvnts.TMultiCaster.DoDeactivate
 0001:000DBF34       AppEvnts.TMultiCaster.DoException
 0001:000DBFF0       AppEvnts.TMultiCaster.DoHelp
 0001:000DC090       AppEvnts.TMultiCaster.DoHint
 0001:000DC104       AppEvnts.TMultiCaster.DoIdle
 0001:000DC180       AppEvnts.TMultiCaster.DoMessage
 0001:000DC1FC       AppEvnts.TMultiCaster.DoMinimize
 0001:000DC4D4       AppEvnts.TMultiCaster.DoModalBegin
 0001:000DC548       AppEvnts.TMultiCaster.DoModalEnd
 0001:000DC270       AppEvnts.TMultiCaster.DoRestore
 0001:000DC3E0       AppEvnts.TMultiCaster.DoSettingChange
 0001:000DC2E4       AppEvnts.TMultiCaster.DoShortcut
 0001:000DC360       AppEvnts.TMultiCaster.DoShowHint
 0001:000DC464       AppEvnts.TMultiCaster.EndDispatch
 0001:000DC4B8       AppEvnts.TMultiCaster.GetAppEvents
 0001:000DC4CC       AppEvnts.TMultiCaster.GetCount
 0004:00005490       Buttons..5
 0001:000DFFF0       Buttons..TButtonGlyph
 0001:000DFE24       Buttons..TGlyphCache
 0001:000DFBE8       Buttons..TGlyphList
 0001:000DF360       Buttons..TSpeedButton
 0001:000DF1B0       Buttons..TSpeedButtonActionLink
 0003:0000203C       Buttons.BitBtnCaptions
 0004:00005494       Buttons.BitBtnGlyphs
 0003:0000206C       Buttons.ButtonCount
 0002:00000CC0       Buttons.Buttons
 0001:000E27C8       Buttons.DestroyLocals
 0001:000E0F18       Buttons.DoDrawText
 0001:000E18F8       Buttons.DoGlassPaint
 0003:00002070       Buttons.DownStyles
 0003:00002078       Buttons.FillStyles
 0001:000E2860       Buttons.Finalization
 0003:00002068       Buttons.GlyphCache
 0003:00002080       Buttons.NewState
 0001:000E116C       Buttons.TButtonGlyph.CalcButtonLayout
 0001:000E0568       Buttons.TButtonGlyph.Create
 0001:000E0770       Buttons.TButtonGlyph.CreateButtonGlyph
 0001:000E0600       Buttons.TButtonGlyph.Destroy
 0001:000E14F8       Buttons.TButtonGlyph.Draw
 0001:000E0D44       Buttons.TButtonGlyph.DrawButtonGlyph
 0001:000E10A0       Buttons.TButtonGlyph.DrawButtonText
 0001:000E06A0       Buttons.TButtonGlyph.GlyphChanged
 0001:000E065C       Buttons.TButtonGlyph.Invalidate
 0001:000E06D0       Buttons.TButtonGlyph.SetGlyph
 0001:000E0748       Buttons.TButtonGlyph.SetNumGlyphs
 0001:000E0460       Buttons.TGlyphCache.Create
 0001:000E04A4       Buttons.TGlyphCache.Destroy
 0001:000E055C       Buttons.TGlyphCache.Empty
 0001:000E04D4       Buttons.TGlyphCache.GetList
 0001:000E0534       Buttons.TGlyphCache.ReturnList
 0001:000E0404       Buttons.TGlyphList.AddMasked
 0001:000E03B8       Buttons.TGlyphList.AllocateIndex
 0001:000E0334       Buttons.TGlyphList.CreateSize
 0001:000E0430       Buttons.TGlyphList.Delete
 0001:000E0388       Buttons.TGlyphList.Destroy
 0001:000E26D0       Buttons.TSpeedButton.ActionChange
 0001:000E2170       Buttons.TSpeedButton.Click
 0001:000E2484       Buttons.TSpeedButton.CMButtonPressed
 0001:000E24F8       Buttons.TSpeedButton.CMDialogChar
 0001:000E2450       Buttons.TSpeedButton.CMEnabledChanged
 0001:000E2590       Buttons.TSpeedButton.CMFontChanged
 0001:000E25CC       Buttons.TSpeedButton.CMMouseEnter
 0001:000E2648       Buttons.TSpeedButton.CMMouseLeave
 0001:000E25A8       Buttons.TSpeedButton.CMSysColorChange
 0001:000E259C       Buttons.TSpeedButton.CMTextChanged
 0001:000E26B0       Buttons.TSpeedButton.CopyImage
 0001:000E1800       Buttons.TSpeedButton.Create
 0001:000E18C0       Buttons.TSpeedButton.Destroy
 0001:000E218C       Buttons.TSpeedButton.GetActionLinkClass
 0001:000E2194       Buttons.TSpeedButton.GetGlyph
 0001:000E21BC       Buttons.TSpeedButton.GetNumGlyphs
 0001:000E2178       Buttons.TSpeedButton.GetPalette
 0001:000E21F8       Buttons.TSpeedButton.GlyphChanged
 0001:000E2204       Buttons.TSpeedButton.HasCustomGlyph
 0001:000E2230       Buttons.TSpeedButton.InternalCopyImage
 0001:000E1F40       Buttons.TSpeedButton.Loaded
 0001:000E1F6C       Buttons.TSpeedButton.MouseDown
 0001:000E1FC8       Buttons.TSpeedButton.MouseMove
 0001:000E2070       Buttons.TSpeedButton.MouseUp
 0001:000E1950       Buttons.TSpeedButton.Paint
 0001:000E2418       Buttons.TSpeedButton.SetAllowAllUp
 0001:000E22F0       Buttons.TSpeedButton.SetDown
 0001:000E2360       Buttons.TSpeedButton.SetFlat
 0001:000E21A0       Buttons.TSpeedButton.SetGlyph
 0001:000E2378       Buttons.TSpeedButton.SetGroupIndex
 0001:000E238C       Buttons.TSpeedButton.SetLayout
 0001:000E23A4       Buttons.TSpeedButton.SetMargin
 0001:000E21C8       Buttons.TSpeedButton.SetNumGlyphs
 0001:000E23C0       Buttons.TSpeedButton.SetSpacing
 0001:000E23D8       Buttons.TSpeedButton.SetTransparent
 0001:000E22B8       Buttons.TSpeedButton.UpdateExclusive
 0001:000E1EDC       Buttons.TSpeedButton.UpdateTracking
 0001:000E242C       Buttons.TSpeedButton.WMLButtonDblClk
 0001:000E156C       Buttons.TSpeedButtonActionLink.AssignClient
 0001:000E1590       Buttons.TSpeedButtonActionLink.Create
 0001:000E15CC       Buttons.TSpeedButtonActionLink.IsCheckedLinked
 0001:000E160C       Buttons.TSpeedButtonActionLink.IsGlyphLinked
 0001:000E16D0       Buttons.TSpeedButtonActionLink.IsGroupIndexLinked
 0001:000E1700       Buttons.TSpeedButtonActionLink.IsImageIndexLinked
 0001:000E1724       Buttons.TSpeedButtonActionLink.SetChecked
 0001:000E1744       Buttons.TSpeedButtonActionLink.SetGroupIndex
 0001:000E1764       Buttons.TSpeedButtonActionLink.SetImageIndex
 0001:000D8B14       cefgui..TChromiumFontOptions
 0001:000D86F0       cefgui..TChromiumOptions
 0001:000D8EB0       cefgui..TCustomClientHandler
 0001:000D91A8       cefgui..TCustomContextMenuHandler
 0001:000D927C       cefgui..TCustomDialogHandler
 0001:000D940C       cefgui..TCustomDisplayHandler
 0001:000D94E4       cefgui..TCustomDownloadHandler
 0001:000D99F4       cefgui..TCustomDragHandler
 0001:000D90E0       cefgui..TCustomFocusHandler
 0001:000D95B0       cefgui..TCustomGeolocationHandler
 0001:000D9680       cefgui..TCustomJsDialogHandler
 0001:000D9340       cefgui..TCustomKeyboardHandler
 0001:000D9754       cefgui..TCustomLifeSpanHandler
 0001:000D9010       cefgui..TCustomLoadHandler
 0001:000D9910       cefgui..TCustomRenderHandler
 0001:000D982C       cefgui..TCustomRequestHandler
 0001:000D9AB4       cefgui.TChromiumFontOptions.Create
 0001:000D9B58       cefgui.TCustomClientHandler.Create
 0001:000D9D88       cefgui.TCustomClientHandler.Disconnect
 0001:000D9E2C       cefgui.TCustomClientHandler.GetContextMenuHandler
 0001:000D9E4C       cefgui.TCustomClientHandler.GetDialogHandler
 0001:000D9E6C       cefgui.TCustomClientHandler.GetDisplayHandler
 0001:000D9E8C       cefgui.TCustomClientHandler.GetDownloadHandler
 0001:000D9EAC       cefgui.TCustomClientHandler.GetFocusHandler
 0001:000D9ECC       cefgui.TCustomClientHandler.GetGeolocationHandler
 0001:000D9EEC       cefgui.TCustomClientHandler.GetJsdialogHandler
 0001:000D9F0C       cefgui.TCustomClientHandler.GetKeyboardHandler
 0001:000D9F2C       cefgui.TCustomClientHandler.GetLifeSpanHandler
 0001:000D9F4C       cefgui.TCustomClientHandler.GetLoadHandler
 0001:000D9F6C       cefgui.TCustomClientHandler.GetRenderHandler
 0001:000D9F8C       cefgui.TCustomClientHandler.GetRequestHandler
 0001:000D9FAC       cefgui.TCustomClientHandler.OnProcessMessageReceived
 0001:000DA1D4       cefgui.TCustomContextMenuHandler.Create
 0001:000DA228       cefgui.TCustomContextMenuHandler.OnBeforeContextMenu
 0001:000DA258       cefgui.TCustomContextMenuHandler.OnContextMenuCommand
 0001:000DA294       cefgui.TCustomContextMenuHandler.OnContextMenuDismissed
 0001:000DAADC       cefgui.TCustomDialogHandler.Create
 0001:000DAB30       cefgui.TCustomDialogHandler.OnFileDialog
 0001:000DA37C       cefgui.TCustomDisplayHandler.Create
 0001:000DA3D0       cefgui.TCustomDisplayHandler.OnAddressChange
 0001:000DA3FC       cefgui.TCustomDisplayHandler.OnConsoleMessage
 0001:000DA434       cefgui.TCustomDisplayHandler.OnLoadingStateChange
 0001:000DA464       cefgui.TCustomDisplayHandler.OnStatusMessage
 0001:000DA48C       cefgui.TCustomDisplayHandler.OnTitleChange
 0001:000DA4B4       cefgui.TCustomDisplayHandler.OnTooltip
 0001:000DA4E0       cefgui.TCustomDownloadHandler.Create
 0001:000DA534       cefgui.TCustomDownloadHandler.OnBeforeDownload
 0001:000DA564       cefgui.TCustomDownloadHandler.OnDownloadUpdated
 0001:000DAD80       cefgui.TCustomDragHandler.Create
 0001:000DADD4       cefgui.TCustomDragHandler.OnDragEnter
 0001:000DA10C       cefgui.TCustomFocusHandler.Create
 0001:000DA160       cefgui.TCustomFocusHandler.OnGotFocus
 0001:000DA180       cefgui.TCustomFocusHandler.OnSetFocus
 0001:000DA1AC       cefgui.TCustomFocusHandler.OnTakeFocus
 0001:000DA590       cefgui.TCustomGeolocationHandler.Create
 0001:000DA5E4       cefgui.TCustomGeolocationHandler.OnCancelGeolocationPermission
 0001:000DA610       cefgui.TCustomGeolocationHandler.OnRequestGeolocationPermission
 0001:000DA640       cefgui.TCustomJsDialogHandler.Create
 0001:000DA694       cefgui.TCustomJsDialogHandler.OnBeforeUnloadDialog
 0001:000DA6CC       cefgui.TCustomJsDialogHandler.OnDialogClosed
 0001:000DA6EC       cefgui.TCustomJsDialogHandler.OnJsdialog
 0001:000DA768       cefgui.TCustomJsDialogHandler.OnResetDialogState
 0001:000DA2BC       cefgui.TCustomKeyboardHandler.Create
 0001:000DA310       cefgui.TCustomKeyboardHandler.OnKeyEvent
 0001:000DA344       cefgui.TCustomKeyboardHandler.OnPreKeyEvent
 0001:000DA788       cefgui.TCustomLifeSpanHandler.Create
 0001:000DA7DC       cefgui.TCustomLifeSpanHandler.DoClose
 0001:000DA804       cefgui.TCustomLifeSpanHandler.OnAfterCreated
 0001:000DA828       cefgui.TCustomLifeSpanHandler.OnBeforeClose
 0001:000DA84C       cefgui.TCustomLifeSpanHandler.OnBeforePopup
 0001:000DA89C       cefgui.TCustomLifeSpanHandler.RunModal
 0001:000D9FE0       cefgui.TCustomLoadHandler.Create
 0001:000DA034       cefgui.TCustomLoadHandler.OnLoadEnd
 0001:000DA060       cefgui.TCustomLoadHandler.OnLoadError
 0001:000DA094       cefgui.TCustomLoadHandler.OnLoadStart
 0001:000DA0BC       cefgui.TCustomLoadHandler.OnPluginCrashed
 0001:000DA0E4       cefgui.TCustomLoadHandler.OnRenderProcessTerminated
 0001:000DAB74       cefgui.TCustomRenderHandler.Create
 0001:000DABC8       cefgui.TCustomRenderHandler.GetRootScreenRect
 0001:000DABF8       cefgui.TCustomRenderHandler.GetScreenInfo
 0001:000DAC28       cefgui.TCustomRenderHandler.GetScreenPoint
 0001:000DAC68       cefgui.TCustomRenderHandler.GetViewRect
 0001:000DAC98       cefgui.TCustomRenderHandler.OnCursorChange
 0001:000DACC4       cefgui.TCustomRenderHandler.OnPaint
 0001:000DAD04       cefgui.TCustomRenderHandler.OnPopupShow
 0001:000DAD30       cefgui.TCustomRenderHandler.OnPopupSize
 0001:000DAD5C       cefgui.TCustomRenderHandler.OnScrollOffsetChanged
 0001:000DA8C4       cefgui.TCustomRequestHandler.Create
 0001:000DA918       cefgui.TCustomRequestHandler.GetAuthCredentials
 0001:000DA964       cefgui.TCustomRequestHandler.GetCookieManager
 0001:000DA994       cefgui.TCustomRequestHandler.GetResourceHandler
 0001:000DA9C8       cefgui.TCustomRequestHandler.OnBeforePluginLoad
 0001:000DAA04       cefgui.TCustomRequestHandler.OnBeforeResourceLoad
 0001:000DAA3C       cefgui.TCustomRequestHandler.OnProtocolExecution
 0001:000DAA6C       cefgui.TCustomRequestHandler.OnQuotaRequest
 0001:000DAAA8       cefgui.TCustomRequestHandler.OnResourceRedirect
 0004:00004FB8       ceflib..79
 0001:00053E90       ceflib..ECefException
 0001:0004EC14       ceflib..TCefAllowCertificateErrorCallbackRef
 0001:000513CC       ceflib..TCefAppOwn
 0001:00052018       ceflib..TCefAuthCallbackRef
 0001:0004C264       ceflib..TCefBaseOwn
 0001:0004C418       ceflib..TCefBaseRef
 0001:00051D3C       ceflib..TCefBeforeDownloadCallbackRef
 0001:000530A4       ceflib..TCefBinaryValueRef
 0001:0004C9DC       ceflib..TCefBrowserHostRef
 0001:00053524       ceflib..TCefBrowserProcessHandlerOwn
 0001:0004CC20       ceflib..TCefBrowserRef
 0001:0004F9E4       ceflib..TCefCallbackRef
 0001:0004E498       ceflib..TCefClientOwn
 0001:000523AC       ceflib..TCefCommandLineRef
 0001:0004F5CC       ceflib..TCefContextMenuHandlerOwn
 0001:000528E8       ceflib..TCefContextMenuParamsRef
 0001:0004F728       ceflib..TCefDialogHandlerOwn
 0001:0005336C       ceflib..TCefDictionaryValueRef
 0001:0004EFDC       ceflib..TCefDisplayHandlerOwn
 0001:0005055C       ceflib..TCefDomDocumentRef
 0001:00050AD8       ceflib..TCefDomEventListenerOwn
 0001:00050988       ceflib..TCefDomEventRef
 0001:000507E8       ceflib..TCefDomNodeRef
 0001:00050250       ceflib..TCefDomVisitorOwn
 0001:0004F888       ceflib..TCefDownloadHandlerOwn
 0001:00051EA8       ceflib..TCefDownloadItemCallbackRef
 0001:00051BE8       ceflib..TCefDownLoadItemRef
 0001:00053C64       ceflib..TCefDragDataRef
 0001:00053DB4       ceflib..TCefDragHandlerOwn
 0001:00050DAC       ceflib..TCefFastDomEventListener
 0001:00050328       ceflib..TCefFastDomVisitor
 0001:0004C6FC       ceflib..TCefFastRunFileDialogCallback
 0001:000519AC       ceflib..TCefFastStringVisitor
 0001:0005102C       ceflib..TCefFastV8Accessor
 0001:00053894       ceflib..TCefFileDialogCallbackRef
 0001:0004F160       ceflib..TCefFocusHandlerOwn
 0001:0004CEA4       ceflib..TCefFrameRef
 0001:000526D0       ceflib..TCefGeolocationCallbackRef
 0001:0004E61C       ceflib..TCefGeolocationHandlerOwn
 0001:0005216C       ceflib..TCefJsDialogCallbackRef
 0001:0004F44C       ceflib..TCefJsDialogHandlerOwn
 0001:0004F2C4       ceflib..TCefKeyboardHandlerOwn
 0001:0004E7B8       ceflib..TCefLifeSpanHandlerOwn
 0001:00052EEC       ceflib..TCefListValueRef
 0001:0004E95C       ceflib..TCefLoadHandlerOwn
 0001:00052C88       ceflib..TCefMenuModelRef
 0001:0004D200       ceflib..TCefPostDataElementRef
 0001:0004D028       ceflib..TCefPostDataRef
 0001:000516BC       ceflib..TCefProcessMessageRef
 0001:0004EABC       ceflib..TCefQuotaCallbackRef
 0001:00053A84       ceflib..TCefRenderHandlerOwn
 0001:00053710       ceflib..TCefRenderProcessHandlerOwn
 0001:0004EE18       ceflib..TCefRequestHandlerOwn
 0001:0004D42C       ceflib..TCefRequestRef
 0001:0004FB8C       ceflib..TCefResourceHandlerOwn
 0001:00050C90       ceflib..TCefResponseRef
 0001:0004C610       ceflib..TCefRunFileDialogCallbackOwn
 0001:0004FD58       ceflib..TCefSchemeHandlerFactoryOwn
 0001:00052574       ceflib..TCefSchemeRegistrarRef
 0001:00051860       ceflib..TCefStringVisitorOwn
 0001:00050064       ceflib..TCefTaskRunnerRef
 0001:00050F50       ceflib..TCefV8AccessorOwn
 0001:0004DD60       ceflib..TCefv8ContextRef
 0001:00051230       ceflib..TCefV8ExceptionRef
 0001:0004FEF0       ceflib..TCefv8HandlerOwn
 0001:0004E288       ceflib..TCefv8HandlerRef
 0001:0004DF78       ceflib..TCefV8StackFrameRef
 0001:0004E0E4       ceflib..TCefV8StackTraceRef
 0001:0004D830       ceflib..TCefv8ValueRef
 0001:00051534       ceflib..TCefWebPluginInfoRef
 0001:00053F50       ceflib..TInternalApp
 0001:00057034       ceflib.CefAddCrossOriginWhitelistEntry
 0001:000570E0       ceflib.CefBrowserHostCreateSync
 0003:00001074       ceflib.CefBrowserProcessHandler
 0003:0000104C       ceflib.CefBrowserSubprocessPath
 0003:00001024       ceflib.CefCache
 0003:00001050       ceflib.CefCommandLineArgsDisabled
 0003:00001068       ceflib.CefContextSafetyImplementation
 0001:00057094       ceflib.CefCurrentlyOn
 0001:00056DB0       ceflib.CefDoMessageLoopWork
 0001:000570B8       ceflib.CefGetData
 0003:00001058       ceflib.CefGetDataResource
 0003:0000105C       ceflib.CefGetLocalizedString
 0003:0000106D       ceflib.CefIgnoreCertificateErrors
 0003:00001088       ceflib.CefIsMainProcess
 0003:0000103C       ceflib.CefJavaScriptFlags
 0002:0000035C       ceflib.ceflib
 0003:00001020       ceflib.CefLibrary
 0001:00054180       ceflib.CefLoadLib
 0001:000540EC       ceflib.CefLoadLibDefault
 0003:00001030       ceflib.CefLocale
 0003:00001044       ceflib.CefLocalesDirPath
 0003:00001034       ceflib.CefLogFile
 0003:00001038       ceflib.CefLogSeverity
 0003:0000107C       ceflib.CefOnBeforeCommandLineProcessing
 0003:00001080       ceflib.CefOnRegisterCustomSchemes
 0003:00001048       ceflib.CefPackLoadingDisabled
 0003:0000106C       ceflib.CefPersistSessionCookies
 0003:0000102C       ceflib.CefProductVersion
 0001:00056F74       ceflib.CefRegisterSchemeHandlerFactory
 0003:00001060       ceflib.CefReleaseDCheck
 0003:00001054       ceflib.CefRemoteDebuggingPort
 0003:00001078       ceflib.CefRenderProcessHandler
 0003:00001070       ceflib.CefResourceBundleHandler
 0003:00001040       ceflib.CefResourcesDirPath
 0001:00056DC4       ceflib.CefShutDown
 0003:00001049       ceflib.CefSingleProcess
 0001:00056DF4       ceflib.CefString
 0001:00056E3C       ceflib.CefString
 0001:00056E70       ceflib.CefStringAlloc
 0001:00056F14       ceflib.CefStringClearAndGet
 0001:00056F3C       ceflib.CefStringFreeAndGet
 0001:00056EC8       ceflib.CefStringSet
 0001:000572B0       ceflib.CefTimeToDateTime
 0001:000571B8       ceflib.CefTimeToSystemTime
 0003:00001064       ceflib.CefUncaughtExceptionStackSize
 0003:00001028       ceflib.CefUserAgent
 0004:000050B0       ceflib.cef_add_cross_origin_whitelist_entry
 0004:00005198       ceflib.cef_add_web_plugin_directory
 0004:00005194       ceflib.cef_add_web_plugin_path
 0001:00059C7C       ceflib.cef_app_get_browser_process_handler
 0001:00059CFC       ceflib.cef_app_get_render_process_handler
 0001:00059BFC       ceflib.cef_app_get_resource_bundle_handler
 0001:00059B00       ceflib.cef_app_on_before_command_line_processing
 0001:00059B8C       ceflib.cef_app_on_register_custom_schemes
 0001:00057320       ceflib.cef_base_add_ref
 0001:000573AC       ceflib.cef_base_add_ref_owned
 0001:00057380       ceflib.cef_base_get_refct
 0001:000573D4       ceflib.cef_base_get_refct_owned
 0001:00057350       ceflib.cef_base_release
 0001:000573C0       ceflib.cef_base_release_owned
 0004:000051BC       ceflib.cef_begin_tracing
 0004:00005170       ceflib.cef_binary_value_create
 0004:00005044       ceflib.cef_browser_host_create_browser
 0004:00005048       ceflib.cef_browser_host_create_browser_sync
 0001:00059E0C       ceflib.cef_browser_process_handler_on_before_child_process_launch
 0001:00059DE0       ceflib.cef_browser_process_handler_on_context_initialized
 0001:00059E7C       ceflib.cef_browser_process_handler_on_render_process_thread_created
 0004:00005158       ceflib.cef_build_revision
 0004:000050B8       ceflib.cef_clear_cross_origin_whitelist
 0004:000050AC       ceflib.cef_clear_scheme_handler_factories
 0001:000573E8       ceflib.cef_client_get_context_menu_handler
 0001:00057470       ceflib.cef_client_get_dialog_handler
 0001:000574F8       ceflib.cef_client_get_display_handler
 0001:00057580       ceflib.cef_client_get_download_handler
 0001:00057608       ceflib.cef_client_get_drag_handler
 0001:00057690       ceflib.cef_client_get_focus_handler
 0001:00057718       ceflib.cef_client_get_geolocation_handler
 0001:000579C0       ceflib.cef_client_get_get_render_handler
 0001:000577A0       ceflib.cef_client_get_jsdialog_handler
 0001:00057828       ceflib.cef_client_get_keyboard_handler
 0001:000578B0       ceflib.cef_client_get_life_span_handler
 0001:00057938       ceflib.cef_client_get_load_handler
 0001:00057A48       ceflib.cef_client_get_request_handler
 0001:00057AD0       ceflib.cef_client_on_process_message_received
 0004:00005164       ceflib.cef_command_line_create
 0004:00005168       ceflib.cef_command_line_get_global
 0001:0005930C       ceflib.cef_context_menu_handler_on_before_context_menu
 0001:000593D4       ceflib.cef_context_menu_handler_on_context_menu_command
 0001:00059498       ceflib.cef_context_menu_handler_on_context_menu_dismissed
 0004:00005160       ceflib.cef_cookie_manager_create_manager
 0004:0000515C       ceflib.cef_cookie_manager_get_global_manager
 0004:000050CC       ceflib.cef_create_url
 0004:000050BC       ceflib.cef_currently_on
 0001:0005A93C       ceflib.cef_dialog_handler_on_file_dialog
 0004:00005174       ceflib.cef_dictionary_value_create
 0001:00058AB0       ceflib.cef_display_handler_on_address_change
 0001:00058D28       ceflib.cef_display_handler_on_console_message
 0001:00058A28       ceflib.cef_display_handler_on_loading_state_change
 0001:00058C9C       ceflib.cef_display_handler_on_status_message
 0001:00058B5C       ceflib.cef_display_handler_on_title_change
 0001:00058BE8       ceflib.cef_display_handler_on_tooltip
 0001:000598B8       ceflib.cef_dom_event_listener_handle_event
 0001:0005984C       ceflib.cef_dom_visitor_visite
 0001:000596EC       ceflib.cef_download_handler_on_before_download
 0001:000597A8       ceflib.cef_download_handler_on_download_updated
 0004:0000504C       ceflib.cef_do_message_loop_work
 0001:0005AE8C       ceflib.cef_drag_handler_on_drag_enter
 0004:000051C4       ceflib.cef_end_tracing_async
 0004:0000505C       ceflib.cef_execute_process
 0001:00058ED4       ceflib.cef_focus_handler_on_got_focus
 0001:00058E54       ceflib.cef_focus_handler_on_set_focus
 0001:00058DDC       ceflib.cef_focus_handler_on_take_focus
 0004:000051A4       ceflib.cef_force_web_plugin_shutdown
 0001:00057C1C       ceflib.cef_geolocation_handler_on_cancel_geolocation_permission
 0001:00057B6C       ceflib.cef_geolocation_handler_on_request_geolocation_permission
 0004:000051B0       ceflib.cef_get_geolocation
 0004:0000517C       ceflib.cef_get_path
 0004:000051C0       ceflib.cef_get_trace_buffer_percent_full_async
 0004:00005060       ceflib.cef_initialize
 0004:000051AC       ceflib.cef_is_web_plugin_unstable
 0001:00059170       ceflib.cef_jsdialog_handler_on_before_unload_dialog
 0001:0005929C       ceflib.cef_jsdialog_handler_on_dialog_closed
 0001:00059064       ceflib.cef_jsdialog_handler_on_jsdialog
 0001:0005922C       ceflib.cef_jsdialog_handler_on_reset_dialog_state
 0001:00058FE0       ceflib.cef_keyboard_handler_on_key_event
 0001:00058F44       ceflib.cef_keyboard_handler_on_pre_key_event
 0004:00005180       ceflib.cef_launch_process
 0001:00057FC4       ceflib.cef_life_span_handler_do_close
 0001:00057E6C       ceflib.cef_life_span_handler_on_after_created
 0001:00057EDC       ceflib.cef_life_span_handler_on_before_close
 0001:00057CAC       ceflib.cef_life_span_handler_on_before_popup
 0001:00057F4C       ceflib.cef_life_span_handler_run_modal
 0004:00005178       ceflib.cef_list_value_create
 0001:000580D0       ceflib.cef_load_handler_on_load_end
 0001:00058168       ceflib.cef_load_handler_on_load_error
 0001:0005803C       ceflib.cef_load_handler_on_load_start
 0001:0005829C       ceflib.cef_load_handler_on_plugin_crashed
 0001:00058228       ceflib.cef_load_handler_on_render_process_terminated
 0004:000051C8       ceflib.cef_now_from_system_trace_time
 0004:000050C8       ceflib.cef_parse_url
 0004:000050D4       ceflib.cef_post_data_create
 0004:000050D8       ceflib.cef_post_data_element_create
 0004:000050C4       ceflib.cef_post_delayed_task
 0004:000050C0       ceflib.cef_post_task
 0004:0000516C       ceflib.cef_process_message_create
 0004:00005054       ceflib.cef_quit_message_loop
 0004:00005190       ceflib.cef_refresh_web_plugins
 0004:000050A4       ceflib.cef_register_extension
 0004:000050A8       ceflib.cef_register_scheme_handler_factory
 0004:000051A8       ceflib.cef_register_web_plugin_crash
 0004:000050B4       ceflib.cef_remove_cross_origin_whitelist_entry
 0004:0000519C       ceflib.cef_remove_web_plugin_path
 0001:0005AAA8       ceflib.cef_render_handler_get_root_screen_rect
 0001:0005ABA8       ceflib.cef_render_handler_get_screen_point
 0001:0005AB28       ceflib.cef_render_handler_get_view_rect
 0001:0005ADA8       ceflib.cef_render_handler_on_cursor_change
 0001:0005AD20       ceflib.cef_render_handler_on_paint
 0001:0005AC34       ceflib.cef_render_handler_on_popup_show
 0001:0005ACAC       ceflib.cef_render_handler_on_popup_size
 0001:0005AE1C       ceflib.cef_render_handler_on_scroll_offset_changed
 0001:0005A068       ceflib.cef_render_process_handler_on_before_navigation
 0001:00059F88       ceflib.cef_render_process_handler_on_browser_created
 0001:00059FF8       ceflib.cef_render_process_handler_on_browser_destroyed
 0001:0005A130       ceflib.cef_render_process_handler_on_context_created
 0001:0005A1E0       ceflib.cef_render_process_handler_on_context_released
 0001:0005A374       ceflib.cef_render_process_handler_on_focused_node_changed
 0001:0005A424       ceflib.cef_render_process_handler_on_process_message_received
 0001:00059EEC       ceflib.cef_render_process_handler_on_render_thread_created
 0001:0005A290       ceflib.cef_render_process_handler_on_uncaught_exception
 0001:00059F5C       ceflib.cef_render_process_handler_on_web_kit_initialized
 0004:000050D0       ceflib.cef_request_create
 0001:0005859C       ceflib.cef_request_handler_get_auth_credentials
 0001:00058758       ceflib.cef_request_handler_get_cookie_manager
 0001:000583E4       ceflib.cef_request_handler_get_resource_handler
 0001:000588C0       ceflib.cef_request_handler_on_before_plugin_load
 0001:00058328       ceflib.cef_request_handler_on_before_resource_load
 0001:00058990       ceflib.cef_request_handler_on_certificate_error
 0001:0005881C       ceflib.cef_request_handler_on_protocol_execution
 0001:0005869C       ceflib.cef_request_handler_on_quota_request
 0001:000584CC       ceflib.cef_request_handler_on_resource_redirect
 0001:0005A7F8       ceflib.cef_resource_handler_cancel
 0001:0005A788       ceflib.cef_resource_handler_can_get_cookie
 0001:0005A7C0       ceflib.cef_resource_handler_can_set_cookie
 0001:0005A65C       ceflib.cef_resource_handler_get_response_headers
 0001:0005A5C0       ceflib.cef_resource_handler_process_request
 0001:0005A700       ceflib.cef_resource_handler_read_response
 0004:00005184       ceflib.cef_response_create
 0001:0005A824       ceflib.cef_run_file_dialog_callback_cont
 0004:00005050       ceflib.cef_run_message_loop
 0001:0005A4C0       ceflib.cef_scheme_handler_factory_create
 0004:00005058       ceflib.cef_set_osmodal_loop
 0004:00005064       ceflib.cef_shutdown
 0004:000050E0       ceflib.cef_stream_reader_create_for_data
 0004:000050DC       ceflib.cef_stream_reader_create_for_file
 0004:000050E4       ceflib.cef_stream_reader_create_for_handler
 0004:000050E8       ceflib.cef_stream_writer_create_for_file
 0004:000050EC       ceflib.cef_stream_writer_create_for_handler
 0004:0000501C       ceflib.cef_string_ascii_to_utf16
 0004:00005018       ceflib.cef_string_ascii_to_wide
 0004:00004FD8       ceflib.cef_string_clear
 0004:00005020       ceflib.cef_string_from_ascii
 0004:0000500C       ceflib.cef_string_from_utf16
 0004:00005004       ceflib.cef_string_from_utf8
 0004:00005014       ceflib.cef_string_from_wide
 0004:00005088       ceflib.cef_string_list_alloc
 0004:00005094       ceflib.cef_string_list_append
 0004:00005098       ceflib.cef_string_list_clear
 0004:000050A0       ceflib.cef_string_list_copy
 0004:0000509C       ceflib.cef_string_list_free
 0004:0000508C       ceflib.cef_string_list_size
 0004:00005090       ceflib.cef_string_list_value
 0004:00005068       ceflib.cef_string_map_alloc
 0004:0000507C       ceflib.cef_string_map_append
 0004:00005080       ceflib.cef_string_map_clear
 0004:00005070       ceflib.cef_string_map_find
 0004:00005084       ceflib.cef_string_map_free
 0004:00005074       ceflib.cef_string_map_key
 0004:0000506C       ceflib.cef_string_map_size
 0004:00005078       ceflib.cef_string_map_value
 0004:00005134       ceflib.cef_string_multimap_alloc
 0004:0000514C       ceflib.cef_string_multimap_append
 0004:00005150       ceflib.cef_string_multimap_clear
 0004:00005140       ceflib.cef_string_multimap_enumerate
 0004:0000513C       ceflib.cef_string_multimap_find_count
 0004:00005154       ceflib.cef_string_multimap_free
 0004:00005144       ceflib.cef_string_multimap_key
 0004:00005138       ceflib.cef_string_multimap_size
 0004:00005148       ceflib.cef_string_multimap_value
 0004:00004FC8       ceflib.cef_string_set
 0004:00005008       ceflib.cef_string_to_utf16
 0004:00005000       ceflib.cef_string_to_utf8
 0004:00005010       ceflib.cef_string_to_wide
 0004:00005030       ceflib.cef_string_userfree_alloc
 0004:00005040       ceflib.cef_string_userfree_free
 0004:0000502C       ceflib.cef_string_userfree_utf16_alloc
 0004:0000503C       ceflib.cef_string_userfree_utf16_free
 0004:00005028       ceflib.cef_string_userfree_utf8_alloc
 0004:00005038       ceflib.cef_string_userfree_utf8_free
 0004:00005024       ceflib.cef_string_userfree_wide_alloc
 0004:00005034       ceflib.cef_string_userfree_wide_free
 0004:00004FD4       ceflib.cef_string_utf16_clear
 0004:00004FE4       ceflib.cef_string_utf16_cmp
 0001:000540C8       ceflib.cef_string_utf16_copy
 0004:00004FC4       ceflib.cef_string_utf16_set
 0004:00004FFC       ceflib.cef_string_utf16_to_utf8
 0004:00004FF4       ceflib.cef_string_utf16_to_wide
 0004:00004FD0       ceflib.cef_string_utf8_clear
 0004:00004FE0       ceflib.cef_string_utf8_cmp
 0004:00004FC0       ceflib.cef_string_utf8_set
 0004:00004FF8       ceflib.cef_string_utf8_to_utf16
 0004:00004FEC       ceflib.cef_string_utf8_to_wide
 0001:00059D7C       ceflib.cef_string_visitor_visit
 0004:00004FCC       ceflib.cef_string_wide_clear
 0004:00004FDC       ceflib.cef_string_wide_cmp
 0004:00004FBC       ceflib.cef_string_wide_set
 0004:00004FF0       ceflib.cef_string_wide_to_utf16
 0004:00004FE8       ceflib.cef_string_wide_to_utf8
 0004:000051B4       ceflib.cef_task_runner_get_for_current_thread
 0004:000051B8       ceflib.cef_task_runner_get_for_thread
 0004:000051A0       ceflib.cef_unregister_internal_web_plugin
 0004:00005188       ceflib.cef_urlrequest_create
 0004:000050F0       ceflib.cef_v8context_get_current_context
 0004:000050F4       ceflib.cef_v8context_get_entered_context
 0004:000050F8       ceflib.cef_v8context_in_context
 0004:00005128       ceflib.cef_v8stack_trace_get_current
 0004:00005120       ceflib.cef_v8value_create_array
 0004:00005104       ceflib.cef_v8value_create_bool
 0004:00005114       ceflib.cef_v8value_create_date
 0004:00005110       ceflib.cef_v8value_create_double
 0004:00005124       ceflib.cef_v8value_create_function
 0004:00005108       ceflib.cef_v8value_create_int
 0004:00005100       ceflib.cef_v8value_create_null
 0004:0000511C       ceflib.cef_v8value_create_object
 0004:00005118       ceflib.cef_v8value_create_string
 0004:0000510C       ceflib.cef_v8value_create_uint
 0004:000050FC       ceflib.cef_v8value_create_undefined
 0001:00059924       ceflib.cef_v8_accessor_get
 0001:00059A40       ceflib.cef_v8_accessor_put
 0001:0005952C       ceflib.cef_v8_handler_execute
 0004:0000518C       ceflib.cef_visit_web_plugin_info
 0004:0000512C       ceflib.cef_xml_reader_create
 0004:00005130       ceflib.cef_zip_reader_create
 0001:000572E8       ceflib.DateTimeToCefTime
 0001:00064590       ceflib.Finalization
 0003:00001084       ceflib.LibHandle
 0001:00057238       ceflib.SystemTimeToCefTime
 0001:000540C0       ceflib.SystemTimeToTzSpecificLocalTime
 0001:000641C8       ceflib.TCefAllowCertificateErrorCallbackRef.Cont
 0001:000641F0       ceflib.TCefAllowCertificateErrorCallbackRef.UnWrap
 0001:0005FDB8       ceflib.TCefAppOwn.Create
 0001:00060B58       ceflib.TCefAuthCallbackRef.Cancel
 0001:00060B74       ceflib.TCefAuthCallbackRef.Cont
 0001:00060BB8       ceflib.TCefAuthCallbackRef.UnWrap
 0001:0005AF2C       ceflib.TCefBaseOwn.CreateData
 0001:0005B004       ceflib.TCefBaseOwn.Destroy
 0001:0005B048       ceflib.TCefBaseOwn.Wrap
 0001:0005B080       ceflib.TCefBaseRef.Create
 0001:0005B190       ceflib.TCefBaseRef.Destroy
 0001:0005B1E0       ceflib.TCefBaseRef.UnWrap
 0001:0005B234       ceflib.TCefBaseRef.Wrap
 0001:00060A5C       ceflib.TCefBeforeDownloadCallbackRef.Cont
 0001:00060A94       ceflib.TCefBeforeDownloadCallbackRef.UnWrap
 0001:000628D4       ceflib.TCefBinaryValueRef.Copy
 0001:00062904       ceflib.TCefBinaryValueRef.GetData
 0001:0006293C       ceflib.TCefBinaryValueRef.GetSize
 0001:00062960       ceflib.TCefBinaryValueRef.IsOwned
 0001:00062988       ceflib.TCefBinaryValueRef.IsValid
 0001:000629B0       ceflib.TCefBinaryValueRef.New
 0001:000629E4       ceflib.TCefBinaryValueRef.UnWrap
 0001:00060124       ceflib.TCefBrowserHostRef.CloseBrowser
 0001:0005FF30       ceflib.TCefBrowserHostRef.GetBrowser
 0001:000602E8       ceflib.TCefBrowserHostRef.GetDevToolsUrl
 0001:0006031C       ceflib.TCefBrowserHostRef.GetNsTextInputContext
 0001:000602C4       ceflib.TCefBrowserHostRef.GetOpenerWindowHandle
 0001:000602A0       ceflib.TCefBrowserHostRef.GetWindowHandle
 0001:00060340       ceflib.TCefBrowserHostRef.GetZoomLevel
 0001:00060364       ceflib.TCefBrowserHostRef.HandleKeyEventAfterTextInputClient
 0001:00060388       ceflib.TCefBrowserHostRef.HandleKeyEventBeforeTextInputClient
 0001:000603AC       ceflib.TCefBrowserHostRef.Invalidate
 0001:000603D8       ceflib.TCefBrowserHostRef.IsMouseCursorChangeDisabled
 0001:00060400       ceflib.TCefBrowserHostRef.IsWindowRenderingDisabled
 0001:00060428       ceflib.TCefBrowserHostRef.NotifyScreenInfoChanged
 0001:0005FF60       ceflib.TCefBrowserHostRef.ParentWindowWillClose
 0001:0005FF7C       ceflib.TCefBrowserHostRef.RunFileDialog
 0001:000600E0       ceflib.TCefBrowserHostRef.RunFileDialogProc
 0001:0006014C       ceflib.TCefBrowserHostRef.SendCaptureLostEvent
 0001:00060168       ceflib.TCefBrowserHostRef.SendFocusEvent
 0001:00060190       ceflib.TCefBrowserHostRef.SendKeyEvent
 0001:000601B4       ceflib.TCefBrowserHostRef.SendMouseClickEvent
 0001:000601EC       ceflib.TCefBrowserHostRef.SendMouseMoveEvent
 0001:0006021C       ceflib.TCefBrowserHostRef.SendMouseWheelEvent
 0001:00060250       ceflib.TCefBrowserHostRef.SetFocus
 0001:00060278       ceflib.TCefBrowserHostRef.SetMouseCursorChangeDisabled
 0001:00060444       ceflib.TCefBrowserHostRef.SetZoomLevel
 0001:00060468       ceflib.TCefBrowserHostRef.StartDownload
 0001:00060498       ceflib.TCefBrowserHostRef.UnWrap
 0001:000604EC       ceflib.TCefBrowserHostRef.WasHidden
 0001:00060514       ceflib.TCefBrowserHostRef.WasResized
 0001:000632A4       ceflib.TCefBrowserProcessHandlerOwn.Create
 0001:00063314       ceflib.TCefBrowserProcessHandlerOwn.OnBeforeChildProcessLaunch
 0001:00063324       ceflib.TCefBrowserProcessHandlerOwn.OnContextInitialized
 0001:00063330       ceflib.TCefBrowserProcessHandlerOwn.OnRenderProcessThreadCreated
 0001:0005B29C       ceflib.TCefBrowserRef.CanGoBack
 0001:0005B2C4       ceflib.TCefBrowserRef.CanGoForward
 0001:0005B2EC       ceflib.TCefBrowserRef.GetFocusedFrame
 0001:0005B354       ceflib.TCefBrowserRef.GetFrame
 0001:0005B31C       ceflib.TCefBrowserRef.GetFrameByident
 0001:0005B398       ceflib.TCefBrowserRef.GetFrameCount
 0001:0005B3BC       ceflib.TCefBrowserRef.GetFrameIdentifiers
 0001:0005B3E8       ceflib.TCefBrowserRef.GetFrameNames
 0001:0005B26C       ceflib.TCefBrowserRef.GetHost
 0001:0005B794       ceflib.TCefBrowserRef.GetIdentifier
 0001:0005B5AC       ceflib.TCefBrowserRef.GetMainFrame
 0001:0005B5DC       ceflib.TCefBrowserRef.GoBack
 0001:0005B5F8       ceflib.TCefBrowserRef.GoForward
 0001:0005B63C       ceflib.TCefBrowserRef.HasDocument
 0001:0005B614       ceflib.TCefBrowserRef.IsLoading
 0001:0005B664       ceflib.TCefBrowserRef.IsPopup
 0001:0005B68C       ceflib.TCefBrowserRef.IsSame
 0001:0005B740       ceflib.TCefBrowserRef.Reload
 0001:0005B75C       ceflib.TCefBrowserRef.ReloadIgnoreCache
 0001:0005B4E0       ceflib.TCefBrowserRef.SendProcessMessage
 0001:0005B778       ceflib.TCefBrowserRef.StopLoad
 0001:0005B7B8       ceflib.TCefBrowserRef.UnWrap
 0001:000636A0       ceflib.TCefCallbackRef.Cancel
 0001:000636BC       ceflib.TCefCallbackRef.Cont
 0001:000636D8       ceflib.TCefCallbackRef.UnWrap
 0001:0005F1B0       ceflib.TCefClientOwn.Create
 0001:0005F290       ceflib.TCefClientOwn.GetContextMenuHandler
 0001:0005F2A8       ceflib.TCefClientOwn.GetDialogHandler
 0001:0005F2C0       ceflib.TCefClientOwn.GetDisplayHandler
 0001:0005F2D8       ceflib.TCefClientOwn.GetDownloadHandler
 0001:0005F2F0       ceflib.TCefClientOwn.GetDragHandler
 0001:0005F308       ceflib.TCefClientOwn.GetFocusHandler
 0001:0005F320       ceflib.TCefClientOwn.GetGeolocationHandler
 0001:0005F338       ceflib.TCefClientOwn.GetJsdialogHandler
 0001:0005F350       ceflib.TCefClientOwn.GetKeyboardHandler
 0001:0005F368       ceflib.TCefClientOwn.GetLifeSpanHandler
 0001:0005F380       ceflib.TCefClientOwn.GetLoadHandler
 0001:0005F398       ceflib.TCefClientOwn.GetRenderHandler
 0001:0005F3B0       ceflib.TCefClientOwn.GetRequestHandler
 0001:0005F3C8       ceflib.TCefClientOwn.OnProcessMessageReceived
 0001:00060C98       ceflib.TCefCommandLineRef.AppendArgument
 0001:00060CC8       ceflib.TCefCommandLineRef.AppendSwitch
 0001:00060CF8       ceflib.TCefCommandLineRef.AppendSwitchWithValue
 0001:00060D3C       ceflib.TCefCommandLineRef.Copy
 0001:00060D6C       ceflib.TCefCommandLineRef.GetArguments
 0001:00060E54       ceflib.TCefCommandLineRef.GetArgv
 0001:00060F3C       ceflib.TCefCommandLineRef.GetCommandLineString
 0001:00060F64       ceflib.TCefCommandLineRef.GetProgram
 0001:00060F8C       ceflib.TCefCommandLineRef.GetSwitches
 0001:00061074       ceflib.TCefCommandLineRef.GetSwitchValue
 0001:000610B0       ceflib.TCefCommandLineRef.Global
 0001:000610D4       ceflib.TCefCommandLineRef.HasArguments
 0001:000610FC       ceflib.TCefCommandLineRef.HasSwitch
 0001:00061134       ceflib.TCefCommandLineRef.HasSwitches
 0001:0006115C       ceflib.TCefCommandLineRef.InitFromArgv
 0001:00061188       ceflib.TCefCommandLineRef.InitFromString
 0001:000611B8       ceflib.TCefCommandLineRef.IsReadOnly
 0001:000611E0       ceflib.TCefCommandLineRef.IsValid
 0001:00061208       ceflib.TCefCommandLineRef.New
 0001:0006122C       ceflib.TCefCommandLineRef.PrependWrapper
 0001:0006125C       ceflib.TCefCommandLineRef.Reset
 0001:00061278       ceflib.TCefCommandLineRef.SetProgram
 0001:000612A8       ceflib.TCefCommandLineRef.UnWrap
 0001:0005FB80       ceflib.TCefContextMenuHandlerOwn.Create
 0001:0005FBF0       ceflib.TCefContextMenuHandlerOwn.OnBeforeContextMenu
 0001:0005FC08       ceflib.TCefContextMenuHandlerOwn.OnContextMenuCommand
 0001:0005FC24       ceflib.TCefContextMenuHandlerOwn.OnContextMenuDismissed
 0001:00061414       ceflib.TCefContextMenuParamsRef.GetEditStateFlags
 0001:00061438       ceflib.TCefContextMenuParamsRef.GetFrameCharset
 0001:00061460       ceflib.TCefContextMenuParamsRef.GetFrameUrl
 0001:00061488       ceflib.TCefContextMenuParamsRef.GetLinkUrl
 0001:000614B0       ceflib.TCefContextMenuParamsRef.GetMediaStateFlags
 0001:000614D8       ceflib.TCefContextMenuParamsRef.GetMediaType
 0001:000614FC       ceflib.TCefContextMenuParamsRef.GetPageUrl
 0001:00061524       ceflib.TCefContextMenuParamsRef.GetSelectionText
 0001:0006154C       ceflib.TCefContextMenuParamsRef.GetSourceUrl
 0001:00061574       ceflib.TCefContextMenuParamsRef.GetTypeFlags
 0001:00061598       ceflib.TCefContextMenuParamsRef.GetUnfilteredLinkUrl
 0001:000615C0       ceflib.TCefContextMenuParamsRef.GetXCoord
 0001:000615E4       ceflib.TCefContextMenuParamsRef.GetYCoord
 0001:00061608       ceflib.TCefContextMenuParamsRef.IsEditable
 0001:00061630       ceflib.TCefContextMenuParamsRef.IsImageBlocked
 0001:00061658       ceflib.TCefContextMenuParamsRef.IsSpeechInputEnabled
 0001:00061680       ceflib.TCefContextMenuParamsRef.UnWrap
 0001:00063FD8       ceflib.TCefDialogHandlerOwn.Create
 0001:00064034       ceflib.TCefDialogHandlerOwn.OnFileDialog
 0001:00062A38       ceflib.TCefDictionaryValueRef.Clear
 0001:00062A60       ceflib.TCefDictionaryValueRef.Copy
 0001:00062A98       ceflib.TCefDictionaryValueRef.GetBinary
 0001:00062ADC       ceflib.TCefDictionaryValueRef.GetBool
 0001:00062B14       ceflib.TCefDictionaryValueRef.GetDictionary
 0001:00062B58       ceflib.TCefDictionaryValueRef.GetDouble
 0001:00062B90       ceflib.TCefDictionaryValueRef.GetInt
 0001:00062BC8       ceflib.TCefDictionaryValueRef.GetKeys
 0001:00062CC8       ceflib.TCefDictionaryValueRef.GetList
 0001:00062D0C       ceflib.TCefDictionaryValueRef.GetSize
 0001:00062D30       ceflib.TCefDictionaryValueRef.GetString
 0001:00062D6C       ceflib.TCefDictionaryValueRef.GetType
 0001:00062DA4       ceflib.TCefDictionaryValueRef.HasKey
 0001:00062DDC       ceflib.TCefDictionaryValueRef.isOwned
 0001:00062E04       ceflib.TCefDictionaryValueRef.IsReadOnly
 0001:00062E2C       ceflib.TCefDictionaryValueRef.IsValid
 0001:00062E54       ceflib.TCefDictionaryValueRef.New
 0001:00062E78       ceflib.TCefDictionaryValueRef.Remove
 0001:00062EB0       ceflib.TCefDictionaryValueRef.SetBinary
 0001:00062F78       ceflib.TCefDictionaryValueRef.SetBool
 0001:00062FBC       ceflib.TCefDictionaryValueRef.SetDictionary
 0001:00063084       ceflib.TCefDictionaryValueRef.SetDouble
 0001:000630C4       ceflib.TCefDictionaryValueRef.SetInt
 0001:00063104       ceflib.TCefDictionaryValueRef.SetList
 0001:000631CC       ceflib.TCefDictionaryValueRef.SetNull
 0001:00063204       ceflib.TCefDictionaryValueRef.SetString
 0001:00063250       ceflib.TCefDictionaryValueRef.UnWrap
 0001:0005F808       ceflib.TCefDisplayHandlerOwn.Create
 0001:0005F8B0       ceflib.TCefDisplayHandlerOwn.OnAddressChange
 0001:0005F8C8       ceflib.TCefDisplayHandlerOwn.OnConsoleMessage
 0001:0005F898       ceflib.TCefDisplayHandlerOwn.OnLoadingStateChange
 0001:0005F8E4       ceflib.TCefDisplayHandlerOwn.OnStatusMessage
 0001:0005F8F8       ceflib.TCefDisplayHandlerOwn.OnTitleChange
 0001:0005F90C       ceflib.TCefDisplayHandlerOwn.OnTooltip
 0001:0005E184       ceflib.TCefDomDocumentRef.GetBaseUrl
 0001:0005E1AC       ceflib.TCefDomDocumentRef.GetBody
 0001:0005E1DC       ceflib.TCefDomDocumentRef.GetCompleteUrl
 0001:0005E218       ceflib.TCefDomDocumentRef.GetDocument
 0001:0005E248       ceflib.TCefDomDocumentRef.GetElementById
 0001:0005E28C       ceflib.TCefDomDocumentRef.GetFocusedNode
 0001:0005E2BC       ceflib.TCefDomDocumentRef.GetHead
 0001:0005E2EC       ceflib.TCefDomDocumentRef.GetSelectionAsMarkup
 0001:0005E314       ceflib.TCefDomDocumentRef.GetSelectionAsText
 0001:0005E33C       ceflib.TCefDomDocumentRef.GetSelectionEndNode
 0001:0005E36C       ceflib.TCefDomDocumentRef.GetSelectionEndOffset
 0001:0005E390       ceflib.TCefDomDocumentRef.GetSelectionStartNode
 0001:0005E3C0       ceflib.TCefDomDocumentRef.GetSelectionStartOffset
 0001:0005E3E4       ceflib.TCefDomDocumentRef.GetTitle
 0001:0005E40C       ceflib.TCefDomDocumentRef.GetType
 0001:0005E430       ceflib.TCefDomDocumentRef.HasSelection
 0001:0005E458       ceflib.TCefDomDocumentRef.UnWrap
 0001:0005EB54       ceflib.TCefDomEventListenerOwn.Create
 0001:0005EBB0       ceflib.TCefDomEventListenerOwn.HandleEvent
 0001:0005EBC0       ceflib.TCefDomEventRef.CanBubble
 0001:0005EBE8       ceflib.TCefDomEventRef.CanCancel
 0001:0005EC10       ceflib.TCefDomEventRef.GetCategory
 0001:0005EC34       ceflib.TCefDomEventRef.GetCurrentTarget
 0001:0005EC64       ceflib.TCefDomEventRef.GetDocument
 0001:0005EC94       ceflib.TCefDomEventRef.GetPhase
 0001:0005ECB8       ceflib.TCefDomEventRef.GetTarget
 0001:0005ECE8       ceflib.TCefDomEventRef.GetType
 0001:0005ED10       ceflib.TCefDomEventRef.UnWrap
 0001:0005E4AC       ceflib.TCefDomNodeRef.AddEventListener
 0001:0005E574       ceflib.TCefDomNodeRef.AddEventListenerProc
 0001:0005E604       ceflib.TCefDomNodeRef.GetAsMarkup
 0001:0005E62C       ceflib.TCefDomNodeRef.GetDocument
 0001:0005E65C       ceflib.TCefDomNodeRef.GetElementAttribute
 0001:0005E698       ceflib.TCefDomNodeRef.GetElementAttributes
 0001:0005E6C4       ceflib.TCefDomNodeRef.GetElementInnerText
 0001:0005E6EC       ceflib.TCefDomNodeRef.GetElementTagName
 0001:0005E714       ceflib.TCefDomNodeRef.GetFirstChild
 0001:0005E744       ceflib.TCefDomNodeRef.GetFormControlElementType
 0001:0005E76C       ceflib.TCefDomNodeRef.GetLastChild
 0001:0005E79C       ceflib.TCefDomNodeRef.GetName
 0001:0005E7C4       ceflib.TCefDomNodeRef.GetNextSibling
 0001:0005E7F4       ceflib.TCefDomNodeRef.GetParent
 0001:0005E824       ceflib.TCefDomNodeRef.GetPreviousSibling
 0001:0005E854       ceflib.TCefDomNodeRef.GetType
 0001:0005E878       ceflib.TCefDomNodeRef.GetValue
 0001:0005E8A0       ceflib.TCefDomNodeRef.HasChildren
 0001:0005E8C8       ceflib.TCefDomNodeRef.HasElementAttribute
 0001:0005E900       ceflib.TCefDomNodeRef.HasElementAttributes
 0001:0005E928       ceflib.TCefDomNodeRef.IsEditable
 0001:0005E950       ceflib.TCefDomNodeRef.IsElement
 0001:0005E978       ceflib.TCefDomNodeRef.IsFormControlElement
 0001:0005E9A0       ceflib.TCefDomNodeRef.IsSame
 0001:0005EA54       ceflib.TCefDomNodeRef.IsText
 0001:0005EA7C       ceflib.TCefDomNodeRef.SetElementAttribute
 0001:0005EAC8       ceflib.TCefDomNodeRef.SetValue
 0001:0005EB00       ceflib.TCefDomNodeRef.UnWrap
 0001:0005E0A4       ceflib.TCefDomVisitorOwn.Create
 0001:0005E100       ceflib.TCefDomVisitorOwn.visit
 0001:0005DCC0       ceflib.TCefDownloadHandlerOwn.Create
 0001:0005DD28       ceflib.TCefDownloadHandlerOwn.OnBeforeDownload
 0001:0005DD40       ceflib.TCefDownloadHandlerOwn.OnDownloadUpdated
 0001:00060AE8       ceflib.TCefDownloadItemCallbackRef.cancel
 0001:00060B04       ceflib.TCefDownloadItemCallbackRef.UnWrap
 0001:00060774       ceflib.TCefDownLoadItemRef.GetContentDisposition
 0001:0006079C       ceflib.TCefDownLoadItemRef.GetCurrentSpeed
 0001:000607C8       ceflib.TCefDownLoadItemRef.GetEndTime
 0001:000607F8       ceflib.TCefDownLoadItemRef.GetFullPath
 0001:00060820       ceflib.TCefDownLoadItemRef.GetId
 0001:00060844       ceflib.TCefDownLoadItemRef.GetMimeType
 0001:0006086C       ceflib.TCefDownLoadItemRef.GetPercentComplete
 0001:00060890       ceflib.TCefDownLoadItemRef.GetReceivedBytes
 0001:000608BC       ceflib.TCefDownLoadItemRef.GetStartTime
 0001:000608EC       ceflib.TCefDownLoadItemRef.GetSuggestedFileName
 0001:00060914       ceflib.TCefDownLoadItemRef.GetTotalBytes
 0001:00060940       ceflib.TCefDownLoadItemRef.GetUrl
 0001:00060968       ceflib.TCefDownLoadItemRef.IsCanceled
 0001:00060990       ceflib.TCefDownLoadItemRef.IsComplete
 0001:000609B8       ceflib.TCefDownLoadItemRef.IsInProgress
 0001:000609E0       ceflib.TCefDownLoadItemRef.IsValid
 0001:00060A08       ceflib.TCefDownLoadItemRef.UnWrap
 0001:00064244       ceflib.TCefDragDataRef.GetFileName
 0001:0006426C       ceflib.TCefDragDataRef.GetFileNames
 0001:0006435C       ceflib.TCefDragDataRef.GetFragmentBaseUrl
 0001:00064384       ceflib.TCefDragDataRef.GetFragmentHtml
 0001:000643AC       ceflib.TCefDragDataRef.GetFragmentText
 0001:000643D4       ceflib.TCefDragDataRef.GetLinkMetadata
 0001:000643FC       ceflib.TCefDragDataRef.GetLinkTitle
 0001:00064424       ceflib.TCefDragDataRef.GetLinkUrl
 0001:0006444C       ceflib.TCefDragDataRef.IsFile
 0001:00064474       ceflib.TCefDragDataRef.IsFragment
 0001:0006449C       ceflib.TCefDragDataRef.IsLink
 0001:000644C4       ceflib.TCefDragDataRef.UnWrap
 0001:00064518       ceflib.TCefDragHandlerOwn.Create
 0001:00064574       ceflib.TCefDragHandlerOwn.OnDragEnter
 0001:0005ED64       ceflib.TCefFastDomEventListener.Create
 0001:0005EDB8       ceflib.TCefFastDomEventListener.HandleEvent
 0001:0005E110       ceflib.TCefFastDomVisitor.Create
 0001:0005E164       ceflib.TCefFastDomVisitor.visit
 0001:00063AC4       ceflib.TCefFastRunFileDialogCallback.Cont
 0001:00063AEC       ceflib.TCefFastRunFileDialogCallback.Create
 0001:00060700       ceflib.TCefFastStringVisitor.Create
 0001:00060754       ceflib.TCefFastStringVisitor.Visit
 0001:0005F0B8       ceflib.TCefFastV8Accessor.Create
 0001:0005F110       ceflib.TCefFastV8Accessor.Get
 0001:0005F168       ceflib.TCefFastV8Accessor.Put
 0001:00063E90       ceflib.TCefFileDialogCallbackRef.Cancel
 0001:00063EAC       ceflib.TCefFileDialogCallbackRef.Cont
 0001:00063F84       ceflib.TCefFileDialogCallbackRef.UnWrap
 0001:0005F928       ceflib.TCefFocusHandlerOwn.Create
 0001:0005F9B4       ceflib.TCefFocusHandlerOwn.OnGotFocus
 0001:0005F998       ceflib.TCefFocusHandlerOwn.OnSetFocus
 0001:0005F9C4       ceflib.TCefFocusHandlerOwn.OnTakeFocus
 0001:0005B834       ceflib.TCefFrameRef.Copy
 0001:0005B850       ceflib.TCefFrameRef.Cut
 0001:0005B86C       ceflib.TCefFrameRef.Del
 0001:0005B888       ceflib.TCefFrameRef.ExecuteJavaScript
 0001:0005B8D0       ceflib.TCefFrameRef.GetBrowser
 0001:0005B900       ceflib.TCefFrameRef.GetIdentifier
 0001:0005B92C       ceflib.TCefFrameRef.GetName
 0001:0005B954       ceflib.TCefFrameRef.GetParent
 0001:0005B984       ceflib.TCefFrameRef.GetSource
 0001:0005BA30       ceflib.TCefFrameRef.GetSourceProc
 0001:0005BA60       ceflib.TCefFrameRef.GetText
 0001:0005BB0C       ceflib.TCefFrameRef.GetTextProc
 0001:0005BB3C       ceflib.TCefFrameRef.GetUrl
 0001:0005BB64       ceflib.TCefFrameRef.GetV8Context
 0001:0005BB94       ceflib.TCefFrameRef.IsFocused
 0001:0005BBBC       ceflib.TCefFrameRef.IsMain
 0001:0005B80C       ceflib.TCefFrameRef.IsValid
 0001:0005BBE4       ceflib.TCefFrameRef.LoadRequest
 0001:0005BC90       ceflib.TCefFrameRef.LoadString
 0001:0005BCD4       ceflib.TCefFrameRef.LoadUrl
 0001:0005BD04       ceflib.TCefFrameRef.Paste
 0001:0005BD20       ceflib.TCefFrameRef.Redo
 0001:0005BD3C       ceflib.TCefFrameRef.SelectAll
 0001:0005BD58       ceflib.TCefFrameRef.Undo
 0001:0005BEBC       ceflib.TCefFrameRef.UnWrap
 0001:0005BD74       ceflib.TCefFrameRef.ViewSource
 0001:0005BD90       ceflib.TCefFrameRef.VisitDom
 0001:0005BE3C       ceflib.TCefFrameRef.VisitDomProc
 0001:00061398       ceflib.TCefGeolocationCallbackRef.Cont
 0001:000613C0       ceflib.TCefGeolocationCallbackRef.UnWrap
 0001:0005F3E4       ceflib.TCefGeolocationHandlerOwn.Create
 0001:0005F464       ceflib.TCefGeolocationHandlerOwn.OnCancelGeolocationPermission
 0001:0005F44C       ceflib.TCefGeolocationHandlerOwn.OnRequestGeolocationPermission
 0001:00060C0C       ceflib.TCefJsDialogCallbackRef.Cont
 0001:00060C44       ceflib.TCefJsDialogCallbackRef.UnWrap
 0001:0005FA78       ceflib.TCefJsDialogHandlerOwn.Create
 0001:0005FB44       ceflib.TCefJsDialogHandlerOwn.OnBeforeUnloadDialog
 0001:0005FB60       ceflib.TCefJsDialogHandlerOwn.OnDialogClosed
 0001:0005FAF4       ceflib.TCefJsDialogHandlerOwn.OnJsdialog
 0001:0005FB70       ceflib.TCefJsDialogHandlerOwn.OnResetDialogState
 0001:0005F9D8       ceflib.TCefKeyboardHandlerOwn.Create
 0001:0005FA5C       ceflib.TCefKeyboardHandlerOwn.OnKeyEvent
 0001:0005FA40       ceflib.TCefKeyboardHandlerOwn.OnPreKeyEvent
 0001:0005F47C       ceflib.TCefLifeSpanHandlerOwn.Create
 0001:0005F540       ceflib.TCefLifeSpanHandlerOwn.DoClose
 0001:0005F504       ceflib.TCefLifeSpanHandlerOwn.OnAfterCreated
 0001:0005F514       ceflib.TCefLifeSpanHandlerOwn.OnBeforeClose
 0001:0005F524       ceflib.TCefLifeSpanHandlerOwn.OnBeforePopup
 0001:0005F558       ceflib.TCefLifeSpanHandlerOwn.RunModal
 0001:00062204       ceflib.TCefListValueRef.Clear
 0001:0006222C       ceflib.TCefListValueRef.Copy
 0001:000622B0       ceflib.TCefListValueRef.GetBinary
 0001:000622E8       ceflib.TCefListValueRef.GetBool
 0001:00062318       ceflib.TCefListValueRef.GetDictionary
 0001:00062350       ceflib.TCefListValueRef.GetDouble
 0001:0006237C       ceflib.TCefListValueRef.GetInt
 0001:000623A8       ceflib.TCefListValueRef.GetList
 0001:000623E0       ceflib.TCefListValueRef.GetSize
 0001:00062404       ceflib.TCefListValueRef.GetString
 0001:00062434       ceflib.TCefListValueRef.GetType
 0001:00062460       ceflib.TCefListValueRef.IsOwned
 0001:00062488       ceflib.TCefListValueRef.IsReadOnly
 0001:000624B0       ceflib.TCefListValueRef.IsValid
 0001:0006225C       ceflib.TCefListValueRef.New
 0001:000624D8       ceflib.TCefListValueRef.Remove
 0001:00062508       ceflib.TCefListValueRef.SetBinary
 0001:000625C4       ceflib.TCefListValueRef.SetBool
 0001:000625FC       ceflib.TCefListValueRef.SetDictionary
 0001:000626B8       ceflib.TCefListValueRef.SetDouble
 0001:000626F0       ceflib.TCefListValueRef.SetInt
 0001:00062724       ceflib.TCefListValueRef.SetList
 0001:000627E0       ceflib.TCefListValueRef.SetNull
 0001:00062810       ceflib.TCefListValueRef.SetSize
 0001:00062840       ceflib.TCefListValueRef.SetString
 0001:00062880       ceflib.TCefListValueRef.UnWrap
 0001:0005F570       ceflib.TCefLoadHandlerOwn.Create
 0001:0005F5F4       ceflib.TCefLoadHandlerOwn.OnLoadEnd
 0001:0005F634       ceflib.TCefLoadHandlerOwn.OnLoadError
 0001:0005F64C       ceflib.TCefLoadHandlerOwn.OnLoadStart
 0001:0005F620       ceflib.TCefLoadHandlerOwn.OnPluginCrashed
 0001:0005F60C       ceflib.TCefLoadHandlerOwn.OnRenderProcessTerminated
 0001:000616D4       ceflib.TCefMenuModelRef.AddCheckItem
 0001:00061714       ceflib.TCefMenuModelRef.AddItem
 0001:00061754       ceflib.TCefMenuModelRef.AddRadioItem
 0001:0006179C       ceflib.TCefMenuModelRef.AddSeparator
 0001:000617C4       ceflib.TCefMenuModelRef.AddSubMenu
 0001:0006180C       ceflib.TCefMenuModelRef.Clear
 0001:00061834       ceflib.TCefMenuModelRef.GetAccelerator
 0001:00061898       ceflib.TCefMenuModelRef.GetAcceleratorAt
 0001:000618FC       ceflib.TCefMenuModelRef.GetCommandIdAt
 0001:00061928       ceflib.TCefMenuModelRef.GetCount
 0001:0006194C       ceflib.TCefMenuModelRef.GetGroupId
 0001:00061978       ceflib.TCefMenuModelRef.GetGroupIdAt
 0001:000619A4       ceflib.TCefMenuModelRef.GetIndexOf
 0001:000619D0       ceflib.TCefMenuModelRef.GetLabel
 0001:00061A00       ceflib.TCefMenuModelRef.GetLabelAt
 0001:00061A30       ceflib.TCefMenuModelRef.GetSubMenu
 0001:00061A68       ceflib.TCefMenuModelRef.GetSubMenuAt
 0001:00061AA4       ceflib.TCefMenuModelRef.GetType
 0001:00061AD0       ceflib.TCefMenuModelRef.GetTypeAt
 0001:00061AFC       ceflib.TCefMenuModelRef.HasAccelerator
 0001:00061B2C       ceflib.TCefMenuModelRef.HasAcceleratorAt
 0001:00061B5C       ceflib.TCefMenuModelRef.InsertCheckItemAt
 0001:00061BA4       ceflib.TCefMenuModelRef.InsertItemAt
 0001:00061BEC       ceflib.TCefMenuModelRef.InsertRadioItemAt
 0001:00061C38       ceflib.TCefMenuModelRef.InsertSeparatorAt
 0001:00061C68       ceflib.TCefMenuModelRef.InsertSubMenuAt
 0001:00061CB4       ceflib.TCefMenuModelRef.IsChecked
 0001:00061CE4       ceflib.TCefMenuModelRef.IsCheckedAt
 0001:00061D14       ceflib.TCefMenuModelRef.IsEnabled
 0001:00061D44       ceflib.TCefMenuModelRef.IsEnabledAt
 0001:00061D74       ceflib.TCefMenuModelRef.IsVisible
 0001:00061DA4       ceflib.TCefMenuModelRef.isVisibleAt
 0001:00061DD4       ceflib.TCefMenuModelRef.Remove
 0001:00061E04       ceflib.TCefMenuModelRef.RemoveAccelerator
 0001:00061E34       ceflib.TCefMenuModelRef.RemoveAcceleratorAt
 0001:00061E64       ceflib.TCefMenuModelRef.RemoveAt
 0001:00061E94       ceflib.TCefMenuModelRef.SetAccelerator
 0001:00061EE0       ceflib.TCefMenuModelRef.SetAcceleratorAt
 0001:00061F2C       ceflib.TCefMenuModelRef.setChecked
 0001:00061F68       ceflib.TCefMenuModelRef.setCheckedAt
 0001:00061FA4       ceflib.TCefMenuModelRef.SetCommandIdAt
 0001:00061FD8       ceflib.TCefMenuModelRef.SetEnabled
 0001:00062014       ceflib.TCefMenuModelRef.SetEnabledAt
 0001:00062050       ceflib.TCefMenuModelRef.SetGroupId
 0001:00062084       ceflib.TCefMenuModelRef.SetGroupIdAt
 0001:000620B8       ceflib.TCefMenuModelRef.SetLabel
 0001:000620F8       ceflib.TCefMenuModelRef.SetLabelAt
 0001:00062138       ceflib.TCefMenuModelRef.SetVisible
 0001:00062174       ceflib.TCefMenuModelRef.SetVisibleAt
 0001:000621B0       ceflib.TCefMenuModelRef.UnWrap
 0001:0005C27C       ceflib.TCefPostDataElementRef.GetBytes
 0001:0005C2B0       ceflib.TCefPostDataElementRef.GetBytesCount
 0001:0005C2D4       ceflib.TCefPostDataElementRef.GetFile
 0001:0005C2FC       ceflib.TCefPostDataElementRef.GetType
 0001:0005C254       ceflib.TCefPostDataElementRef.IsReadOnly
 0001:0005C320       ceflib.TCefPostDataElementRef.New
 0001:0005C344       ceflib.TCefPostDataElementRef.SetToBytes
 0001:0005C370       ceflib.TCefPostDataElementRef.SetToEmpty
 0001:0005C38C       ceflib.TCefPostDataElementRef.SetToFile
 0001:0005C3BC       ceflib.TCefPostDataElementRef.UnWrap
 0001:0005BF38       ceflib.TCefPostDataRef.AddElement
 0001:0005BFE8       ceflib.TCefPostDataRef.GetCount
 0001:0005C00C       ceflib.TCefPostDataRef.GetElements
 0001:0005BF10       ceflib.TCefPostDataRef.IsReadOnly
 0001:0005C110       ceflib.TCefPostDataRef.New
 0001:0005C134       ceflib.TCefPostDataRef.RemoveElement
 0001:0005C1E4       ceflib.TCefPostDataRef.RemoveElements
 0001:0005C200       ceflib.TCefPostDataRef.UnWrap
 0001:00060530       ceflib.TCefProcessMessageRef.Copy
 0001:00060560       ceflib.TCefProcessMessageRef.GetArgumentList
 0001:00060590       ceflib.TCefProcessMessageRef.GetName
 0001:000605B8       ceflib.TCefProcessMessageRef.IsReadOnly
 0001:000605E0       ceflib.TCefProcessMessageRef.IsValid
 0001:00060608       ceflib.TCefProcessMessageRef.New
 0001:00060640       ceflib.TCefProcessMessageRef.UnWrap
 0001:0006372C       ceflib.TCefQuotaCallbackRef.Cancel
 0001:00063748       ceflib.TCefQuotaCallbackRef.Cont
 0001:00063770       ceflib.TCefQuotaCallbackRef.UnWrap
 0001:00064050       ceflib.TCefRenderHandlerOwn.Create
 0001:000640F4       ceflib.TCefRenderHandlerOwn.GetRootScreenRect
 0001:00064110       ceflib.TCefRenderHandlerOwn.GetScreenInfo
 0001:0006412C       ceflib.TCefRenderHandlerOwn.GetScreenPoint
 0001:00064148       ceflib.TCefRenderHandlerOwn.GetViewRect
 0001:00064164       ceflib.TCefRenderHandlerOwn.OnCursorChange
 0001:00064178       ceflib.TCefRenderHandlerOwn.OnPaint
 0001:00064190       ceflib.TCefRenderHandlerOwn.OnPopupShow
 0001:000641A4       ceflib.TCefRenderHandlerOwn.OnPopupSize
 0001:000641B8       ceflib.TCefRenderHandlerOwn.OnScrollOffsetChanged
 0001:00063340       ceflib.TCefRenderProcessHandlerOwn.Create
 0001:000633F8       ceflib.TCefRenderProcessHandlerOwn.OnBeforeNavigation
 0001:00063414       ceflib.TCefRenderProcessHandlerOwn.OnBrowserCreated
 0001:00063424       ceflib.TCefRenderProcessHandlerOwn.OnBrowserDestroyed
 0001:00063434       ceflib.TCefRenderProcessHandlerOwn.OnContextCreated
 0001:0006344C       ceflib.TCefRenderProcessHandlerOwn.OnContextReleased
 0001:00063464       ceflib.TCefRenderProcessHandlerOwn.OnFocusedNodeChanged
 0001:0006347C       ceflib.TCefRenderProcessHandlerOwn.OnProcessMessageReceived
 0001:00063498       ceflib.TCefRenderProcessHandlerOwn.OnRenderThreadCreated
 0001:000634A8       ceflib.TCefRenderProcessHandlerOwn.OnUncaughtException
 0001:000634C0       ceflib.TCefRenderProcessHandlerOwn.OnWebKitInitialized
 0001:0005F660       ceflib.TCefRequestHandlerOwn.Create
 0001:0005F70C       ceflib.TCefRequestHandlerOwn.GetAuthCredentials
 0001:0005F728       ceflib.TCefRequestHandlerOwn.GetCookieManager
 0001:0005F79C       ceflib.TCefRequestHandlerOwn.GetResourceHandler
[...]
   886 0001:000DE41F   890 0001:000DE428   891 0001:000DE438   892 0001:000DE445
   893 0001:000DE462   896 0001:000DE46C   897 0001:000DE479   898 0001:000DE486
   899 0001:000DE49B   902 0001:000DE4A0   903 0001:000DE4AD   904 0001:000DE4BA
   905 0001:000DE4CF   910 0001:000DE4D4   911 0001:000DE4E4   912 0001:000DE4F1
   913 0001:000DE512   918 0001:000DE51C   919 0001:000DE52C   920 0001:000DE539
   921 0001:000DE55A   925 0001:000DE564   926 0001:000DE574   927 0001:000DE578
   928 0001:000DE585   929 0001:000DE5AA   936 0001:000DE5B4   937 0001:000DE5C4
   938 0001:000DE5C8   939 0001:000DE5D5   941 0001:000DE60E   945 0001:000DE618
   946 0001:000DE628   947 0001:000DE62C   948 0001:000DE639   949 0001:000DE65A
   954 0001:000DE664   955 0001:000DE674   956 0001:000DE678   957 0001:000DE685
   958 0001:000DE6AA   962 0001:000DE6B4   963 0001:000DE6C4   964 0001:000DE6D1
   965 0001:000DE6EE   969 0001:000DE6F8   970 0001:000DE708   971 0001:000DE70C
   972 0001:000DE719   973 0001:000DE73E   978 0001:000DE748   979 0001:000DE758
   980 0001:000DE75C   981 0001:000DE769   982 0001:000DE793   986 0001:000DE7A0
   987 0001:000DE7B0   988 0001:000DE7BD   989 0001:000DE7D6   993 0001:000DE7DC
   995 0001:000DE7EB   998 0001:000DE7F0   999 0001:000DE7FD  1000 0001:000DE80A
  1001 0001:000DE81F  1006 0001:000DE824  1007 0001:000DE834  1008 0001:000DE841
  1009 0001:000DE85E  1013 0001:000DE868  1014 0001:000DE878  1015 0001:000DE87C
  1016 0001:000DE889  1017 0001:000DE8AA  1022 0001:000DE8B4  1023 0001:000DE8C4
  1024 0001:000DE8C8  1025 0001:000DE8D5  1027 0001:000DE902  1032 0001:000DE90C
  1033 0001:000DE91C  1034 0001:000DE920  1035 0001:000DE92D  1037 0001:000DE962
  1041 0001:000DE96C  1042 0001:000DE97C  1043 0001:000DE989  1044 0001:000DE9AD
  1045 0001:000DE9B5  1049 0001:000DE9BC  1050 0001:000DE9CC  1051 0001:000DE9D9
  1052 0001:000DEA01  1053 0001:000DEA09  1057 0001:000DEA10  1058 0001:000DEA1F
  1059 0001:000DEA23  1063 0001:000DEA2C  1064 0001:000DEA3B  1065 0001:000DEA3F
  1069 0001:000DEA48  1070 0001:000DEA57  1071 0001:000DEA5B  1075 0001:000DEA64
  1076 0001:000DEA73  1077 0001:000DEA77  1080 0001:000DEA80  1081 0001:000DEA8D
  1082 0001:000DEA9A  1083 0001:000DEAAF  1089 0001:000DEAB4  1090 0001:000DEADA
  1091 0001:000DEADE  1092 0001:000DEAEB  1094 0001:000DEB20  1098 0001:000DEB48
  1099 0001:000DEB58  1100 0001:000DEB5C  1101 0001:000DEB69  1102 0001:000DEB8A
  1106 0001:000DEB94  1107 0001:000DEBA4  1108 0001:000DEBB1  1109 0001:000DEBCE
  1114 0001:000DEBD8  1115 0001:000DEBE8  1116 0001:000DEBF5  1117 0001:000DEC1A
  1121 0001:000DEC24  1122 0001:000DEC34  1123 0001:000DEC41  1124 0001:000DEC62
  1128 0001:000DEC6C  1129 0001:000DEC7C  1130 0001:000DEC89  1131 0001:000DECA2
  1136 0001:000DECA8  1138 0001:000DECB7  1142 0001:000DECC0  1143 0001:000DECD0
  1144 0001:000DECDD  1145 0001:000DECF6  1149 0001:000DECFC  1151 0001:000DED0B
  1155 0001:000DED10  1157 0001:000DED1F  1162 0001:000DED24  1163 0001:000DED34
  1164 0001:000DED38  1165 0001:000DED45  1166 0001:000DED6A  1170 0001:000DED74
  1171 0001:000DED84  1172 0001:000DED88  1173 0001:000DED95  1174 0001:000DEDB6
  1178 0001:000DEDC0  1179 0001:000DEDD0  1180 0001:000DEDDD  1181 0001:000DEDFA
  1186 0001:000DEE04  1187 0001:000DEE14  1188 0001:000DEE18  1189 0001:000DEE25
  1190 0001:000DEE4C  1194 0001:000DEE58  1195 0001:000DEE68  1196 0001:000DEE75
  1197 0001:000DEE8E  1202 0001:000DEE94  1203 0001:000DEEA4  1204 0001:000DEEB1
  1205 0001:000DEED2  1208 0001:000DEEDC  1209 0001:000DEEE9  1210 0001:000DEEF6
  1211 0001:000DEF0B  1215 0001:000DEF10  1216 0001:000DEF20  1217 0001:000DEF2D
  1218 0001:000DEF4E  1221 0001:000DEF58  1223 0001:000DEF64  1227 0001:000DEF68
  1228 0001:000DEF78  1229 0001:000DEF7C  1230 0001:000DEF89  1231 0001:000DEFA6
  1235 0001:000DEFB0  1236 0001:000DEFC0  1237 0001:000DEFCD  1238 0001:000DEFE6
  1242 0001:000DEFEC  1243 0001:000DEFFC  1244 0001:000DF009  1245 0001:000DF022
  1249 0001:000DF028  1250 0001:000DF038  1251 0001:000DF045  1252 0001:000DF05E
  1256 0001:000DF064  1257 0001:000DF074  1258 0001:000DF078  1259 0001:000DF085
  1260 0001:000DF0A2  1263 0001:000DF0AC  1264 0001:000DF0B9  1265 0001:000DF0BD
  1266 0001:000DF0CA  1267 0001:000DF0E3  1799 0001:000DF0EB

Line numbers for uCommon(uCommon.pas) segment .text

    18 0001:000E2870    19 0001:000E28B8    20 0001:000E28BF    22 0001:000E28D3
    24 0001:000E28E8    25 0001:000E28EE    27 0001:000E28F0    20 0001:000E28F3
    28 0001:000E28F8    35 0001:000E2934    36 0001:000E2943    37 0001:000E295F
    38 0001:000E2968    39 0001:000E2994    40 0001:000E29AA    41 0001:000E29C5
    43 0001:000E29E2    45 0001:000E29E8    49 0001:000E2A2F    51 0001:000E2A50
    52 0001:000E2A5E    59 0001:000E2B05    61 0001:000E2B0F    63 0001:000E2B6B

Line numbers for uConst(uConst.pas) segment .text

    18 0001:000E2B98    19 0001:000E2BBA    20 0001:000E2BDA

Line numbers for uConst(uConst.pas) segment .itext

    22 0002:00000CE8

Line numbers for uWDAppCef(uWDAppCef.pas) segment .text

    80 0001:000E2EC0    81 0001:000E2EE4    82 0001:000E2F02    87 0001:000E2F30
    88 0001:000E2F71    89 0001:000E2F7A    90 0001:000E2F8B    92 0001:000E2FA9
    90 0001:000E2FB6    94 0001:000E2FC1   102 0001:000E2FF8   103 0001:000E303B
   104 0001:000E304B   105 0001:000E3056   107 0001:000E3060   109 0001:000E3077
   111 0001:000E3089   113 0001:000E30BA   115 0001:000E30CC   117 0001:000E30F9
   119 0001:000E310B   121 0001:000E3135   124 0001:000E3159   126 0001:000E3186
   130 0001:000E3196   107 0001:000E3199   132 0001:000E31A2   133 0001:000E31B0
   183 0001:000E3218   184 0001:000E3230   185 0001:000E323A   190 0001:000E325C
   192 0001:000E326B   197 0001:000E3274   199 0001:000E3283   210 0001:000E328C
   211 0001:000E32B4   212 0001:000E32E0   213 0001:000E32FB   214 0001:000E3328
   215 0001:000E3354   218 0001:000E336E   219 0001:000E337B   220 0001:000E3389
   221 0001:000E3394   222 0001:000E33A3   224 0001:000E33BD   225 0001:000E33DD
   222 0001:000E33E0   226 0001:000E33E5   228 0001:000E3401   233 0001:000E3444
   235 0001:000E3453   240 0001:000E345C   242 0001:000E3463   246 0001:000E3468
   248 0001:000E346F   251 0001:000E3474   252 0001:000E3480   255 0001:000E3484
   258 0001:000E3490   263 0001:000E3494   264 0001:000E34A9   265 0001:000E34C0

Line numbers for uWDAppCef(uWDAppCef.pas) segment .itext

   260 0002:00000CF0   262 0002:00000CFA

Line numbers for uHashes(uHashes.pas) segment .text

   547 0001:000E3728   548 0001:000E3734   550 0001:000E3740   551 0001:000E3745
   553 0001:000E374A   554 0001:000E3750   555 0001:000E3759   557 0001:000E375D
   559 0001:000E3763   560 0001:000E376C   561 0001:000E377E   562 0001:000E378A
   563 0001:000E3793   564 0001:000E379C   557 0001:000E379F   567 0001:000E37A5
   569 0001:000E37AB   570 0001:000E37B4   571 0001:000E37BD   572 0001:000E37CC
   574 0001:000E37D7   576 0001:000E37DD   577 0001:000E37E6   578 0001:000E37EF
   580 0001:000E37FA   582 0001:000E3800   583 0001:000E3809   584 0001:000E3812
   587 0001:000E381A   588 0001:000E3823   589 0001:000E382C   590 0001:000E3835
   591 0001:000E383E   592 0001:000E3847   593 0001:000E3850   597 0001:000E3858
   598 0001:000E3877   599 0001:000E3894   602 0001:000E389B   603 0001:000E38A6
   605 0001:000E38D8   610 0001:000E38FC   611 0001:000E3917   612 0001:000E3921
   613 0001:000E392B   614 0001:000E3933   615 0001:000E393D   616 0001:000E3945
   617 0001:000E394D   618 0001:000E3954   619 0001:000E395B   620 0001:000E3964
   623 0001:000E3984   624 0001:000E3995   625 0001:000E39A3   630 0001:000E39B8
   631 0001:000E39C7   633 0001:000E39CB   634 0001:000E39D2   636 0001:000E39EC
   637 0001:000E3A05   638 0001:000E3A13   640 0001:000E3A2C   642 0001:000E3A31
   643 0001:000E3A57   645 0001:000E3A6E   647 0001:000E3AB1   649 0001:000E3AE5
   651 0001:000E3AE9   652 0001:000E3AF1   687 0001:000E3AFC   689 0001:000E3B0B
   690 0001:000E3B0F   691 0001:000E3B20   693 0001:000E3B2A   695 0001:000E3B38
   696 0001:000E3B5E   697 0001:000E3B78   700 0001:000E3BD0   701 0001:000E3BD4
   702 0001:000E3BDC   703 0001:000E3BDE   695 0001:000E3BE1   704 0001:000E3BEA
   788 0001:000E3BF4   789 0001:000E3BFD   791 0001:000E3C0C   792 0001:000E3C23
   794 0001:000E3C4B   796 0001:000E3C57   802 0001:000E3CC0   808 0001:000E3CE0
   809 0001:000E3CED   810 0001:000E3D0D   811 0001:000E3D2D   812 0001:000E3D44
   811 0001:000E3D51   813 0001:000E3D56   814 0001:000E3D6D   813 0001:000E3D7C
   816 0001:000E3D81   817 0001:000E3D9B   815 0001:000E3DB1   820 0001:000E3DB6
   821 0001:000E3DBB   822 0001:000E3DC6   823 0001:000E3DCE   825 0001:000E3DDC
   824 0001:000E3DDF   826 0001:000E3DF3   827 0001:000E3DFB   828 0001:000E3E05
   829 0001:000E3E0F   830 0001:000E3E1D   833 0001:000E3E2B   822 0001:000E3E2E
   836 0001:000E3E36   838 0001:000E3E43   837 0001:000E3E46   841 0001:000E3E52
   844 0001:000E3E5E   847 0001:000E3E79   848 0001:000E3E8E   849 0001:000E3EAE
   848 0001:000E3EE3   849 0001:000E3EE8   847 0001:000E3EEB   851 0001:000E3EF0
   856 0001:000E3F28   857 0001:000E3F30   858 0001:000E3F39   859 0001:000E3F49
   860 0001:000E3F64   861 0001:000E3F6C   874 0001:000E3F70   875 0001:000E3F77
   876 0001:000E3F8B   877 0001:000E3F9F   878 0001:000E3FB2   881 0001:000E3FB8
   883 0001:000E3FBF   884 0001:000E3FDF  1146 0001:000E3FE4  1147 0001:000E3FF3
  1148 0001:000E4011  1149 0001:000E401F  1151 0001:000E4054  1152 0001:000E4059
  1158 0001:000E4060  1159 0001:000E406C  1160 0001:000E4082  1162 0001:000E40A6
  1163 0001:000E40AB  1166 0001:000E40B4  1167 0001:000E40C4  1168 0001:000E40DC
  1173 0001:000E40E4  1174 0001:000E40F3  1175 0001:000E4109  1176 0001:000E412D
  1179 0001:000E4154  1180 0001:000E415F  1181 0001:000E416F  1182 0001:000E418D
  1184 0001:000E419C  1185 0001:000E41CE  1186 0001:000E41FA  1187 0001:000E4221
  1189 0001:000E4256  1191 0001:000E425D  1194 0001:000E4264  1195 0001:000E426D
  1196 0001:000E427B  1199 0001:000E4284  1200 0001:000E4290  1201 0001:000E42AD
  1206 0001:000E42B4  1207 0001:000E42C0  1208 0001:000E42DA  1209 0001:000E42F8
  1210 0001:000E4306  1212 0001:000E433B  1207 0001:000E4343  1213 0001:000E4348
  1214 0001:000E4363  1219 0001:000E436C  1220 0001:000E4380  1221 0001:000E439A
  1222 0001:000E43B8  1223 0001:000E43C6  1225 0001:000E43FB  1220 0001:000E4403
  1226 0001:000E4408  1227 0001:000E4423  1228 0001:000E4431  1230 0001:000E444D

Line numbers for fMain(fMain.pas) segment .text

   182 0001:000E4F74   183 0001:000E4F8D   185 0001:000E4F9C   187 0001:000E4FAC
   190 0001:000E4FB8   192 0001:000E4FD7   199 0001:000E5000   200 0001:000E5021
   201 0001:000E5030   202 0001:000E503E   203 0001:000E504B   204 0001:000E505C
   205 0001:000E5076   207 0001:000E508A   210 0001:000E509A   212 0001:000E50A8
   213 0001:000E50CC   215 0001:000E50F1   218 0001:000E51D8   219 0001:000E51FB
   220 0001:000E5218   221 0001:000E5232   222 0001:000E524C   224 0001:000E525B
   226 0001:000E5267   227 0001:000E529C   230 0001:000E52A6   233 0001:000E52D0
   234 0001:000E52DC   235 0001:000E52EF   238 0001:000E5348   239 0001:000E5368
   240 0001:000E5396   243 0001:000E53D8   244 0001:000E53F8   245 0001:000E540A
   247 0001:000E5435   252 0001:000E54D0   253 0001:000E54EC   254 0001:000E54F7
   255 0001:000E551E   256 0001:000E5545   257 0001:000E555F   258 0001:000E5585
   262 0001:000E5800   261 0001:000E5818   262 0001:000E585B   263 0001:000E5884
   268 0001:000E58B0   269 0001:000E58CC   270 0001:000E58D7   271 0001:000E58FE
   272 0001:000E5925   273 0001:000E593F   274 0001:000E5965   278 0001:000E5BD4
   277 0001:000E5BEC   278 0001:000E5C2F   279 0001:000E5C58   282 0001:000E5C84
   283 0001:000E5CA6   284 0001:000E5CB8   285 0001:000E5CED   288 0001:000E5D18
   289 0001:000E5D24   290 0001:000E5D37   292 0001:000E5DDC   293 0001:000E5DE8
   294 0001:000E5DFB   297 0001:000E5E4C   298 0001:000E5E6B   299 0001:000E5E7D
   300 0001:000E5EAB   303 0001:000E5ECC   304 0001:000E5ED8   305 0001:000E5EF3
   308 0001:000E5EF8   309 0001:000E5F04   310 0001:000E5F16   311 0001:000E5F2A
   314 0001:000E5F30   315 0001:000E5F3C   316 0001:000E5F4E   317 0001:000E5F74
   318 0001:000E5F84   321 0001:000E5F88   322 0001:000E5F94   323 0001:000E5FA6
   324 0001:000E5FBA   327 0001:000E5FC0   328 0001:000E5FCC   329 0001:000E5FDE
   330 0001:000E6004   331 0001:000E6014   334 0001:000E6018   335 0001:000E6024
   336 0001:000E6036   337 0001:000E6042   338 0001:000E6058   339 0001:000E606C
   342 0001:000E6070   343 0001:000E607C   344 0001:000E6088   345 0001:000E6097
   346 0001:000E60A4   347 0001:000E60BF   351 0001:000E60E4   352 0001:000E60F3
   353 0001:000E612D   360 0001:000E6134   361 0001:000E615A   365 0001:000E6174
   367 0001:000E6187   368 0001:000E6190   369 0001:000E6196   371 0001:000E619C
   374 0001:000E61A5   377 0001:000E61AC   379 0001:000E61B7   388 0001:000E6209
   394 0001:000E6218   401 0001:000E624C   402 0001:000E6272   403 0001:000E6284
   404 0001:000E6296   405 0001:000E62A8   408 0001:000E62BC   410 0001:000E62E9
   412 0001:000E62F8   413 0001:000E6302   414 0001:000E6312   415 0001:000E6322
   418 0001:000E632E   419 0001:000E633F   420 0001:000E634F   421 0001:000E635F
   422 0001:000E6369   424 0001:000E6386   427 0001:000E6392   431 0001:000E639E
   435 0001:000E63A4   439 0001:000E63AA   443 0001:000E63B0   447 0001:000E63BB
   451 0001:000E63F4   452 0001:000E6403   453 0001:000E6426   464 0001:000E642C
   465 0001:000E644F   468 0001:000E648B   471 0001:000E6496   472 0001:000E64A4
   473 0001:000E64AB   474 0001:000E64B2   475 0001:000E64B9   476 0001:000E64C0
   477 0001:000E64C7   478 0001:000E64CE   479 0001:000E64D5   482 0001:000E64E4
   483 0001:000E64F2   485 0001:000E6504   489 0001:000E6519   491 0001:000E6528
   493 0001:000E6539   495 0001:000E6547   496 0001:000E6556   498 0001:000E6566
   516 0001:000E6576   521 0001:000E6598   523 0001:000E65A7   529 0001:000E65B6
   531 0001:000E65BE   536 0001:000E65C4   537 0001:000E65EA   538 0001:000E6617
   545 0001:000E6640   551 0001:000E664F   556 0001:000E6658   557 0001:000E667B
   558 0001:000E6687   559 0001:000E66B7   560 0001:000E66C7   564 0001:000E66FC
   565 0001:000E670B   566 0001:000E671D   567 0001:000E6727   571 0001:000E6730
   572 0001:000E673F   574 0001:000E6751   576 0001:000E675B   581 0001:000E6764
   582 0001:000E6773   584 0001:000E677B   586 0001:000E6784   587 0001:000E678C
   590 0001:000E6792   595 0001:000E6798   597 0001:000E67BB   598 0001:000E67D8
   612 0001:000E67DB   616 0001:000E6800   617 0001:000E680F   618 0001:000E6820
   622 0001:000E6828   623 0001:000E6837   624 0001:000E6848   625 0001:000E6853
   628 0001:000E685C   629 0001:000E6882   631 0001:000E688B   633 0001:000E689D
   634 0001:000E68D2   637 0001:000E68D7   640 0001:000E6904   641 0001:000E6910
   642 0001:000E6918   645 0001:000E691C   647 0001:000E693F   649 0001:000E6949
   650 0001:000E695C   652 0001:000E6971   651 0001:000E697D   655 0001:000E69AF
   657 0001:000E69D0   658 0001:000E69D6   665 0001:000E6A1C   666 0001:000E6A28
   667 0001:000E6A33   669 0001:000E6A43   670 0001:000E6A5B   671 0001:000E6A75
   672 0001:000E6A8D   673 0001:000E6AA7   674 0001:000E6AB3   675 0001:000E6AC2
   676 0001:000E6ACE   677 0001:000E6ADA   678 0001:000E6AE6   679 0001:000E6AF2
   680 0001:000E6AFE   681 0001:000E6B0A   682 0001:000E6B10   683 0001:000E6B1C
   684 0001:000E6B22   685 0001:000E6B2E   686 0001:000E6B34   687 0001:000E6B40
   688 0001:000E6B46   690 0001:000E6B50   693 0001:000E6B54   694 0001:000E6B60
   695 0001:000E6B6B   699 0001:000E6B70   700 0001:000E6B7C   702 0001:000E6B85
   703 0001:000E6B97   704 0001:000E6BA9   705 0001:000E6BB1   706 0001:000E6BB9
   707 0001:000E6BC1   708 0001:000E6BC9   709 0001:000E6BDB   711 0001:000E6BED
   712 0001:000E6BF5   713 0001:000E6C00   718 0001:000E6C04   719 0001:000E6C10
   720 0001:000E6C1E   726 0001:000E6C24   727 0001:000E6C49   728 0001:000E6C53
   732 0001:000E6C5D   734 0001:000E6C7B   735 0001:000E6C99   736 0001:000E6CB7
   741 0001:000E6D24   742 0001:000E6D34   743 0001:000E6D4F   751 0001:000E6D58
   752 0001:000E6D70   753 0001:000E6D7A   771 0001:000E6D9C   783 0001:000E6DC5
   787 0001:000E6DD0   789 0001:000E6DE2   791 0001:000E6E09   794 0001:000E6E19
   798 0001:000E6E23   800 0001:000E6E45   821 0001:000E6E84   822 0001:000E6E8A
   823 0001:000E6E8F   824 0001:000E6E94   825 0001:000E6E99   828 0001:000E6EBD
   829 0001:000E6EEE   833 0001:000E6F24   836 0001:000E6F28   839 0001:000E6F61
   840 0001:000E6F6C   841 0001:000E6F95   842 0001:000E6F99   843 0001:000E6FA4
   844 0001:000E6FAF   847 0001:000E6FF4   848 0001:000E6FF9   849 0001:000E700E
   854 0001:000E7017   857 0001:000E7045   859 0001:000E7052   862 0001:000E7069
   864 0001:000E707E   866 0001:000E7088   870 0001:000E708E   871 0001:000E70A3
   875 0001:000E70A9   876 0001:000E70BE   880 0001:000E70C4   881 0001:000E70EA
   885 0001:000E70F0   886 0001:000E70F7   892 0001:000E70FB   893 0001:000E7101
   894 0001:000E7116   912 0001:000E714C   913 0001:000E717D

Line numbers for fMain(fMain.pas) segment .itext

   897 0002:00000CFC   899 0002:00000D08   901 0002:00000D17   903 0002:00000D24
   905 0002:00000D33   907 0002:00000D46   909 0002:00000D65   911 0002:00000D84

Line numbers for uScheme(uScheme.pas) segment .text

   104 0001:000E7280   105 0001:000E728C   106 0001:000E7297   107 0001:000E729C
   110 0001:000E72A1   111 0001:000E72B3   112 0001:000E72C5   113 0001:000E72CC
   115 0001:000E72CE   116 0001:000E72D7   117 0001:000E72DE   118 0001:000E72E0
   120 0001:000E72E9   121 0001:000E72F0   123 0001:000E72F6   124 0001:000E72F8
   127 0001:000E730A   128 0001:000E7313   129 0001:000E731B   134 0001:000E7324
   135 0001:000E732F   138 0001:000E7331   108 0001:000E7335   141 0001:000E733A
   142 0001:000E7342   148 0001:000E7348   149 0001:000E7363   150 0001:000E737C
   151 0001:000E7384   154 0001:000E73A8   155 0001:000E73B9   156 0001:000E73C2
   157 0001:000E73E2   158 0001:000E73F0   162 0001:000E7404   163 0001:000E741E
   164 0001:000E742C   165 0001:000E743A   166 0001:000E7448   167 0001:000E745A
   194 0001:000E7460   196 0001:000E747D   200 0001:000E748D   201 0001:000E74C3
   205 0001:000E74E8   206 0001:000E750E   207 0001:000E753A   209 0001:000E7558
   211 0001:000E7567   213 0001:000E7576   215 0001:000E7585   217 0001:000E7594
   219 0001:000E75A3   221 0001:000E75B2   223 0001:000E75BF   226 0001:000E76EC
   227 0001:000E773E   228 0001:000E7742   230 0001:000E774B   232 0001:000E776B
   233 0001:000E779B   234 0001:000E77AE   235 0001:000E77B4   237 0001:000E77C3
   239 0001:000E77DA   240 0001:000E77EB   242 0001:000E77FB   244 0001:000E7812
   245 0001:000E781C   247 0001:000E782C   249 0001:000E7850   250 0001:000E7862
   253 0001:000E7875   254 0001:000E787F   256 0001:000E788F   258 0001:000E78A1
   260 0001:000E78CE   261 0001:000E78DE   264 0001:000E78ED   265 0001:000E78F8
   266 0001:000E7900   270 0001:000E7B1C   271 0001:000E7B2C   272 0001:000E7B42
   273 0001:000E7B46   274 0001:000E7B4E

Line numbers for uScheme(uScheme.pas) segment .itext

   276 0002:00000D88

Line numbers for WDApp(WDApp.dpr) segment .text

    13 0001:000E7B94    14 0001:000E7B9B    15 0001:000E7BB2    19 0001:000ED3EC

Line numbers for WDApp(WDApp.dpr) segment .itext

    17 0002:00000D90    18 0002:00000DD6    19 0002:00000DE6    20 0002:00000DFD
    22 0002:00000E0D    25 0002:00000E16    27 0002:00000E2C    28 0002:00000E38
    29 0002:00000E50    30 0002:00000E5C

Bound resource files

d:\program files (x86)\embarcadero\rad studio\8.0\lib\Win32\release\Controls.res
d:\program files (x86)\embarcadero\rad studio\8.0\lib\Win32\release\Buttons.res
d:\program files (x86)\embarcadero\rad studio\8.0\lib\Win32\release\WindowsXP.res
fMain.dfm
WDApp.res
WDApp.drf


Program entry point at 0002:00000D90
